Archive member included to satisfy reference by file (symbol)

../app/libapp.a(ic_version.c.obj)
                              (--whole-archive)
../app/libapp.a(main.cpp.obj)
                              (--whole-archive)
../app/libapp.a(led_pwm.cpp.obj)
                              (--whole-archive)
libzephyr.a(isr_tables.c.obj)
                              (--whole-archive)
libzephyr.a(sw_isr_common.c.obj)
                              (--whole-archive)
libzephyr.a(thread_entry.c.obj)
                              (--whole-archive)
libzephyr.a(work_q.c.obj)     (--whole-archive)
libzephyr.a(fdtable.c.obj)    (--whole-archive)
libzephyr.a(crc32_sw.c.obj)   (--whole-archive)
libzephyr.a(crc16_sw.c.obj)   (--whole-archive)
libzephyr.a(crc8_sw.c.obj)    (--whole-archive)
libzephyr.a(crc7_sw.c.obj)    (--whole-archive)
libzephyr.a(mempool.c.obj)    (--whole-archive)
libzephyr.a(rb.c.obj)         (--whole-archive)
libzephyr.a(printk.c.obj)     (--whole-archive)
libzephyr.a(configs.c.obj)    (--whole-archive)
libzephyr.a(power.c.obj)      (--whole-archive)
libzephyr.a(soc.c.obj)        (--whole-archive)
libzephyr.a(mpu_regions.c.obj)
                              (--whole-archive)
libzephyr.a(system_nrf52.c.obj)
                              (--whole-archive)
libzephyr.a(nrfx_glue.c.obj)  (--whole-archive)
libzephyr.a(sys_log.c.obj)    (--whole-archive)
libzephyr.a(cpp_virtual.c.obj)
                              (--whole-archive)
libzephyr.a(cpp_vtable.cpp.obj)
                              (--whole-archive)
libzephyr.a(cpp_init_array.c.obj)
                              (--whole-archive)
libzephyr.a(cpp_ctors.c.obj)  (--whole-archive)
libzephyr.a(cpp_dtors.c.obj)  (--whole-archive)
libzephyr.a(cpp_new.cpp.obj)  (--whole-archive)
libzephyr.a(rand32_entropy_device.c.obj)
                              (--whole-archive)
libzephyr.a(uart_console.c.obj)
                              (--whole-archive)
libzephyr.a(nrf5_power_clock.c.obj)
                              (--whole-archive)
libzephyr.a(sys_clock_init.c.obj)
                              (--whole-archive)
libzephyr.a(nrf_rtc_timer.c.obj)
                              (--whole-archive)
arch/arm/core/libarch__arm__core.a(exc_exit.S.obj)
                              (--whole-archive)
arch/arm/core/libarch__arm__core.a(irq_init.c.obj)
                              (--whole-archive)
arch/arm/core/libarch__arm__core.a(swap.c.obj)
                              (--whole-archive)
arch/arm/core/libarch__arm__core.a(swap_helper.S.obj)
                              (--whole-archive)
arch/arm/core/libarch__arm__core.a(fault.c.obj)
                              (--whole-archive)
arch/arm/core/libarch__arm__core.a(irq_manage.c.obj)
                              (--whole-archive)
arch/arm/core/libarch__arm__core.a(thread.c.obj)
                              (--whole-archive)
arch/arm/core/libarch__arm__core.a(cpu_idle.S.obj)
                              (--whole-archive)
arch/arm/core/libarch__arm__core.a(fault_s.S.obj)
                              (--whole-archive)
arch/arm/core/libarch__arm__core.a(fatal.c.obj)
                              (--whole-archive)
arch/arm/core/libarch__arm__core.a(sys_fatal_error_handler.c.obj)
                              (--whole-archive)
arch/arm/core/libarch__arm__core.a(thread_abort.c.obj)
                              (--whole-archive)
arch/arm/core/libarch__arm__core.a(isr_wrapper.S.obj)
                              (--whole-archive)
arch/arm/core/libarch__arm__core.a(__aeabi_atexit.c.obj)
                              (--whole-archive)
arch/arm/core/cortex_m/libarch__arm__core__cortex_m.a(vector_table.S.obj)
                              (--whole-archive)
arch/arm/core/cortex_m/libarch__arm__core__cortex_m.a(reset.S.obj)
                              (--whole-archive)
arch/arm/core/cortex_m/libarch__arm__core__cortex_m.a(nmi_on_reset.S.obj)
                              (--whole-archive)
arch/arm/core/cortex_m/libarch__arm__core__cortex_m.a(prep_c.c.obj)
                              (--whole-archive)
arch/arm/core/cortex_m/libarch__arm__core__cortex_m.a(scb.c.obj)
                              (--whole-archive)
arch/arm/core/cortex_m/libarch__arm__core__cortex_m.a(nmi.c.obj)
                              (--whole-archive)
arch/arm/core/cortex_m/libarch__arm__core__cortex_m.a(exc_manage.c.obj)
                              (--whole-archive)
arch/arm/core/cortex_m/mpu/libarch__arm__core__cortex_m__mpu.a(arm_core_mpu.c.obj)
                              (--whole-archive)
arch/arm/core/cortex_m/mpu/libarch__arm__core__cortex_m__mpu.a(arm_mpu.c.obj)
                              (--whole-archive)
lib/libc/minimal/liblib__libc__minimal.a(atoi.c.obj)
                              (--whole-archive)
lib/libc/minimal/liblib__libc__minimal.a(strtol.c.obj)
                              (--whole-archive)
lib/libc/minimal/liblib__libc__minimal.a(strtoul.c.obj)
                              (--whole-archive)
[...]
Memory Configuration

Name             Origin             Length             Attributes
FLASH            0x0000000000000000 0x0000000000080000 xr
SRAM             0x0000000020000000 0x0000000000010000 xw
IDT_LIST         0x0000000020010000 0x0000000000000800 xw
*default*        0x0000000000000000 0xffffffffffffffff

Linker script and memory map

LOAD CMakeFiles/zephyr_prebuilt.dir/misc/empty_file.c.obj
LOAD ../app/libapp.a
LOAD libzephyr.a
LOAD arch/arm/core/libarch__arm__core.a
LOAD arch/arm/core/cortex_m/libarch__arm__core__cortex_m.a
LOAD arch/arm/core/cortex_m/mpu/libarch__arm__core__cortex_m__mpu.a
LOAD lib/libc/minimal/liblib__libc__minimal.a
LOAD subsys/bluetooth/common/libsubsys__bluetooth__common.a
LOAD subsys/bluetooth/host/libsubsys__bluetooth__host.a
LOAD subsys/bluetooth/controller/libsubsys__bluetooth__controller.a
LOAD subsys/net/libsubsys__net.a
LOAD drivers/gpio/libdrivers__gpio.a
LOAD drivers/pwm/libdrivers__pwm.a
LOAD drivers/serial/libdrivers__serial.a
LOAD drivers/entropy/libdrivers__entropy.a
LOAD kernel/libkernel.a
LOAD CMakeFiles/offsets.dir/arch/arm/core/offsets/offsets.c.obj
LOAD /opt/zephyr-sdk/sysroots/armv5-zephyr-eabi/usr/lib/arm-zephyr-eabi/6.2.0/armv7e-m/libgcc.a
                0x0000000000000020                _region_min_align = 0x20

.rel.plt        0x0000000000000000        0x0
 *(.rel.plt)
                [!provide]                        PROVIDE (__rel_iplt_start, .)
 *(.rel.iplt)
 .rel.iplt      0x0000000000000000        0x0 ../app/libapp.a(ic_version.c.obj)
                [!provide]                        PROVIDE (__rel_iplt_end, .)

.rela.plt       0x0000000000000000        0x0
 *(.rela.plt)
                [!provide]                        PROVIDE (__rela_iplt_start, .)
 *(.rela.iplt)
                [!provide]                        PROVIDE (__rela_iplt_end, .)

.rel.dyn
 *(.rel.*)

.rela.dyn
 *(.rela.*)

.plt
 *(.plt)

.iplt           0x0000000000000000        0x0
 *(.iplt)
 .iplt          0x0000000000000000        0x0 ../app/libapp.a(ic_version.c.obj)
                0x0000000000000000                _image_rom_start = 0x0

text            0x0000000000000000       0xdc
                0x0000000000000000                . = 0x0
                0x0000000000000000                _vector_start = .
 *(.exc_vector_table)
 *(.exc_vector_table.*)
 .exc_vector_table._vector_table_section
                0x0000000000000000       0x40 arch/arm/core/cortex_m/libarch__arm__core__cortex_m.a(vector_table.S.obj)
                0x0000000000000000                _vector_table
 *(.gnu.linkonce.irq_vector_table)
 .gnu.linkonce.irq_vector_table
                0x0000000000000040       0x9c libzephyr.a(isr_tables.c.obj)
                0x0000000000000040                _irq_vector_table
 *(.vectors)
 *(.openocd_dbg)
 *(.openocd_dbg.*)
 *(.kinetis_flash_config)
 *(.kinetis_flash_config.*)
                0x00000000000000dc                _vector_end = .

_TEXT_SECTION_NAME_2
                0x00000000000000e0     0x890e
                0x00000000000000e0                _image_text_start = .
 *(.text)
 .text          0x00000000000000e0       0xa0 /opt/zephyr-sdk/sysroots/armv5-zephyr-eabi/usr/lib/arm-zephyr-eabi/6.2.0/armv7e-m/libgcc.a(_aeabi_ldivmod.o)
                0x00000000000000e0                __aeabi_ldivmod
 .text          0x0000000000000180       0x30 /opt/zephyr-sdk/sysroots/armv5-zephyr-eabi/usr/lib/arm-zephyr-eabi/6.2.0/armv7e-m/libgcc.a(_aeabi_uldivmod.o)
                0x0000000000000180                __aeabi_uldivmod
 .text          0x00000000000001b0      0x2dc /opt/zephyr-sdk/sysroots/armv5-zephyr-eabi/usr/lib/arm-zephyr-eabi/6.2.0/armv7e-m/libgcc.a(_udivmoddi4.o)
                0x00000000000001b0                __udivmoddi4
 .text          0x000000000000048c        0x4 /opt/zephyr-sdk/sysroots/armv5-zephyr-eabi/usr/lib/arm-zephyr-eabi/6.2.0/armv7e-m/libgcc.a(_dvmd_tls.o)
                0x000000000000048c                __aeabi_ldiv0
                0x000000000000048c                __aeabi_idiv0
 *(.text.*)
 .text._Z15configure_boardv
                0x0000000000000490       0x1c ../app/libapp.a(main.cpp.obj)
                0x0000000000000490                configure_board()
 .text.main     0x00000000000004ac       0xac ../app/libapp.a(main.cpp.obj)
                0x00000000000004ac                main
 .text._GLOBAL__sub_I_led_pwm
                0x0000000000000558        0xc ../app/libapp.a(main.cpp.obj)
 .text.pwm_pin_set_usec
                0x0000000000000564       0x7c ../app/libapp.a(led_pwm.cpp.obj)
 .text._ZN6LedPwmC2Ev
                0x00000000000005e0        0x2 ../app/libapp.a(led_pwm.cpp.obj)
                0x00000000000005e0                LedPwm::LedPwm()
                0x00000000000005e0                LedPwm::LedPwm()
 *fill*         0x00000000000005e2        0x2 
 .text._ZN6LedPwm11init_deviceEPcht
                0x00000000000005e4       0x54 ../app/libapp.a(led_pwm.cpp.obj)
                0x00000000000005e4                LedPwm::init_device(char*, unsigned char, unsigned short)
 .text._ZN6LedPwm12change_pulseEt
                0x0000000000000638       0x1c ../app/libapp.a(led_pwm.cpp.obj)
                0x0000000000000638                LedPwm::change_pulse(unsigned short)
 .text._ZN6LedPwm9set_pulseEv
                0x0000000000000654       0x34 ../app/libapp.a(led_pwm.cpp.obj)
                0x0000000000000654                LedPwm::set_pulse()
 .text._thread_entry
                0x0000000000000688       0x14 libzephyr.a(thread_entry.c.obj)
                0x0000000000000688                _thread_entry
 .text.z_work_q_main
                0x000000000000069c       0x3e libzephyr.a(work_q.c.obj)
                0x000000000000069c                z_work_q_main
 .text.get_bit_ptr
                0x00000000000006da       0x2a libzephyr.a(mempool.c.obj)
 .text.set_free_bit
                0x0000000000000704       0x1c libzephyr.a(mempool.c.obj)
 .text.clear_free_bit
                0x0000000000000720       0x1e libzephyr.a(mempool.c.obj)
 .text._sys_mem_pool_base_init
                0x000000000000073e       0x9a libzephyr.a(mempool.c.obj)
                0x000000000000073e                _sys_mem_pool_base_init
 .text._sys_mem_pool_block_alloc
                0x00000000000007d8      0x1b8 libzephyr.a(mempool.c.obj)
                0x00000000000007d8                _sys_mem_pool_block_alloc
 .text._sys_mem_pool_block_free
                0x0000000000000990      0x158 libzephyr.a(mempool.c.obj)
                0x0000000000000990                _sys_mem_pool_block_free
 .text.z_arch_printk_char_out
                0x0000000000000ae8        0x4 libzephyr.a(printk.c.obj)
                0x0000000000000ae8                z_arch_printk_char_out
 .text.char_out
                0x0000000000000aec       0x10 libzephyr.a(printk.c.obj)
 .text._printk_dec_ulong
                0x0000000000000afc       0xa0 libzephyr.a(printk.c.obj)
 .text.str_out  0x0000000000000b9c       0x2a libzephyr.a(printk.c.obj)
 *fill*         0x0000000000000bc6        0x2 
 .text.__printk_hook_install
                0x0000000000000bc8        0xc libzephyr.a(printk.c.obj)
                0x0000000000000bc8                __printk_hook_install
 .text._vprintk
                0x0000000000000bd4      0x25e libzephyr.a(printk.c.obj)
                0x0000000000000bd4                _vprintk
 *fill*         0x0000000000000e32        0x2 
 .text.vprintk  0x0000000000000e34       0x20 libzephyr.a(printk.c.obj)
                0x0000000000000e34                vprintk
 .text.printk   0x0000000000000e54       0x1a libzephyr.a(printk.c.obj)
                0x0000000000000e54                printk
 *fill*         0x0000000000000e6e        0x2 
 .text.snprintk
                0x0000000000000e70       0x38 libzephyr.a(printk.c.obj)
                0x0000000000000e70                snprintk
 .text._ConfigAbsSyms
                0x0000000000000ea8        0x2 libzephyr.a(configs.c.obj)
                0x0000000000000ea8                _ConfigAbsSyms
 *fill*         0x0000000000000eaa        0x2 
 .text.nordicsemi_nrf52_init
                0x0000000000000eac       0x3c libzephyr.a(soc.c.obj)
 .text.errata_57
                0x0000000000000ee8       0x34 libzephyr.a(system_nrf52.c.obj)
 .text.errata_136
                0x0000000000000f1c       0x40 libzephyr.a(system_nrf52.c.obj)
 .text.SystemInit
                0x0000000000000f5c      0x24c libzephyr.a(system_nrf52.c.obj)
                0x0000000000000f5c                SystemInit
 .text.__do_init_array_aux
                0x00000000000011a8       0x1c libzephyr.a(cpp_init_array.c.obj)
                0x00000000000011a8                __do_init_array_aux
 .text.__do_global_ctors_aux
                0x00000000000011c4       0x20 libzephyr.a(cpp_ctors.c.obj)
                0x00000000000011c4                __do_global_ctors_aux
 .text.sys_rand32_get
                0x00000000000011e4       0x50 libzephyr.a(rand32_entropy_device.c.obj)
                0x00000000000011e4                sys_rand32_get
 .text.console_out
                0x0000000000001234       0x28 libzephyr.a(uart_console.c.obj)
 .text.uart_console_hook_install
                0x000000000000125c        0xc libzephyr.a(uart_console.c.obj)
                0x000000000000125c                uart_console_hook_install
 .text.uart_console_init
                0x0000000000001268       0x1c libzephyr.a(uart_console.c.obj)
 .text._m16src_stop
                0x0000000000001284       0x60 libzephyr.a(nrf5_power_clock.c.obj)
 .text._clock_control_init
                0x00000000000012e4       0x16 libzephyr.a(nrf5_power_clock.c.obj)
 *fill*         0x00000000000012fa        0x2 
 .text._m16src_start
                0x00000000000012fc       0xb4 libzephyr.a(nrf5_power_clock.c.obj)
 .text._power_clock_isr
                0x00000000000013b0       0xe8 libzephyr.a(nrf5_power_clock.c.obj)
 .text._k32src_start
                0x0000000000001498       0xa4 libzephyr.a(nrf5_power_clock.c.obj)
 .text.z_clock_idle_exit
                0x000000000000153c        0x2 libzephyr.a(sys_clock_init.c.obj)
                0x000000000000153c                z_clock_idle_exit
 .text.k_spin_lock.isra.0
                0x000000000000153e        0xe libzephyr.a(nrf_rtc_timer.c.obj)
 .text.rtc1_nrf5_isr
                0x000000000000154c       0x40 libzephyr.a(nrf_rtc_timer.c.obj)
                0x000000000000154c                rtc1_nrf5_isr
 .text.z_clock_driver_init
                0x000000000000158c       0x90 libzephyr.a(nrf_rtc_timer.c.obj)
                0x000000000000158c                z_clock_driver_init
 .text.z_clock_set_timeout
                0x000000000000161c       0x68 libzephyr.a(nrf_rtc_timer.c.obj)
                0x000000000000161c                z_clock_set_timeout
 .text.z_clock_elapsed
                0x0000000000001684       0x30 libzephyr.a(nrf_rtc_timer.c.obj)
                0x0000000000001684                z_clock_elapsed
 .text._timer_cycle_get_32
                0x00000000000016b4       0x28 libzephyr.a(nrf_rtc_timer.c.obj)
                0x00000000000016b4                _timer_cycle_get_32
 .text._HandlerModeExit
                0x00000000000016dc       0x1c arch/arm/core/libarch__arm__core.a(exc_exit.S.obj)
                0x00000000000016dc                _ExcExit
                0x00000000000016dc                _IntExit
 .text._IntLibInit
                0x00000000000016f8       0x18 arch/arm/core/libarch__arm__core.a(irq_init.c.obj)
                0x00000000000016f8                _IntLibInit
 .text.__swap   0x0000000000001710       0x30 arch/arm/core/libarch__arm__core.a(swap.c.obj)
                0x0000000000001710                __swap
 .text.__pendsv
                0x0000000000001740       0x44 arch/arm/core/libarch__arm__core.a(swap_helper.S.obj)
                0x0000000000001740                __pendsv
 .text.__svc    0x0000000000001784       0x24 arch/arm/core/libarch__arm__core.a(swap_helper.S.obj)
                0x0000000000001784                __svc
 .text._MpuFault.isra.2
                0x00000000000017a8       0x88 arch/arm/core/libarch__arm__core.a(fault.c.obj)
 .text._BusFault.isra.3
                0x0000000000001830       0x94 arch/arm/core/libarch__arm__core.a(fault.c.obj)
 .text._UsageFault.isra.5
                0x00000000000018c4       0x88 arch/arm/core/libarch__arm__core.a(fault.c.obj)
 .text._Fault   0x000000000000194c       0xcc arch/arm/core/libarch__arm__core.a(fault.c.obj)
                0x000000000000194c                _Fault
 .text._FaultInit
                0x0000000000001a18       0x10 arch/arm/core/libarch__arm__core.a(fault.c.obj)
                0x0000000000001a18                _FaultInit
 .text._arch_irq_enable
                0x0000000000001a28       0x20 arch/arm/core/libarch__arm__core.a(irq_manage.c.obj)
                0x0000000000001a28                _arch_irq_enable
 .text._arch_irq_disable
                0x0000000000001a48       0x28 arch/arm/core/libarch__arm__core.a(irq_manage.c.obj)
                0x0000000000001a48                _arch_irq_disable
 .text._arch_irq_is_enabled
                0x0000000000001a70       0x1c arch/arm/core/libarch__arm__core.a(irq_manage.c.obj)
                0x0000000000001a70                _arch_irq_is_enabled
 .text._irq_priority_set
                0x0000000000001a8c       0x30 arch/arm/core/libarch__arm__core.a(irq_manage.c.obj)
                0x0000000000001a8c                _irq_priority_set
 .text._irq_spurious
                0x0000000000001abc        0x4 arch/arm/core/libarch__arm__core.a(irq_manage.c.obj)
                0x0000000000001abc                _irq_spurious
 .text._arch_isr_direct_pm
                0x0000000000001ac0       0x1c arch/arm/core/libarch__arm__core.a(irq_manage.c.obj)
                0x0000000000001ac0                _arch_isr_direct_pm
 .text._arch_isr_direct_header
                0x0000000000001adc        0x2 arch/arm/core/libarch__arm__core.a(irq_manage.c.obj)
                0x0000000000001adc                _arch_isr_direct_header
 *fill*         0x0000000000001ade        0x2 
 .text._new_thread
                0x0000000000001ae0       0x50 arch/arm/core/libarch__arm__core.a(thread.c.obj)
                0x0000000000001ae0                _new_thread
 .text._CpuIdleInit
                0x0000000000001b30        0xc arch/arm/core/libarch__arm__core.a(cpu_idle.S.obj)
                0x0000000000001b30                _CpuIdleInit
 .text.k_cpu_idle
                0x0000000000001b3c        0xc arch/arm/core/libarch__arm__core.a(cpu_idle.S.obj)
                0x0000000000001b3c                k_cpu_idle
 .text.__fault  0x0000000000001b48       0x28 arch/arm/core/libarch__arm__core.a(fault_s.S.obj)
                0x0000000000001b48                __usage_fault
                0x0000000000001b48                __reserved
                0x0000000000001b48                __bus_fault
                0x0000000000001b48                __debug_monitor
                0x0000000000001b48                __mpu_fault
                0x0000000000001b48                __hard_fault
 .text._NanoFatalErrorHandler
                0x0000000000001b70       0x64 arch/arm/core/libarch__arm__core.a(fatal.c.obj)
                0x0000000000001b70                _NanoFatalErrorHandler
 .text._do_kernel_oops
                0x0000000000001bd4        0x8 arch/arm/core/libarch__arm__core.a(fatal.c.obj)
                0x0000000000001bd4                _do_kernel_oops
 .text._SysFatalErrorHandler
                0x0000000000001bdc       0x58 arch/arm/core/libarch__arm__core.a(sys_fatal_error_handler.c.obj)
                0x0000000000001bdc                _SysFatalErrorHandler
 .text._impl_k_thread_abort
                0x0000000000001c34       0x48 arch/arm/core/libarch__arm__core.a(thread_abort.c.obj)
                0x0000000000001c34                _impl_k_thread_abort
 .text._isr_wrapper
                0x0000000000001c7c       0x40 arch/arm/core/libarch__arm__core.a(isr_wrapper.S.obj)
                0x0000000000001c7c                _isr_wrapper
 .text._reset_section
                0x0000000000001cbc       0x24 arch/arm/core/cortex_m/libarch__arm__core__cortex_m.a(reset.S.obj)
                0x0000000000001cbc                __reset
                0x0000000000001cbc                __start
 .text._SysNmiOnReset
                0x0000000000001ce0        0x8 arch/arm/core/cortex_m/libarch__arm__core__cortex_m.a(nmi_on_reset.S.obj)
                0x0000000000001ce0                _SysNmiOnReset
 .text._PrepC   0x0000000000001ce8       0x2c arch/arm/core/cortex_m/libarch__arm__core__cortex_m.a(prep_c.c.obj)
                0x0000000000001ce8                _PrepC
 .text.__nmi    0x0000000000001d14        0xe arch/arm/core/cortex_m/libarch__arm__core__cortex_m.a(nmi.c.obj)
                0x0000000000001d14                __nmi
 *fill*         0x0000000000001d22        0x2 
 .text.arm_core_mpu_enable
                0x0000000000001d24       0x14 arch/arm/core/cortex_m/mpu/libarch__arm__core__cortex_m__mpu.a(arm_mpu.c.obj)
                0x0000000000001d24                arm_core_mpu_enable
 .text.arm_core_mpu_disable
                0x0000000000001d38       0x10 arch/arm/core/cortex_m/mpu/libarch__arm__core__cortex_m__mpu.a(arm_mpu.c.obj)
                0x0000000000001d38                arm_core_mpu_disable
 .text.arm_mpu_init
                0x0000000000001d48       0x54 arch/arm/core/cortex_m/mpu/libarch__arm__core__cortex_m__mpu.a(arm_mpu.c.obj)
 .text.strcpy   0x0000000000001d9c       0x14 lib/libc/minimal/liblib__libc__minimal.a(string.c.obj)
                0x0000000000001d9c                strcpy
 .text.strcmp   0x0000000000001db0       0x1a lib/libc/minimal/liblib__libc__minimal.a(string.c.obj)
                0x0000000000001db0                strcmp
 .text.memcmp   0x0000000000001dca       0x2a lib/libc/minimal/liblib__libc__minimal.a(string.c.obj)
                0x0000000000001dca                memcmp
 .text.memcpy   0x0000000000001df4       0x58 lib/libc/minimal/liblib__libc__minimal.a(string.c.obj)
                0x0000000000001df4                memcpy
 .text.memset   0x0000000000001e4c       0x46 lib/libc/minimal/liblib__libc__minimal.a(string.c.obj)
                0x0000000000001e4c                memset
 .text.atomic_or
                0x0000000000001e92       0x22 subsys/bluetooth/host/libsubsys__bluetooth__host.a(hci_core.c.obj)
 .text.hci_cmd_done.isra.7
                0x0000000000001eb4       0x50 subsys/bluetooth/host/libsubsys__bluetooth__host.a(hci_core.c.obj)
 .text.id_find  0x0000000000001f04       0x34 subsys/bluetooth/host/libsubsys__bluetooth__host.a(hci_core.c.obj)
 .text.atomic_test_bit.constprop.22
                0x0000000000001f38       0x24 subsys/bluetooth/host/libsubsys__bluetooth__host.a(hci_core.c.obj)
 .text.bt_hci_cmd_create
                0x0000000000001f5c       0x60 subsys/bluetooth/host/libsubsys__bluetooth__host.a(hci_core.c.obj)
                0x0000000000001f5c                bt_hci_cmd_create
 .text.bt_hci_cmd_send_sync
                0x0000000000001fbc       0x7c subsys/bluetooth/host/libsubsys__bluetooth__host.a(hci_core.c.obj)
                0x0000000000001fbc                bt_hci_cmd_send_sync
 .text.set_random_address
                0x0000000000002038       0x5c subsys/bluetooth/host/libsubsys__bluetooth__host.a(hci_core.c.obj)
 .text.bt_addr_le_create_static
                0x0000000000002094       0x1c subsys/bluetooth/host/libsubsys__bluetooth__host.a(hci_core.c.obj)
                0x0000000000002094                bt_addr_le_create_static
 .text.id_create.isra.12
                0x00000000000020b0       0x64 subsys/bluetooth/host/libsubsys__bluetooth__host.a(hci_core.c.obj)
 .text.bt_recv  0x0000000000002114       0x4e subsys/bluetooth/host/libsubsys__bluetooth__host.a(hci_core.c.obj)
                0x0000000000002114                bt_recv
 *fill*         0x0000000000002162        0x2 
 .text.bt_recv_prio
                0x0000000000002164       0x8c subsys/bluetooth/host/libsubsys__bluetooth__host.a(hci_core.c.obj)
                0x0000000000002164                bt_recv_prio
 .text.bt_hci_driver_register
                0x00000000000021f0       0x28 subsys/bluetooth/host/libsubsys__bluetooth__host.a(hci_core.c.obj)
                0x00000000000021f0                bt_hci_driver_register
 .text.bt_id_create
                0x0000000000002218       0x80 subsys/bluetooth/host/libsubsys__bluetooth__host.a(hci_core.c.obj)
                0x0000000000002218                bt_id_create
 .text.bt_setup_id_addr
                0x0000000000002298       0x98 subsys/bluetooth/host/libsubsys__bluetooth__host.a(hci_core.c.obj)
                0x0000000000002298                bt_setup_id_addr
 .text.bt_init  0x0000000000002330      0x318 subsys/bluetooth/host/libsubsys__bluetooth__host.a(hci_core.c.obj)
 .text.init_work
                0x0000000000002648       0x18 subsys/bluetooth/host/libsubsys__bluetooth__host.a(hci_core.c.obj)
 .text.bt_buf_get_rx
                0x0000000000002660       0x20 subsys/bluetooth/host/libsubsys__bluetooth__host.a(hci_core.c.obj)
                0x0000000000002660                bt_buf_get_rx
 .text.bt_buf_get_cmd_complete
                0x0000000000002680       0x44 subsys/bluetooth/host/libsubsys__bluetooth__host.a(hci_core.c.obj)
                0x0000000000002680                bt_buf_get_cmd_complete
 .text.mem_init
                0x00000000000026c4       0x4e subsys/bluetooth/controller/libsubsys__bluetooth__controller.a(mem.c.obj)
                0x00000000000026c4                mem_init
 .text.mem_acquire
                0x0000000000002712       0x34 subsys/bluetooth/controller/libsubsys__bluetooth__controller.a(mem.c.obj)
                0x0000000000002712                mem_acquire
 .text.mem_release
                0x0000000000002746       0x2a subsys/bluetooth/controller/libsubsys__bluetooth__controller.a(mem.c.obj)
                0x0000000000002746                mem_release
 .text.mem_get  0x0000000000002770        0x6 subsys/bluetooth/controller/libsubsys__bluetooth__controller.a(mem.c.obj)
                0x0000000000002770                mem_get
 .text.mem_rcopy
                0x0000000000002776       0x1e subsys/bluetooth/controller/libsubsys__bluetooth__controller.a(mem.c.obj)
                0x0000000000002776                mem_rcopy
 .text.memq_init
                0x0000000000002794        0x6 subsys/bluetooth/controller/libsubsys__bluetooth__controller.a(memq.c.obj)
                0x0000000000002794                memq_init
 .text.memq_enqueue
                0x000000000000279a        0xe subsys/bluetooth/controller/libsubsys__bluetooth__controller.a(memq.c.obj)
                0x000000000000279a                memq_enqueue
 .text.memq_peek
                0x00000000000027a8       0x10 subsys/bluetooth/controller/libsubsys__bluetooth__controller.a(memq.c.obj)
                0x00000000000027a8                memq_peek
 .text.memq_dequeue
                0x00000000000027b8       0x1e subsys/bluetooth/controller/libsubsys__bluetooth__controller.a(memq.c.obj)
                0x00000000000027b8                memq_dequeue
 *fill*         0x00000000000027d6        0x2 
 .text.mayfly_init
                0x00000000000027d8       0x54 subsys/bluetooth/controller/libsubsys__bluetooth__controller.a(mayfly.c.obj)
                0x00000000000027d8                mayfly_init
 .text.mayfly_enable
                0x000000000000282c       0x50 subsys/bluetooth/controller/libsubsys__bluetooth__controller.a(mayfly.c.obj)
                0x000000000000282c                mayfly_enable
 .text.mayfly_enqueue
                0x000000000000287c       0xa0 subsys/bluetooth/controller/libsubsys__bluetooth__controller.a(mayfly.c.obj)
                0x000000000000287c                mayfly_enqueue
 .text.mayfly_run
                0x000000000000291c      0x158 subsys/bluetooth/controller/libsubsys__bluetooth__controller.a(mayfly.c.obj)
                0x000000000000291c                mayfly_run
 .text.util_ones_count_get
                0x0000000000002a74       0x22 subsys/bluetooth/controller/libsubsys__bluetooth__controller.a(util.c.obj)
                0x0000000000002a74                util_ones_count_get
 .text.ticker_dequeue
                0x0000000000002a96       0x58 subsys/bluetooth/controller/libsubsys__bluetooth__controller.a(ticker.c.obj)
 .text.ticks_to_expire_prep
                0x0000000000002aee       0x3c subsys/bluetooth/controller/libsubsys__bluetooth__controller.a(ticker.c.obj)
 .text.ticker_job_op_cb
                0x0000000000002b2a       0x14 subsys/bluetooth/controller/libsubsys__bluetooth__controller.a(ticker.c.obj)
 .text.ticker_worker
                0x0000000000002b3e       0xae subsys/bluetooth/controller/libsubsys__bluetooth__controller.a(ticker.c.obj)
                0x0000000000002b3e                ticker_worker
 .text.ticker_job
                0x0000000000002bec      0x790 subsys/bluetooth/controller/libsubsys__bluetooth__controller.a(ticker.c.obj)
                0x0000000000002bec                ticker_job
 .text.ticker_init
                0x000000000000337c       0x64 subsys/bluetooth/controller/libsubsys__bluetooth__controller.a(ticker.c.obj)
                0x000000000000337c                ticker_init
 .text.ticker_trigger
                0x00000000000033e0       0x24 subsys/bluetooth/controller/libsubsys__bluetooth__controller.a(ticker.c.obj)
                0x00000000000033e0                ticker_trigger
 .text.ticker_start
                0x0000000000003404       0xa0 subsys/bluetooth/controller/libsubsys__bluetooth__controller.a(ticker.c.obj)
                0x0000000000003404                ticker_start
 .text.ticker_update
                0x00000000000034a4       0x98 subsys/bluetooth/controller/libsubsys__bluetooth__controller.a(ticker.c.obj)
                0x00000000000034a4                ticker_update
 .text.ticker_stop
                0x000000000000353c       0x78 subsys/bluetooth/controller/libsubsys__bluetooth__controller.a(ticker.c.obj)
                0x000000000000353c                ticker_stop
 .text.ticker_next_slot_get
                0x00000000000035b4       0x84 subsys/bluetooth/controller/libsubsys__bluetooth__controller.a(ticker.c.obj)
                0x00000000000035b4                ticker_next_slot_get
 .text.ticker_job_idle_get
                0x0000000000003638       0x78 subsys/bluetooth/controller/libsubsys__bluetooth__controller.a(ticker.c.obj)
                0x0000000000003638                ticker_job_idle_get
 .text.ticker_job_sched
                0x00000000000036b0       0x2c subsys/bluetooth/controller/libsubsys__bluetooth__controller.a(ticker.c.obj)
                0x00000000000036b0                ticker_job_sched
 .text.ticker_ticks_now_get
                0x00000000000036dc        0x4 subsys/bluetooth/controller/libsubsys__bluetooth__controller.a(ticker.c.obj)
                0x00000000000036dc                ticker_ticks_now_get
 .text.ticker_ticks_diff_get
                0x00000000000036e0        0x8 subsys/bluetooth/controller/libsubsys__bluetooth__controller.a(ticker.c.obj)
                0x00000000000036e0                ticker_ticks_diff_get
 .text.ll_addr_get
                0x00000000000036e8       0x34 subsys/bluetooth/controller/libsubsys__bluetooth__controller.a(ll_addr.c.obj)
                0x00000000000036e8                ll_addr_get
 .text.ll_addr_set
                0x000000000000371c       0x30 subsys/bluetooth/controller/libsubsys__bluetooth__controller.a(ll_addr.c.obj)
                0x000000000000371c                ll_addr_set
 .text.ll_tx_pwr_lvl_get
                0x000000000000374c        0x6 subsys/bluetooth/controller/libsubsys__bluetooth__controller.a(ll_tx_pwr.c.obj)
                0x000000000000374c                ll_tx_pwr_lvl_get
 .text.ll_tx_pwr_get
                0x0000000000003752        0x8 subsys/bluetooth/controller/libsubsys__bluetooth__controller.a(ll_tx_pwr.c.obj)
                0x0000000000003752                ll_tx_pwr_get
 *fill*         0x000000000000375a        0x2 
 .text._hci_driver_init
                0x000000000000375c       0x10 subsys/bluetooth/controller/libsubsys__bluetooth__controller.a(hci_driver.c.obj)
 .text.hci_driver_send
                0x000000000000376c       0x3c subsys/bluetooth/controller/libsubsys__bluetooth__controller.a(hci_driver.c.obj)
 .text.recv_thread
                0x00000000000037a8       0x78 subsys/bluetooth/controller/libsubsys__bluetooth__controller.a(hci_driver.c.obj)
 .text.prio_recv_thread
                0x0000000000003820       0x3c subsys/bluetooth/controller/libsubsys__bluetooth__controller.a(hci_driver.c.obj)
 .text.hci_driver_open
                0x000000000000385c       0x70 subsys/bluetooth/controller/libsubsys__bluetooth__controller.a(hci_driver.c.obj)
 .text.sys_put_le32
                0x00000000000038cc       0x12 subsys/bluetooth/controller/libsubsys__bluetooth__controller.a(hci.c.obj)
 .text.sys_get_le64
                0x00000000000038de        0x8 subsys/bluetooth/controller/libsubsys__bluetooth__controller.a(hci.c.obj)
 .text.meta_evt
                0x00000000000038e6       0x30 subsys/bluetooth/controller/libsubsys__bluetooth__controller.a(hci.c.obj)
 *fill*         0x0000000000003916        0x2 
 .text.le_remote_feat_complete
                0x0000000000003918       0x5c subsys/bluetooth/controller/libsubsys__bluetooth__controller.a(hci.c.obj)
 .text.cmd_complete
                0x0000000000003974       0x48 subsys/bluetooth/controller/libsubsys__bluetooth__controller.a(hci.c.obj)
 .text.hci_cmd_handle
                0x00000000000039bc      0x5c4 subsys/bluetooth/controller/libsubsys__bluetooth__controller.a(hci.c.obj)
                0x00000000000039bc                hci_cmd_handle
 .text.hci_evt_encode
                0x0000000000003f80      0x178 subsys/bluetooth/controller/libsubsys__bluetooth__controller.a(hci.c.obj)
                0x0000000000003f80                hci_evt_encode
 .text.hci_get_class
                0x00000000000040f8       0x22 subsys/bluetooth/controller/libsubsys__bluetooth__controller.a(hci.c.obj)
                0x00000000000040f8                hci_get_class
 *fill*         0x000000000000411a        0x2 
 .text.hci_init
                0x000000000000411c       0x24 subsys/bluetooth/controller/libsubsys__bluetooth__controller.a(hci.c.obj)
                0x000000000000411c                hci_init
 .text.bt_rand  0x0000000000004140       0x38 subsys/bluetooth/controller/libsubsys__bluetooth__controller.a(crypto.c.obj)
                0x0000000000004140                bt_rand
 .text.cpu_sleep
                0x0000000000004178        0x8 subsys/bluetooth/controller/libsubsys__bluetooth__controller.a(ctrl.c.obj)
 .text.ticker_if_done
                0x0000000000004180        0x4 subsys/bluetooth/controller/libsubsys__bluetooth__controller.a(ctrl.c.obj)
 .text.mayfly_xtal_start
                0x0000000000004184       0x10 subsys/bluetooth/controller/libsubsys__bluetooth__controller.a(ctrl.c.obj)
 .text.prepare_reduced
                0x0000000000004194        0xc subsys/bluetooth/controller/libsubsys__bluetooth__controller.a(ctrl.c.obj)
 .text.prepare_normal
                0x00000000000041a0        0xc subsys/bluetooth/controller/libsubsys__bluetooth__controller.a(ctrl.c.obj)
 .text.tx_cmplt_get
                0x00000000000041ac       0x94 subsys/bluetooth/controller/libsubsys__bluetooth__controller.a(ctrl.c.obj)
 .text.connection_get
                0x0000000000004240       0x2c subsys/bluetooth/controller/libsubsys__bluetooth__controller.a(ctrl.c.obj)
 .text.role_disable
                0x000000000000426c      0x1fc subsys/bluetooth/controller/libsubsys__bluetooth__controller.a(ctrl.c.obj)
 .text.packet_tx_enqueue
                0x0000000000004468       0xd8 subsys/bluetooth/controller/libsubsys__bluetooth__controller.a(ctrl.c.obj)
 .text.ticker_job_disable
                0x0000000000004540       0x18 subsys/bluetooth/controller/libsubsys__bluetooth__controller.a(ctrl.c.obj)
 .text.hdr_conn_get
                0x0000000000004558       0x3c subsys/bluetooth/controller/libsubsys__bluetooth__controller.a(ctrl.c.obj)
 .text.mayfly_xtal_retain.part.7
                0x0000000000004594       0x38 subsys/bluetooth/controller/libsubsys__bluetooth__controller.a(ctrl.c.obj)
 .text.isr.part.22
                0x00000000000045cc        0xc subsys/bluetooth/controller/libsubsys__bluetooth__controller.a(ctrl.c.obj)
 .text.ticker_stop_adv_stop.part.24
                0x00000000000045d8        0xc subsys/bluetooth/controller/libsubsys__bluetooth__controller.a(ctrl.c.obj)
 .text.chan_set
                0x00000000000045e4       0x3e subsys/bluetooth/controller/libsubsys__bluetooth__controller.a(ctrl.c.obj)
 *fill*         0x0000000000004622        0x2 
 .text.adv_setup
                0x0000000000004624       0xb0 subsys/bluetooth/controller/libsubsys__bluetooth__controller.a(ctrl.c.obj)
 .text.prepare_normal_set
                0x00000000000046d4       0x48 subsys/bluetooth/controller/libsubsys__bluetooth__controller.a(ctrl.c.obj)
 .text.mayfly_radio_stop
                0x000000000000471c       0x34 subsys/bluetooth/controller/libsubsys__bluetooth__controller.a(ctrl.c.obj)
 .text.mayfly_radio_active
                0x0000000000004750       0x30 subsys/bluetooth/controller/libsubsys__bluetooth__controller.a(ctrl.c.obj)
 .text.mayfly_radio_inactive
                0x0000000000004780        0x6 subsys/bluetooth/controller/libsubsys__bluetooth__controller.a(ctrl.c.obj)
 *fill*         0x0000000000004786        0x2 
 .text.event_stop
                0x0000000000004788       0x20 subsys/bluetooth/controller/libsubsys__bluetooth__controller.a(ctrl.c.obj)
 .text.event_xtal
                0x00000000000047a8       0x1c subsys/bluetooth/controller/libsubsys__bluetooth__controller.a(ctrl.c.obj)
 .text.event_active
                0x00000000000047c4       0x1c subsys/bluetooth/controller/libsubsys__bluetooth__controller.a(ctrl.c.obj)
 .text.ticker_success_assert
                0x00000000000047e0        0xa subsys/bluetooth/controller/libsubsys__bluetooth__controller.a(ctrl.c.obj)
 *fill*         0x00000000000047ea        0x2 
 .text.ticker_update_adv_assert
                0x00000000000047ec       0x18 subsys/bluetooth/controller/libsubsys__bluetooth__controller.a(ctrl.c.obj)
 .text.adv_scan_configure.constprop.25
                0x0000000000004804       0x54 subsys/bluetooth/controller/libsubsys__bluetooth__controller.a(ctrl.c.obj)
 .text.event_common_prepare.constprop.26
                0x0000000000004858      0x174 subsys/bluetooth/controller/libsubsys__bluetooth__controller.a(ctrl.c.obj)
 .text.radio_event_adv_prepare
                0x00000000000049cc       0x30 subsys/bluetooth/controller/libsubsys__bluetooth__controller.a(ctrl.c.obj)
                0x00000000000049cc                radio_event_adv_prepare
 .text.packet_rx_allocate.constprop.28
                0x00000000000049fc       0x94 subsys/bluetooth/controller/libsubsys__bluetooth__controller.a(ctrl.c.obj)
 .text.common_init
                0x0000000000004a90       0xd4 subsys/bluetooth/controller/libsubsys__bluetooth__controller.a(ctrl.c.obj)
 .text.isr_rx_scan_report.isra.16
                0x0000000000004b64       0xd4 subsys/bluetooth/controller/libsubsys__bluetooth__controller.a(ctrl.c.obj)
 .text.isr      0x0000000000004c38      0x4c8 subsys/bluetooth/controller/libsubsys__bluetooth__controller.a(ctrl.c.obj)
 .text.mayfly_xtal_stop
                0x0000000000005100       0x10 subsys/bluetooth/controller/libsubsys__bluetooth__controller.a(ctrl.c.obj)
 .text.preempt_calc
                0x0000000000005110       0x44 subsys/bluetooth/controller/libsubsys__bluetooth__controller.a(ctrl.c.obj)
 .text.event_adv
                0x0000000000005154       0xb4 subsys/bluetooth/controller/libsubsys__bluetooth__controller.a(ctrl.c.obj)
 .text.mayfly_xtal_stop_calc
                0x0000000000005208      0x160 subsys/bluetooth/controller/libsubsys__bluetooth__controller.a(ctrl.c.obj)
 .text.radio_init
                0x0000000000005368       0xfc subsys/bluetooth/controller/libsubsys__bluetooth__controller.a(ctrl.c.obj)
                0x0000000000005368                radio_init
 .text.ll_reset
                0x0000000000005464       0xa0 subsys/bluetooth/controller/libsubsys__bluetooth__controller.a(ctrl.c.obj)
                0x0000000000005464                ll_reset
 .text.radio_adv_data_get
                0x0000000000005504        0x8 subsys/bluetooth/controller/libsubsys__bluetooth__controller.a(ctrl.c.obj)
                0x0000000000005504                radio_adv_data_get
 .text.radio_scan_data_get
                0x000000000000550c        0x8 subsys/bluetooth/controller/libsubsys__bluetooth__controller.a(ctrl.c.obj)
                0x000000000000550c                radio_scan_data_get
 .text.ll_adv_is_enabled
                0x0000000000005514       0x10 subsys/bluetooth/controller/libsubsys__bluetooth__controller.a(ctrl.c.obj)
                0x0000000000005514                ll_adv_is_enabled
 .text.radio_adv_filter_pol_get
                0x0000000000005524       0x18 subsys/bluetooth/controller/libsubsys__bluetooth__controller.a(ctrl.c.obj)
                0x0000000000005524                radio_adv_filter_pol_get
 .text.radio_scan_filter_pol_get
                0x000000000000553c       0x1c subsys/bluetooth/controller/libsubsys__bluetooth__controller.a(ctrl.c.obj)
                0x000000000000553c                radio_scan_filter_pol_get
 .text.ll_rx_get
                0x0000000000005558       0x70 subsys/bluetooth/controller/libsubsys__bluetooth__controller.a(ctrl.c.obj)
                0x0000000000005558                ll_rx_get
 .text.ll_rx_dequeue
                0x00000000000055c8       0x5c subsys/bluetooth/controller/libsubsys__bluetooth__controller.a(ctrl.c.obj)
                0x00000000000055c8                ll_rx_dequeue
 .text.ll_rx_mem_release
                0x0000000000005624       0x38 subsys/bluetooth/controller/libsubsys__bluetooth__controller.a(ctrl.c.obj)
                0x0000000000005624                ll_rx_mem_release
 .text.radio_rx_fc_set
                0x000000000000565c       0xa4 subsys/bluetooth/controller/libsubsys__bluetooth__controller.a(ctrl.c.obj)
                0x000000000000565c                radio_rx_fc_set
 .text.ll_adv_scan_state_cb
                0x0000000000005700        0x2 subsys/bluetooth/controller/libsubsys__bluetooth__controller.a(ctrl.c.obj)
                0x0000000000005700                ll_adv_scan_state_cb
 *fill*         0x0000000000005702        0x6 
 .text.radio_adv_enable
                0x0000000000005708      0x27c subsys/bluetooth/controller/libsubsys__bluetooth__controller.a(ctrl.c.obj)
                0x0000000000005708                radio_adv_enable
 .text.radio_adv_disable
                0x0000000000005984       0x58 subsys/bluetooth/controller/libsubsys__bluetooth__controller.a(ctrl.c.obj)
                0x0000000000005984                radio_adv_disable
 .text.rtc0_nrf5_isr
                0x00000000000059dc       0x24 subsys/bluetooth/controller/libsubsys__bluetooth__controller.a(ll.c.obj)
 .text.swi5_nrf5_isr
                0x0000000000005a00        0x6 subsys/bluetooth/controller/libsubsys__bluetooth__controller.a(ll.c.obj)
 .text.radio_nrf5_isr
                0x0000000000005a06       0x22 subsys/bluetooth/controller/libsubsys__bluetooth__controller.a(ll.c.obj)
                0x0000000000005a06                radio_nrf5_isr
 .text.radio_active_callback
                0x0000000000005a28        0x2 subsys/bluetooth/controller/libsubsys__bluetooth__controller.a(ll.c.obj)
                0x0000000000005a28                radio_active_callback
 *fill*         0x0000000000005a2a        0x2 
 .text.radio_event_callback
                0x0000000000005a2c        0xc subsys/bluetooth/controller/libsubsys__bluetooth__controller.a(ll.c.obj)
                0x0000000000005a2c                radio_event_callback
 .text.ll_init  0x0000000000005a38      0x110 subsys/bluetooth/controller/libsubsys__bluetooth__controller.a(ll.c.obj)
                0x0000000000005a38                ll_init
 .text.ll_adv_params_set
                0x0000000000005b48      0x288 subsys/bluetooth/controller/libsubsys__bluetooth__controller.a(ll_adv.c.obj)
                0x0000000000005b48                ll_adv_params_set
 .text.ll_adv_data_set
                0x0000000000005dd0       0xb2 subsys/bluetooth/controller/libsubsys__bluetooth__controller.a(ll_adv.c.obj)
                0x0000000000005dd0                ll_adv_data_set
 .text.ll_adv_scan_rsp_set
                0x0000000000005e82       0x8e subsys/bluetooth/controller/libsubsys__bluetooth__controller.a(ll_adv.c.obj)
                0x0000000000005e82                ll_adv_scan_rsp_set
 .text.ll_adv_enable
                0x0000000000005f10       0xc4 subsys/bluetooth/controller/libsubsys__bluetooth__controller.a(ll_adv.c.obj)
                0x0000000000005f10                ll_adv_enable
 .text.ctrl_filter_get
                0x0000000000005fd4       0x18 subsys/bluetooth/controller/libsubsys__bluetooth__controller.a(ll_filter.c.obj)
                0x0000000000005fd4                ctrl_filter_get
 .text.ll_wl_size_get
                0x0000000000005fec        0x4 subsys/bluetooth/controller/libsubsys__bluetooth__controller.a(ll_filter.c.obj)
                0x0000000000005fec                ll_wl_size_get
 .text.ll_wl_clear
                0x0000000000005ff0       0x2c subsys/bluetooth/controller/libsubsys__bluetooth__controller.a(ll_filter.c.obj)
                0x0000000000005ff0                ll_wl_clear
 .text.ll_wl_add
                0x000000000000601c       0x70 subsys/bluetooth/controller/libsubsys__bluetooth__controller.a(ll_filter.c.obj)
                0x000000000000601c                ll_wl_add
 .text.ll_wl_remove
                0x000000000000608c       0x90 subsys/bluetooth/controller/libsubsys__bluetooth__controller.a(ll_filter.c.obj)
                0x000000000000608c                ll_wl_remove
 .text.ll_filter_reset
                0x000000000000611c       0x18 subsys/bluetooth/controller/libsubsys__bluetooth__controller.a(ll_filter.c.obj)
                0x000000000000611c                ll_filter_reset
 .text.cntr_init
                0x0000000000006134       0x1c subsys/bluetooth/controller/libsubsys__bluetooth__controller.a(cntr.c.obj)
                0x0000000000006134                cntr_init
 .text.cntr_start
                0x0000000000006150       0x1c subsys/bluetooth/controller/libsubsys__bluetooth__controller.a(cntr.c.obj)
                0x0000000000006150                cntr_start
 .text.cntr_stop
                0x000000000000616c       0x30 subsys/bluetooth/controller/libsubsys__bluetooth__controller.a(cntr.c.obj)
                0x000000000000616c                cntr_stop
 .text.cntr_cnt_get
                0x000000000000619c        0xc subsys/bluetooth/controller/libsubsys__bluetooth__controller.a(cntr.c.obj)
                0x000000000000619c                cntr_cnt_get
 .text.cntr_cmp_set
                0x00000000000061a8       0x10 subsys/bluetooth/controller/libsubsys__bluetooth__controller.a(cntr.c.obj)
                0x00000000000061a8                cntr_cmp_set
 .text.do_ecb   0x00000000000061b8       0x54 subsys/bluetooth/controller/libsubsys__bluetooth__controller.a(ecb.c.obj)
 .text.ecb_encrypt
                0x000000000000620c       0x42 subsys/bluetooth/controller/libsubsys__bluetooth__controller.a(ecb.c.obj)
                0x000000000000620c                ecb_encrypt
 *fill*         0x000000000000624e        0x2 
 .text.hal_radio_enable_on_tick_ppi_config_and_enable
                0x0000000000006250       0x28 subsys/bluetooth/controller/libsubsys__bluetooth__controller.a(radio.c.obj)
 .text.sw_switch.isra.9
                0x0000000000006278       0xcc subsys/bluetooth/controller/libsubsys__bluetooth__controller.a(radio.c.obj)
 .text.isr_radio
                0x0000000000006344       0x20 subsys/bluetooth/controller/libsubsys__bluetooth__controller.a(radio.c.obj)
                0x0000000000006344                isr_radio
 .text.radio_isr_set
                0x0000000000006364       0x40 subsys/bluetooth/controller/libsubsys__bluetooth__controller.a(radio.c.obj)
                0x0000000000006364                radio_isr_set
 .text.radio_setup
                0x00000000000063a4       0x44 subsys/bluetooth/controller/libsubsys__bluetooth__controller.a(radio.c.obj)
                0x00000000000063a4                radio_setup
 .text.radio_reset
                0x00000000000063e8       0x34 subsys/bluetooth/controller/libsubsys__bluetooth__controller.a(radio.c.obj)
                0x00000000000063e8                radio_reset
 .text.radio_phy_set
                0x000000000000641c       0x20 subsys/bluetooth/controller/libsubsys__bluetooth__controller.a(radio.c.obj)
                0x000000000000641c                radio_phy_set
 .text.radio_tx_power_set
                0x000000000000643c        0xc subsys/bluetooth/controller/libsubsys__bluetooth__controller.a(radio.c.obj)
                0x000000000000643c                radio_tx_power_set
 .text.radio_freq_chan_set
                0x0000000000006448        0xc subsys/bluetooth/controller/libsubsys__bluetooth__controller.a(radio.c.obj)
                0x0000000000006448                radio_freq_chan_set
 .text.radio_whiten_iv_set
                0x0000000000006454       0x24 subsys/bluetooth/controller/libsubsys__bluetooth__controller.a(radio.c.obj)
                0x0000000000006454                radio_whiten_iv_set
 .text.radio_aa_set
                0x0000000000006478       0x30 subsys/bluetooth/controller/libsubsys__bluetooth__controller.a(radio.c.obj)
                0x0000000000006478                radio_aa_set
 .text.radio_pkt_configure
                0x00000000000064a8       0x5c subsys/bluetooth/controller/libsubsys__bluetooth__controller.a(radio.c.obj)
                0x00000000000064a8                radio_pkt_configure
 .text.radio_pkt_rx_set
                0x0000000000006504        0xc subsys/bluetooth/controller/libsubsys__bluetooth__controller.a(radio.c.obj)
                0x0000000000006504                radio_pkt_rx_set
 .text.radio_pkt_tx_set
                0x0000000000006510        0xc subsys/bluetooth/controller/libsubsys__bluetooth__controller.a(radio.c.obj)
                0x0000000000006510                radio_pkt_tx_set
 .text.radio_tx_chain_delay_get
                0x000000000000651c        0x4 subsys/bluetooth/controller/libsubsys__bluetooth__controller.a(radio.c.obj)
                0x000000000000651c                radio_tx_chain_delay_get
 .text.radio_rx_chain_delay_get
                0x0000000000006520        0xa subsys/bluetooth/controller/libsubsys__bluetooth__controller.a(radio.c.obj)
                0x0000000000006520                radio_rx_chain_delay_get
 *fill*         0x000000000000652a        0x2 
 .text.radio_rx_enable
                0x000000000000652c        0xc subsys/bluetooth/controller/libsubsys__bluetooth__controller.a(radio.c.obj)
                0x000000000000652c                radio_rx_enable
 .text.radio_tx_enable
                0x0000000000006538        0xc subsys/bluetooth/controller/libsubsys__bluetooth__controller.a(radio.c.obj)
                0x0000000000006538                radio_tx_enable
 .text.radio_disable
                0x0000000000006544       0x24 subsys/bluetooth/controller/libsubsys__bluetooth__controller.a(radio.c.obj)
                0x0000000000006544                radio_disable
 .text.radio_status_reset
                0x0000000000006568       0x18 subsys/bluetooth/controller/libsubsys__bluetooth__controller.a(radio.c.obj)
                0x0000000000006568                radio_status_reset
 .text.radio_is_ready
                0x0000000000006580       0x14 subsys/bluetooth/controller/libsubsys__bluetooth__controller.a(radio.c.obj)
                0x0000000000006580                radio_is_ready
 .text.radio_is_done
                0x0000000000006594       0x14 subsys/bluetooth/controller/libsubsys__bluetooth__controller.a(radio.c.obj)
                0x0000000000006594                radio_is_done
 .text.radio_is_idle
                0x00000000000065a8       0x14 subsys/bluetooth/controller/libsubsys__bluetooth__controller.a(radio.c.obj)
                0x00000000000065a8                radio_is_idle
 .text.radio_crc_configure
                0x00000000000065bc       0x18 subsys/bluetooth/controller/libsubsys__bluetooth__controller.a(radio.c.obj)
                0x00000000000065bc                radio_crc_configure
 .text.radio_crc_is_valid
                0x00000000000065d4       0x14 subsys/bluetooth/controller/libsubsys__bluetooth__controller.a(radio.c.obj)
                0x00000000000065d4                radio_crc_is_valid
 .text.radio_pkt_scratch_get
                0x00000000000065e8        0x8 subsys/bluetooth/controller/libsubsys__bluetooth__controller.a(radio.c.obj)
                0x00000000000065e8                radio_pkt_scratch_get
 .text.radio_switch_complete_and_rx
                0x00000000000065f0       0x18 subsys/bluetooth/controller/libsubsys__bluetooth__controller.a(radio.c.obj)
                0x00000000000065f0                radio_switch_complete_and_rx
 .text.radio_switch_complete_and_tx
                0x0000000000006608       0x14 subsys/bluetooth/controller/libsubsys__bluetooth__controller.a(radio.c.obj)
                0x0000000000006608                radio_switch_complete_and_tx
 .text.radio_switch_complete_and_disable
                0x000000000000661c       0x1c subsys/bluetooth/controller/libsubsys__bluetooth__controller.a(radio.c.obj)
                0x000000000000661c                radio_switch_complete_and_disable
 .text.radio_rssi_measure
                0x0000000000006638       0x14 subsys/bluetooth/controller/libsubsys__bluetooth__controller.a(radio.c.obj)
                0x0000000000006638                radio_rssi_measure
 .text.radio_rssi_get
                0x000000000000664c        0xc subsys/bluetooth/controller/libsubsys__bluetooth__controller.a(radio.c.obj)
                0x000000000000664c                radio_rssi_get
 .text.radio_rssi_status_reset
                0x0000000000006658       0x10 subsys/bluetooth/controller/libsubsys__bluetooth__controller.a(radio.c.obj)
                0x0000000000006658                radio_rssi_status_reset
 .text.radio_rssi_is_ready
                0x0000000000006668       0x14 subsys/bluetooth/controller/libsubsys__bluetooth__controller.a(radio.c.obj)
                0x0000000000006668                radio_rssi_is_ready
 .text.radio_filter_configure
                0x000000000000667c       0x34 subsys/bluetooth/controller/libsubsys__bluetooth__controller.a(radio.c.obj)
                0x000000000000667c                radio_filter_configure
 .text.radio_filter_disable
                0x00000000000066b0       0x14 subsys/bluetooth/controller/libsubsys__bluetooth__controller.a(radio.c.obj)
                0x00000000000066b0                radio_filter_disable
 .text.radio_filter_status_reset
                0x00000000000066c4       0x10 subsys/bluetooth/controller/libsubsys__bluetooth__controller.a(radio.c.obj)
                0x00000000000066c4                radio_filter_status_reset
 .text.radio_filter_has_match
                0x00000000000066d4       0x14 subsys/bluetooth/controller/libsubsys__bluetooth__controller.a(radio.c.obj)
                0x00000000000066d4                radio_filter_has_match
 .text.radio_filter_match_get
                0x00000000000066e8        0xc subsys/bluetooth/controller/libsubsys__bluetooth__controller.a(radio.c.obj)
                0x00000000000066e8                radio_filter_match_get
 .text.radio_tmr_status_reset
                0x00000000000066f4       0x20 subsys/bluetooth/controller/libsubsys__bluetooth__controller.a(radio.c.obj)
                0x00000000000066f4                radio_tmr_status_reset
 .text.radio_tmr_tifs_set
                0x0000000000006714       0x18 subsys/bluetooth/controller/libsubsys__bluetooth__controller.a(radio.c.obj)
                0x0000000000006714                radio_tmr_tifs_set
 .text.radio_tmr_start
                0x000000000000672c       0xf0 subsys/bluetooth/controller/libsubsys__bluetooth__controller.a(radio.c.obj)
                0x000000000000672c                radio_tmr_start
 .text.radio_tmr_stop
                0x000000000000681c       0x18 subsys/bluetooth/controller/libsubsys__bluetooth__controller.a(radio.c.obj)
                0x000000000000681c                radio_tmr_stop
 .text.radio_tmr_hcto_configure
                0x0000000000006834       0x18 subsys/bluetooth/controller/libsubsys__bluetooth__controller.a(radio.c.obj)
                0x0000000000006834                radio_tmr_hcto_configure
 .text.radio_tmr_end_capture
                0x000000000000684c       0x10 subsys/bluetooth/controller/libsubsys__bluetooth__controller.a(radio.c.obj)
                0x000000000000684c                radio_tmr_end_capture
 .text.radio_tmr_tifs_base_get
                0x000000000000685c        0xc subsys/bluetooth/controller/libsubsys__bluetooth__controller.a(radio.c.obj)
                0x000000000000685c                radio_tmr_tifs_base_get
 .text.radio_ccm_rx_pkt_set
                0x0000000000006868       0x68 subsys/bluetooth/controller/libsubsys__bluetooth__controller.a(radio.c.obj)
                0x0000000000006868                radio_ccm_rx_pkt_set
 .text.radio_ar_match_get
                0x00000000000068d0        0xc subsys/bluetooth/controller/libsubsys__bluetooth__controller.a(radio.c.obj)
                0x00000000000068d0                radio_ar_match_get
 .text.radio_ar_status_reset
                0x00000000000068dc       0x18 subsys/bluetooth/controller/libsubsys__bluetooth__controller.a(radio.c.obj)
                0x00000000000068dc                radio_ar_status_reset
 .text.radio_ar_has_match
                0x00000000000068f4       0x28 subsys/bluetooth/controller/libsubsys__bluetooth__controller.a(radio.c.obj)
                0x00000000000068f4                radio_ar_has_match
 .text.mayfly_enable_cb
                0x000000000000691c       0x1c subsys/bluetooth/controller/libsubsys__bluetooth__controller.a(mayfly.c.obj)
                0x000000000000691c                mayfly_enable_cb
 .text.mayfly_is_enabled
                0x0000000000006938       0x1c subsys/bluetooth/controller/libsubsys__bluetooth__controller.a(mayfly.c.obj)
                0x0000000000006938                mayfly_is_enabled
 .text.mayfly_prio_is_equal
                0x0000000000006954       0x22 subsys/bluetooth/controller/libsubsys__bluetooth__controller.a(mayfly.c.obj)
                0x0000000000006954                mayfly_prio_is_equal
 *fill*         0x0000000000006976        0x2 
 .text.mayfly_pend
                0x0000000000006978       0x28 subsys/bluetooth/controller/libsubsys__bluetooth__controller.a(mayfly.c.obj)
                0x0000000000006978                mayfly_pend
 .text.hal_ticker_instance0_caller_id_get
                0x00000000000069a0       0x20 subsys/bluetooth/controller/libsubsys__bluetooth__controller.a(ticker.c.obj)
                0x00000000000069a0                hal_ticker_instance0_caller_id_get
 .text.hal_ticker_instance0_sched
                0x00000000000069c0       0x78 subsys/bluetooth/controller/libsubsys__bluetooth__controller.a(ticker.c.obj)
                0x00000000000069c0                hal_ticker_instance0_sched
 .text.hal_ticker_instance0_trigger_set
                0x0000000000006a38        0x8 subsys/bluetooth/controller/libsubsys__bluetooth__controller.a(ticker.c.obj)
                0x0000000000006a38                hal_ticker_instance0_trigger_set
 .text.fixed_data_unref
                0x0000000000006a40        0x2 subsys/net/libsubsys__net.a(buf.c.obj)
 *fill*         0x0000000000006a42        0x2 
 .text.net_buf_pool_get
                0x0000000000006a44        0xc subsys/net/libsubsys__net.a(buf.c.obj)
                0x0000000000006a44                net_buf_pool_get
 .text.net_buf_id
                0x0000000000006a50       0x1c subsys/net/libsubsys__net.a(buf.c.obj)
                0x0000000000006a50                net_buf_id
 .text.fixed_data_alloc
                0x0000000000006a6c       0x2c subsys/net/libsubsys__net.a(buf.c.obj)
 .text.net_buf_alloc_len
                0x0000000000006a98       0xd4 subsys/net/libsubsys__net.a(buf.c.obj)
                0x0000000000006a98                net_buf_alloc_len
 .text.net_buf_alloc_fixed
                0x0000000000006b6c        0xc subsys/net/libsubsys__net.a(buf.c.obj)
                0x0000000000006b6c                net_buf_alloc_fixed
 .text.net_buf_simple_reserve
                0x0000000000006b78        0x8 subsys/net/libsubsys__net.a(buf.c.obj)
                0x0000000000006b78                net_buf_simple_reserve
 .text.net_buf_put
                0x0000000000006b80       0x1a subsys/net/libsubsys__net.a(buf.c.obj)
                0x0000000000006b80                net_buf_put
 *fill*         0x0000000000006b9a        0x2 
 .text.net_buf_unref
                0x0000000000006b9c       0x5c subsys/net/libsubsys__net.a(buf.c.obj)
                0x0000000000006b9c                net_buf_unref
 .text.net_buf_ref
                0x0000000000006bf8        0x8 subsys/net/libsubsys__net.a(buf.c.obj)
                0x0000000000006bf8                net_buf_ref
 .text.net_buf_simple_add
                0x0000000000006c00        0xc subsys/net/libsubsys__net.a(buf.c.obj)
                0x0000000000006c00                net_buf_simple_add
 .text.net_buf_simple_add_mem
                0x0000000000006c0c       0x12 subsys/net/libsubsys__net.a(buf.c.obj)
                0x0000000000006c0c                net_buf_simple_add_mem
 .text.net_buf_simple_pull
                0x0000000000006c1e       0x10 subsys/net/libsubsys__net.a(buf.c.obj)
                0x0000000000006c1e                net_buf_simple_pull
 .text.nrf_gpio_cfg_sense_set
                0x0000000000006c2e       0x20 drivers/gpio/libdrivers__gpio.a(gpio_nrfx.c.obj)
 .text.gpio_nrfx_write
                0x0000000000006c4e       0x3e drivers/gpio/libdrivers__gpio.a(gpio_nrfx.c.obj)
 .text.gpio_nrfx_read
                0x0000000000006c8c       0x30 drivers/gpio/libdrivers__gpio.a(gpio_nrfx.c.obj)
 .text.gpio_nrfx_manage_callback
                0x0000000000006cbc       0x42 drivers/gpio/libdrivers__gpio.a(gpio_nrfx.c.obj)
 *fill*         0x0000000000006cfe        0x2 
 .text.gpio_nrfx_init
                0x0000000000006d00       0x30 drivers/gpio/libdrivers__gpio.a(gpio_nrfx.c.obj)
 .text.gpiote_event_handler
                0x0000000000006d30      0x138 drivers/gpio/libdrivers__gpio.a(gpio_nrfx.c.obj)
 .text.gpiote_pin_int_cfg
                0x0000000000006e68      0x148 drivers/gpio/libdrivers__gpio.a(gpio_nrfx.c.obj)
 .text.gpio_nrfx_config
                0x0000000000006fb0      0x13e drivers/gpio/libdrivers__gpio.a(gpio_nrfx.c.obj)
 .text.gpio_nrfx_pin_disable_callback
                0x00000000000070ee       0x42 drivers/gpio/libdrivers__gpio.a(gpio_nrfx.c.obj)
 .text.gpio_nrfx_pin_enable_callback
                0x0000000000007130       0x40 drivers/gpio/libdrivers__gpio.a(gpio_nrfx.c.obj)
 .text.pwm_nrf5_sw_pin_set
                0x0000000000007170      0x1a4 drivers/pwm/libdrivers__pwm.a(pwm_nrf5_sw.c.obj)
 .text.pwm_nrf5_sw_get_cycles_per_sec
                0x0000000000007314       0x18 drivers/pwm/libdrivers__pwm.a(pwm_nrf5_sw.c.obj)
 .text.pwm_nrf5_sw_init
                0x000000000000732c       0x1e drivers/pwm/libdrivers__pwm.a(pwm_nrf5_sw.c.obj)
 *fill*         0x000000000000734a        0x2 
 .text.uart_nrfx_err_check
                0x000000000000734c       0x14 drivers/serial/libdrivers__serial.a(uart_nrfx_uart.c.obj)
 .text.uart_nrfx_config_get
                0x0000000000007360       0x10 drivers/serial/libdrivers__serial.a(uart_nrfx_uart.c.obj)
 .text.uart_nrfx_configure
                0x0000000000007370      0x16c drivers/serial/libdrivers__serial.a(uart_nrfx_uart.c.obj)
 .text.uart_nrfx_poll_in
                0x00000000000074dc       0x2c drivers/serial/libdrivers__serial.a(uart_nrfx_uart.c.obj)
 .text.uart_nrfx_poll_out
                0x0000000000007508       0x34 drivers/serial/libdrivers__serial.a(uart_nrfx_uart.c.obj)
 .text.uart_nrfx_init
                0x000000000000753c       0x68 drivers/serial/libdrivers__serial.a(uart_nrfx_uart.c.obj)
 .text.rng_pool_get
                0x00000000000075a4       0x80 drivers/entropy/libdrivers__entropy.a(entropy_nrf5.c.obj)
 .text.entropy_nrf5_get_entropy
                0x0000000000007624       0x50 drivers/entropy/libdrivers__entropy.a(entropy_nrf5.c.obj)
 .text.random_byte_get
                0x0000000000007674       0x3c drivers/entropy/libdrivers__entropy.a(entropy_nrf5.c.obj)
 .text.entropy_nrf5_get_entropy_isr
                0x00000000000076b0       0x94 drivers/entropy/libdrivers__entropy.a(entropy_nrf5.c.obj)
 .text.entropy_nrf5_init
                0x0000000000007744       0x90 drivers/entropy/libdrivers__entropy.a(entropy_nrf5.c.obj)
 .text.isr      0x00000000000077d4       0x74 drivers/entropy/libdrivers__entropy.a(entropy_nrf5.c.obj)
 .text._sys_device_do_config_level
                0x0000000000007848       0x2c kernel/libkernel.a(device.c.obj)
                0x0000000000007848                _sys_device_do_config_level
 .text._impl_device_get_binding
                0x0000000000007874       0x4c kernel/libkernel.a(device.c.obj)
                0x0000000000007874                _impl_device_get_binding
 .text._sys_power_save_idle_exit
                0x00000000000078c0        0x4 kernel/libkernel.a(idle.c.obj)
                0x00000000000078c0                _sys_power_save_idle_exit
 .text.idle     0x00000000000078c4       0x30 kernel/libkernel.a(idle.c.obj)
                0x00000000000078c4                idle
 .text._bss_zero
                0x00000000000078f4       0x14 kernel/libkernel.a(init.c.obj)
                0x00000000000078f4                _bss_zero
 .text._data_copy
                0x0000000000007908       0x18 kernel/libkernel.a(init.c.obj)
                0x0000000000007908                _data_copy
 .text.bg_thread_main
                0x0000000000007920       0x38 kernel/libkernel.a(init.c.obj)
 .text._Cstart  0x0000000000007958      0x108 kernel/libkernel.a(init.c.obj)
                0x0000000000007958                _Cstart
 .text.init_static_pools
                0x0000000000007a60       0x28 kernel/libkernel.a(mempool.c.obj)
                0x0000000000007a60                init_static_pools
 .text.k_mem_pool_alloc
                0x0000000000007a88       0xd0 kernel/libkernel.a(mempool.c.obj)
                0x0000000000007a88                k_mem_pool_alloc
 .text.k_mem_pool_free_id
                0x0000000000007b58       0x60 kernel/libkernel.a(mempool.c.obj)
                0x0000000000007b58                k_mem_pool_free_id
 .text.k_mem_pool_malloc
                0x0000000000007bb8       0x2a kernel/libkernel.a(mempool.c.obj)
                0x0000000000007bb8                k_mem_pool_malloc
 .text.k_free   0x0000000000007be2        0xa kernel/libkernel.a(mempool.c.obj)
                0x0000000000007be2                k_free
 .text.z_thread_malloc
                0x0000000000007bec       0x14 kernel/libkernel.a(mempool.c.obj)
                0x0000000000007bec                z_thread_malloc
 .text.queue_insert
                0x0000000000007c00       0x90 kernel/libkernel.a(queue.c.obj)
 .text.z_queue_node_peek
                0x0000000000007c90       0x18 kernel/libkernel.a(queue.c.obj)
                0x0000000000007c90                z_queue_node_peek
 .text._impl_k_queue_init
                0x0000000000007ca8       0x10 kernel/libkernel.a(queue.c.obj)
                0x0000000000007ca8                _impl_k_queue_init
 .text.k_queue_append
                0x0000000000007cb8        0xa kernel/libkernel.a(queue.c.obj)
                0x0000000000007cb8                k_queue_append
 .text.k_queue_prepend
                0x0000000000007cc2        0xa kernel/libkernel.a(queue.c.obj)
                0x0000000000007cc2                k_queue_prepend
 .text.k_queue_append_list
                0x0000000000007ccc       0x34 kernel/libkernel.a(queue.c.obj)
                0x0000000000007ccc                k_queue_append_list
 .text._impl_k_queue_get
                0x0000000000007d00       0xb8 kernel/libkernel.a(queue.c.obj)
                0x0000000000007d00                _impl_k_queue_get
 .text.sys_dlist_remove
                0x0000000000007db8        0xc kernel/libkernel.a(sched.c.obj)
 .text.reset_time_slice
                0x0000000000007dc4       0x24 kernel/libkernel.a(sched.c.obj)
 .text.k_spin_lock.isra.10
                0x0000000000007de8        0xe kernel/libkernel.a(sched.c.obj)
 *fill*         0x0000000000007df6        0x2 
 .text.update_cache
                0x0000000000007df8       0x4c kernel/libkernel.a(sched.c.obj)
 .text._is_t1_higher_prio_than_t2
                0x0000000000007e44       0x12 kernel/libkernel.a(sched.c.obj)
                0x0000000000007e44                _is_t1_higher_prio_than_t2
 *fill*         0x0000000000007e56        0x2 
 .text.k_sched_time_slice_set
                0x0000000000007e58       0x4c kernel/libkernel.a(sched.c.obj)
                0x0000000000007e58                k_sched_time_slice_set
 .text._remove_thread_from_ready_q
                0x0000000000007ea4       0x38 kernel/libkernel.a(sched.c.obj)
                0x0000000000007ea4                _remove_thread_from_ready_q
 .text._find_first_thread_to_unpend
                0x0000000000007edc       0x18 kernel/libkernel.a(sched.c.obj)
                0x0000000000007edc                _find_first_thread_to_unpend
 .text._unpend_thread_no_timeout
                0x0000000000007ef4       0x22 kernel/libkernel.a(sched.c.obj)
                0x0000000000007ef4                _unpend_thread_no_timeout
 .text._unpend_first_thread
                0x0000000000007f16       0x1c kernel/libkernel.a(sched.c.obj)
                0x0000000000007f16                _unpend_first_thread
 .text._unpend_thread
                0x0000000000007f32       0x14 kernel/libkernel.a(sched.c.obj)
                0x0000000000007f32                _unpend_thread
 *fill*         0x0000000000007f46        0x2 
 .text._reschedule
                0x0000000000007f48       0x30 kernel/libkernel.a(sched.c.obj)
                0x0000000000007f48                _reschedule
 .text.k_sched_unlock
                0x0000000000007f78       0x34 kernel/libkernel.a(sched.c.obj)
                0x0000000000007f78                k_sched_unlock
 .text._priq_dumb_add
                0x0000000000007fac       0x40 kernel/libkernel.a(sched.c.obj)
                0x0000000000007fac                _priq_dumb_add
 .text._add_thread_to_ready_q
                0x0000000000007fec       0x2c kernel/libkernel.a(sched.c.obj)
                0x0000000000007fec                _add_thread_to_ready_q
 .text._ready_thread
                0x0000000000008018       0x12 kernel/libkernel.a(sched.c.obj)
 .text.z_thread_timeout
                0x000000000000802a       0x2a kernel/libkernel.a(sched.c.obj)
                0x000000000000802a                z_thread_timeout
 .text._move_thread_to_end_of_prio_q
                0x0000000000008054       0x3c kernel/libkernel.a(sched.c.obj)
                0x0000000000008054                _move_thread_to_end_of_prio_q
 .text.z_time_slice
                0x0000000000008090       0x58 kernel/libkernel.a(sched.c.obj)
                0x0000000000008090                z_time_slice
 .text.pend     0x00000000000080e8       0x54 kernel/libkernel.a(sched.c.obj)
 .text._pend_current_thread
                0x000000000000813c       0x1c kernel/libkernel.a(sched.c.obj)
                0x000000000000813c                _pend_current_thread
 .text._unpend_all
                0x0000000000008158       0x20 kernel/libkernel.a(sched.c.obj)
                0x0000000000008158                _unpend_all
 .text._sched_init
                0x0000000000008178       0x18 kernel/libkernel.a(sched.c.obj)
                0x0000000000008178                _sched_init
 .text._impl_k_yield
                0x0000000000008190       0x54 kernel/libkernel.a(sched.c.obj)
                0x0000000000008190                _impl_k_yield
 .text._impl_k_current_get
                0x00000000000081e4        0xc kernel/libkernel.a(sched.c.obj)
                0x00000000000081e4                _impl_k_current_get
 .text._impl_k_sem_init
                0x00000000000081f0       0x12 kernel/libkernel.a(sem.c.obj)
                0x00000000000081f0                _impl_k_sem_init
 .text._impl_k_sem_give
                0x0000000000008202       0x4e kernel/libkernel.a(sem.c.obj)
                0x0000000000008202                _impl_k_sem_give
 .text._impl_k_sem_take
                0x0000000000008250       0x38 kernel/libkernel.a(sem.c.obj)
                0x0000000000008250                _impl_k_sem_take
 .text.k_sys_work_q_init
                0x0000000000008288       0x30 kernel/libkernel.a(system_work_q.c.obj)
 .text.schedule_new_thread.part.8
                0x00000000000082b8       0x44 kernel/libkernel.a(thread.c.obj)
 .text._ready_thread
                0x00000000000082fc       0x12 kernel/libkernel.a(thread.c.obj)
 *fill*         0x000000000000830e        0x2 
 .text.k_is_in_isr
                0x0000000000008310       0x20 kernel/libkernel.a(thread.c.obj)
                0x0000000000008310                k_is_in_isr
 .text._is_thread_essential
                0x0000000000008330       0x10 kernel/libkernel.a(thread.c.obj)
                0x0000000000008330                _is_thread_essential
 .text._impl_k_thread_name_set
                0x0000000000008340        0x2 kernel/libkernel.a(thread.c.obj)
                0x0000000000008340                _impl_k_thread_name_set
 .text._impl_k_thread_start
                0x0000000000008342       0x2e kernel/libkernel.a(thread.c.obj)
                0x0000000000008342                _impl_k_thread_start
 .text._setup_new_thread
                0x0000000000008370       0x34 kernel/libkernel.a(thread.c.obj)
                0x0000000000008370                _setup_new_thread
 .text._impl_k_thread_create
                0x00000000000083a4       0x40 kernel/libkernel.a(thread.c.obj)
                0x00000000000083a4                _impl_k_thread_create
 .text._k_thread_single_abort
                0x00000000000083e4       0x40 kernel/libkernel.a(thread.c.obj)
                0x00000000000083e4                _k_thread_single_abort
 .text._init_static_threads
                0x0000000000008424       0x98 kernel/libkernel.a(thread.c.obj)
                0x0000000000008424                _init_static_threads
 .text._init_thread_base
                0x00000000000084bc       0x12 kernel/libkernel.a(thread.c.obj)
                0x00000000000084bc                _init_thread_base
 *fill*         0x00000000000084ce        0x2 
 .text.k_work_q_start
                0x00000000000084d0       0x48 kernel/libkernel.a(work_q.c.obj)
                0x00000000000084d0                k_work_q_start
 .text.elapsed  0x0000000000008518       0x14 kernel/libkernel.a(timeout.c.obj)
 .text.k_spin_lock.isra.1
                0x000000000000852c        0xe kernel/libkernel.a(timeout.c.obj)
 *fill*         0x000000000000853a        0x2 
 .text.remove_timeout
                0x000000000000853c       0x38 kernel/libkernel.a(timeout.c.obj)
 .text._abort_timeout
                0x0000000000008574       0x1e kernel/libkernel.a(timeout.c.obj)
                0x0000000000008574                _abort_timeout
 *fill*         0x0000000000008592        0x2 
 .text._get_next_timeout_expiry
                0x0000000000008594       0x5c kernel/libkernel.a(timeout.c.obj)
                0x0000000000008594                _get_next_timeout_expiry
 .text._add_timeout
                0x00000000000085f0       0x78 kernel/libkernel.a(timeout.c.obj)
                0x00000000000085f0                _add_timeout
 .text.z_set_timeout_expiry
                0x0000000000008668       0x2a kernel/libkernel.a(timeout.c.obj)
                0x0000000000008668                z_set_timeout_expiry
 *fill*         0x0000000000008692        0x2 
 .text.z_clock_announce
                0x0000000000008694       0x94 kernel/libkernel.a(timeout.c.obj)
                0x0000000000008694                z_clock_announce
 .text.z_tick_get
                0x0000000000008728       0x2c kernel/libkernel.a(timeout.c.obj)
                0x0000000000008728                z_tick_get
 .text.z_tick_get_32
                0x0000000000008754        0x8 kernel/libkernel.a(timeout.c.obj)
                0x0000000000008754                z_tick_get_32
 .text._impl_k_uptime_get_32
                0x000000000000875c       0x18 kernel/libkernel.a(timeout.c.obj)
                0x000000000000875c                _impl_k_uptime_get_32
 .text._impl_k_uptime_get
                0x0000000000008774       0x20 kernel/libkernel.a(timeout.c.obj)
                0x0000000000008774                _impl_k_uptime_get
 .text.clear_event_registrations
                0x0000000000008794       0x44 kernel/libkernel.a(poll.c.obj)
 .text.signal_poll_event
                0x00000000000087d8       0x5a kernel/libkernel.a(poll.c.obj)
 .text.add_event
                0x0000000000008832       0x5e kernel/libkernel.a(poll.c.obj)
 .text.k_poll_event_init
                0x0000000000008890       0x2a kernel/libkernel.a(poll.c.obj)
                0x0000000000008890                k_poll_event_init
 *fill*         0x00000000000088ba        0x2 
 .text._impl_k_poll
                0x00000000000088bc      0x118 kernel/libkernel.a(poll.c.obj)
                0x00000000000088bc                _impl_k_poll
 .text._handle_obj_poll_events
                0x00000000000089d4       0x18 kernel/libkernel.a(poll.c.obj)
                0x00000000000089d4                _handle_obj_poll_events
 .text._OffsetAbsSyms
                0x00000000000089ec        0x2 CMakeFiles/offsets.dir/arch/arm/core/offsets/offsets.c.obj
                0x00000000000089ec                _OffsetAbsSyms
 *(.gnu.linkonce.t.*)
 *(.glue_7t)
 .glue_7t       0x00000000000089ee        0x0 linker stubs
 *(.glue_7)
 .glue_7        0x00000000000089ee        0x0 linker stubs
 *(.vfp11_veneer)
 .vfp11_veneer  0x00000000000089ee        0x0 linker stubs
 *(.v4_bx)
 .v4_bx         0x00000000000089ee        0x0 linker stubs
                0x00000000000089ee                _image_text_end = .

.ARM.extab
 *(.ARM.extab* .gnu.linkonce.armextab.*)

.ARM.exidx      0x00000000000089f0        0x8
                0x00000000000089f0                __exidx_start = .
 *(.ARM.exidx* gnu.linkonce.armexidx.*)
 .ARM.exidx     0x00000000000089f0        0x8 /opt/zephyr-sdk/sysroots/armv5-zephyr-eabi/usr/lib/arm-zephyr-eabi/6.2.0/armv7e-m/libgcc.a(_udivmoddi4.o)
                0x00000000000089f8                __exidx_end = .
                0x00000000000089f8                _image_rodata_start = .

sw_isr_table    0x00000000000089f8      0x138
 *(.gnu.linkonce.sw_isr_table)
 .gnu.linkonce.sw_isr_table
                0x00000000000089f8      0x138 libzephyr.a(isr_tables.c.obj)
                0x00000000000089f8                _sw_isr_table

ctors           0x0000000000008b30        0x8
                0x0000000000008b30                . = ALIGN (0x4)
                0x0000000000008b30                __CTOR_LIST__ = .
                0x0000000000008b30        0x4 LONG 0x0 (((__CTOR_END__ - __CTOR_LIST__) / 0x4) - 0x2)
 *(SORT(.ctors*))
                0x0000000000008b34        0x4 LONG 0x0
                0x0000000000008b38                __CTOR_END__ = .

init_array      0x0000000000008b38        0x4
                0x0000000000008b38                . = ALIGN (0x4)
                0x0000000000008b38                __init_array_start = .
 *(SORT(.init_array*))
 .init_array    0x0000000000008b38        0x4 ../app/libapp.a(main.cpp.obj)
                0x0000000000008b3c                __init_array_end = .

devconfig       0x0000000000008b3c       0x9c
                0x0000000000008b3c                __devconfig_start = .
 *(.devconfig.*)
 .devconfig.init
                0x0000000000008b3c        0xc libzephyr.a(soc.c.obj)
 .devconfig.init
                0x0000000000008b48        0xc libzephyr.a(uart_console.c.obj)
 .devconfig.init
                0x0000000000008b54       0x18 libzephyr.a(nrf5_power_clock.c.obj)
 .devconfig.init
                0x0000000000008b6c        0xc libzephyr.a(sys_clock_init.c.obj)
 .devconfig.init
                0x0000000000008b78        0xc arch/arm/core/cortex_m/mpu/libarch__arm__core__cortex_m__mpu.a(arm_mpu.c.obj)
 .devconfig.init
                0x0000000000008b84        0xc subsys/bluetooth/controller/libsubsys__bluetooth__controller.a(hci_driver.c.obj)
 .devconfig.init
                0x0000000000008b90        0xc drivers/gpio/libdrivers__gpio.a(gpio_nrfx.c.obj)
 .devconfig.init
                0x0000000000008b9c        0xc drivers/pwm/libdrivers__pwm.a(pwm_nrf5_sw.c.obj)
 .devconfig.init
                0x0000000000008ba8        0xc drivers/serial/libdrivers__serial.a(uart_nrfx_uart.c.obj)
 .devconfig.init
                0x0000000000008bb4        0xc drivers/entropy/libdrivers__entropy.a(entropy_nrf5.c.obj)
 .devconfig.init
                0x0000000000008bc0        0xc kernel/libkernel.a(mempool.c.obj)
 .devconfig.init
                0x0000000000008bcc        0xc kernel/libkernel.a(system_work_q.c.obj)
 *(SORT(.devconfig*))
                0x0000000000008bd8                __devconfig_end = .

net_l2          0x0000000000008bd8        0x0
                0x0000000000008bd8                __net_l2_start = .
 *(.net_l2.init)
 *(SORT(.net_l2.init*))
                0x0000000000008bd8                __net_l2_end = .

log_const_sections
                0x0000000000008bd8        0x0
                0x0000000000008bd8                __log_const_start = .
 *(SORT(.log_const_*))
                0x0000000000008bd8                __log_const_end = .

log_backends_sections
                0x0000000000008bd8        0x0
                0x0000000000008bd8                __log_backends_start = .
 *(.log_backends)
                0x0000000000008bd8                __log_backends_end = .

shell_root_cmds_sections
                0x0000000000008bd8        0x0
                0x0000000000008bd8                __shell_root_cmds_start = .
 *(SORT(.shell_root_cmd_*))
                0x0000000000008bd8                __shell_root_cmds_end = .

font_entry_sections
                0x0000000000008bd8        0x0
                0x0000000000008bd8                __font_entry_start = .
 *(SORT(.font_entry.*))
                0x0000000000008bd8                __font_entry_end = .

rodata          0x0000000000008bd8      0x6ac
 *(.rodata)
 .rodata        0x0000000000008bd8        0x6 subsys/bluetooth/host/libsubsys__bluetooth__host.a(hci_core.c.obj)
 *(.rodata.*)
 .rodata._Z15configure_boardv.str1.1
                0x0000000000008bde        0x6 ../app/libapp.a(main.cpp.obj)
 .rodata.main.str1.1
                0x0000000000008be4       0x68 ../app/libapp.a(main.cpp.obj)
                                         0x6c (size before relaxing)
 .rodata._ZN6LedPwm11init_deviceEPcht.str1.1
                0x0000000000008c4c       0x11 ../app/libapp.a(led_pwm.cpp.obj)
 .rodata._ZN6LedPwm9set_pulseEv.str1.1
                0x0000000000008c5d       0x13 ../app/libapp.a(led_pwm.cpp.obj)
 .rodata.str1.1
                0x0000000000008c70       0x13 libzephyr.a(soc.c.obj)
                                          0x1 (size before relaxing)
 .rodata.mpu_config
                0x0000000000008c70        0x8 libzephyr.a(mpu_regions.c.obj)
                0x0000000000008c70                mpu_config
 .rodata.mpu_regions
                0x0000000000008c78       0x18 libzephyr.a(mpu_regions.c.obj)
 .rodata.str1.1
                0x0000000000008c90        0xf libzephyr.a(mpu_regions.c.obj)
 .rodata.sys_rand32_get.str1.1
                0x0000000000008c9f        0xa libzephyr.a(rand32_entropy_device.c.obj)
 .rodata.str1.1
                0x0000000000008ca9        0x1 libzephyr.a(uart_console.c.obj)
 .rodata.uart_console_init.str1.1
                0x0000000000008ca9        0x7 libzephyr.a(uart_console.c.obj)
 .rodata._k32src_clock_control_api
                0x0000000000008cb0        0xc libzephyr.a(nrf5_power_clock.c.obj)
 .rodata._m16src_clock_control_api
                0x0000000000008cbc        0xc libzephyr.a(nrf5_power_clock.c.obj)
 .rodata.str1.1
                0x0000000000008cc8       0x16 libzephyr.a(nrf5_power_clock.c.obj)
 .rodata.str1.1
                0x0000000000008cde        0xa libzephyr.a(sys_clock_init.c.obj)
 .rodata.z_clock_driver_init.str1.1
                0x0000000000008ce8        0xb libzephyr.a(nrf_rtc_timer.c.obj)
 .rodata._BusFault.isra.3.str1.1
                0x0000000000008ce8       0x7c arch/arm/core/libarch__arm__core.a(fault.c.obj)
 .rodata._Fault.str1.1
                0x0000000000008d64       0xd3 arch/arm/core/libarch__arm__core.a(fault.c.obj)
 .rodata._MpuFault.isra.2.str1.1
                0x0000000000008e37       0xbd arch/arm/core/libarch__arm__core.a(fault.c.obj)
 .rodata._UsageFault.isra.5.str1.1
                0x0000000000008ef4       0xd4 arch/arm/core/libarch__arm__core.a(fault.c.obj)
 .rodata._NanoFatalErrorHandler.str1.1
                0x0000000000008fc8       0xda arch/arm/core/libarch__arm__core.a(fatal.c.obj)
 .rodata._SysFatalErrorHandler.str1.1
                0x00000000000090a2       0x5a arch/arm/core/libarch__arm__core.a(sys_fatal_error_handler.c.obj)
 .rodata.str1.1
                0x00000000000090fc        0x1 arch/arm/core/cortex_m/mpu/libarch__arm__core__cortex_m__mpu.a(arm_mpu.c.obj)
 .rodata.net_buf_fixed_alloc_hci_cmd_pool
                0x00000000000090fc        0x8 subsys/bluetooth/host/libsubsys__bluetooth__host.a(hci_core.c.obj)
 .rodata.net_buf_fixed_alloc_hci_rx_pool
                0x0000000000009104        0x8 subsys/bluetooth/host/libsubsys__bluetooth__host.a(hci_core.c.obj)
 .rodata.net_buf_fixed_hci_cmd_pool
                0x000000000000910c        0x8 subsys/bluetooth/host/libsubsys__bluetooth__host.a(hci_core.c.obj)
 .rodata.net_buf_fixed_hci_rx_pool
                0x0000000000009114        0x8 subsys/bluetooth/host/libsubsys__bluetooth__host.a(hci_core.c.obj)
 .rodata.drv    0x000000000000911c       0x14 subsys/bluetooth/controller/libsubsys__bluetooth__controller.a(hci_driver.c.obj)
 .rodata.str1.1
                0x0000000000009130        0xb subsys/bluetooth/controller/libsubsys__bluetooth__controller.a(hci_driver.c.obj)
                                          0xc (size before relaxing)
 .rodata.hci_cmd_handle.str1.1
                0x000000000000913b       0x13 subsys/bluetooth/controller/libsubsys__bluetooth__controller.a(hci.c.obj)
 .rodata.hci_evt_encode.str1.1
                0x000000000000914e       0x4c subsys/bluetooth/controller/libsubsys__bluetooth__controller.a(hci.c.obj)
 .rodata.radio_adv_enable.str1.1
                0x000000000000919a        0xb subsys/bluetooth/controller/libsubsys__bluetooth__controller.a(ctrl.c.obj)
 .rodata.ll_init.str1.1
                0x000000000000919a       0x20 subsys/bluetooth/controller/libsubsys__bluetooth__controller.a(ll.c.obj)
 .rodata.caller_id_lut
                0x000000000000919a        0x4 subsys/bluetooth/controller/libsubsys__bluetooth__controller.a(ticker.c.obj)
 *fill*         0x000000000000919e        0x2 
 .rodata.net_buf_fixed_cb
                0x00000000000091a0        0xc subsys/net/libsubsys__net.a(buf.c.obj)
                0x00000000000091a0                net_buf_fixed_cb
 .rodata.gpio_nrfx_drv_api_funcs
                0x00000000000091ac       0x1c drivers/gpio/libdrivers__gpio.a(gpio_nrfx.c.obj)
 .rodata.gpio_nrfx_p0_cfg
                0x00000000000091c8        0x8 drivers/gpio/libdrivers__gpio.a(gpio_nrfx.c.obj)
 .rodata.str1.1
                0x00000000000091d0        0x7 drivers/gpio/libdrivers__gpio.a(gpio_nrfx.c.obj)
 *fill*         0x00000000000091d7        0x1 
 .rodata.pwm_nrf5_sw_0_config
                0x00000000000091d8        0x8 drivers/pwm/libdrivers__pwm.a(pwm_nrf5_sw.c.obj)
 .rodata.pwm_nrf5_sw_drv_api_funcs
                0x00000000000091e0        0x8 drivers/pwm/libdrivers__pwm.a(pwm_nrf5_sw.c.obj)
 .rodata.str1.1
                0x00000000000091e8        0x6 drivers/pwm/libdrivers__pwm.a(pwm_nrf5_sw.c.obj)
 .rodata.str1.1
                0x00000000000091e8        0x7 drivers/serial/libdrivers__serial.a(uart_nrfx_uart.c.obj)
 .rodata.uart_nrfx_uart0_config
                0x00000000000091e8        0x1 drivers/serial/libdrivers__serial.a(uart_nrfx_uart.c.obj)
 *fill*         0x00000000000091e9        0x3 
 .rodata.uart_nrfx_uart_driver_api
                0x00000000000091ec       0x14 drivers/serial/libdrivers__serial.a(uart_nrfx_uart.c.obj)
 .rodata.entropy_nrf5_api_funcs
                0x0000000000009200        0x8 drivers/entropy/libdrivers__entropy.a(entropy_nrf5.c.obj)
 .rodata.str1.1
                0x0000000000009208        0xa drivers/entropy/libdrivers__entropy.a(entropy_nrf5.c.obj)
 .rodata.config_levels.9132
                0x0000000000009208       0x14 kernel/libkernel.a(device.c.obj)
 .rodata._k_neg_eagain
                0x000000000000921c        0x4 kernel/libkernel.a(errno.c.obj)
                0x000000000000921c                _k_neg_eagain
 .rodata._Cstart.str1.1
                0x0000000000009220        0xa kernel/libkernel.a(init.c.obj)
 *fill*         0x000000000000922a        0x2 
 .rodata._idle_thread
                0x000000000000922c        0x4 kernel/libkernel.a(init.c.obj)
                0x000000000000922c                _idle_thread
 .rodata.bg_thread_main.str1.1
                0x0000000000009230       0x3f kernel/libkernel.a(init.c.obj)
 .rodata.str1.1
                0x000000000000926f        0x1 kernel/libkernel.a(mempool.c.obj)
 .rodata.k_sys_work_q_init.str1.1
                0x000000000000926f        0x9 kernel/libkernel.a(system_work_q.c.obj)
 .rodata.str1.1
                0x0000000000009278        0x1 kernel/libkernel.a(system_work_q.c.obj)
 .rodata.k_work_q_start.str1.1
                0x0000000000009278        0xa kernel/libkernel.a(work_q.c.obj)
 *(.gnu.linkonce.r.*)
                0x0000000000009284                . = ALIGN (0x4)
 *fill*         0x0000000000009282        0x2 
                0x0000000000009284                _image_rodata_end = .
                0x0000000000009284                _image_rom_end = .

.got            0x0000000020000000        0x0
 *(.got.plt)
 *(.igot.plt)
 .igot.plt      0x0000000020000000        0x0 ../app/libapp.a(ic_version.c.obj)
 *(.got)
 *(.igot)
                0x0000000020000000                . = 0x20000000
                0x0000000020000000                . = ALIGN (_region_min_align)
                0x0000000020000000                _image_ram_start = .

bss             0x0000000020000000      0xf00
                0x0000000020000000                . = ALIGN (0x4)
                0x0000000020000000                __bss_start = .
                0x0000000020000000                __kernel_ram_start = .
 *(.bss)
 .bss           0x0000000020000000       0x10 /opt/zephyr-sdk/sysroots/armv5-zephyr-eabi/usr/lib/arm-zephyr-eabi/6.2.0/armv7e-m/libgcc.a(_ctors.o)
                0x0000000020000000                __DTOR_LIST__
 *(.bss.*)
 .bss.led_pwm   0x0000000020000010        0xc ../app/libapp.a(main.cpp.obj)
                0x0000000020000010                led_pwm
 .bss.entropy_driver
                0x000000002000001c        0x4 libzephyr.a(rand32_entropy_device.c.obj)
 .bss.uart_console_dev
                0x0000000020000020        0x4 libzephyr.a(uart_console.c.obj)
 .bss.k32src_initialized
                0x0000000020000024        0x1 libzephyr.a(nrf5_power_clock.c.obj)
 .bss.m16src_grd
                0x0000000020000025        0x1 libzephyr.a(nrf5_power_clock.c.obj)
 .bss.m16src_ref
                0x0000000020000026        0x1 libzephyr.a(nrf5_power_clock.c.obj)
 *fill*         0x0000000020000027        0x1 
 .bss.last_count
                0x0000000020000028        0x4 libzephyr.a(nrf_rtc_timer.c.obj)
 .bss.cmd_data  0x000000002000002c       0x10 subsys/bluetooth/host/libsubsys__bluetooth__host.a(hci_core.c.obj)
 .bss.ready_cb  0x000000002000003c        0x4 subsys/bluetooth/host/libsubsys__bluetooth__host.a(hci_core.c.obj)
 .bss.mfl       0x0000000020000040       0x80 subsys/bluetooth/controller/libsubsys__bluetooth__controller.a(mayfly.c.obj)
 .bss.mfp       0x00000000200000c0        0x4 subsys/bluetooth/controller/libsubsys__bluetooth__controller.a(mayfly.c.obj)
 .bss.mft       0x00000000200000c4       0xc0 subsys/bluetooth/controller/libsubsys__bluetooth__controller.a(mayfly.c.obj)
 .bss._instance
                0x0000000020000184       0x2c subsys/bluetooth/controller/libsubsys__bluetooth__controller.a(ticker.c.obj)
 .bss.pub_addr  0x00000000200001b0        0x6 subsys/bluetooth/controller/libsubsys__bluetooth__controller.a(ll_addr.c.obj)
 .bss.rnd_addr  0x00000000200001b6        0x6 subsys/bluetooth/controller/libsubsys__bluetooth__controller.a(ll_addr.c.obj)
 .bss.prio_recv_thread_data
                0x00000000200001bc       0x6c subsys/bluetooth/controller/libsubsys__bluetooth__controller.a(hci_driver.c.obj)
                0x00000000200001bc                prio_recv_thread_data
 .bss.recv_thread_data
                0x0000000020000228       0x6c subsys/bluetooth/controller/libsubsys__bluetooth__controller.a(hci_driver.c.obj)
                0x0000000020000228                recv_thread_data
 .bss._opcode   0x0000000020000294        0x2 subsys/bluetooth/controller/libsubsys__bluetooth__controller.a(hci.c.obj)
 *fill*         0x0000000020000296        0x2 
 .bss._radio    0x0000000020000298      0x184 subsys/bluetooth/controller/libsubsys__bluetooth__controller.a(ctrl.c.obj)
 .bss.done.12377
                0x000000002000041c        0x1 subsys/bluetooth/controller/libsubsys__bluetooth__controller.a(ctrl.c.obj)
 *fill*         0x000000002000041d        0x3 
 .bss.link_inact.12746
                0x0000000020000420        0x8 subsys/bluetooth/controller/libsubsys__bluetooth__controller.a(ctrl.c.obj)
 .bss.link_radio.12765
                0x0000000020000428        0x8 subsys/bluetooth/controller/libsubsys__bluetooth__controller.a(ctrl.c.obj)
 .bss.link_xtal.12752
                0x0000000020000430        0x8 subsys/bluetooth/controller/libsubsys__bluetooth__controller.a(ctrl.c.obj)
 .bss.s_active.12329
                0x0000000020000438        0x1 subsys/bluetooth/controller/libsubsys__bluetooth__controller.a(ctrl.c.obj)
 *fill*         0x0000000020000439        0x3 
 .bss.s_link.12338
                0x000000002000043c        0x8 subsys/bluetooth/controller/libsubsys__bluetooth__controller.a(ctrl.c.obj)
 .bss.s_link.12352
                0x0000000020000444        0x8 subsys/bluetooth/controller/libsubsys__bluetooth__controller.a(ctrl.c.obj)
 .bss.s_link.12366
                0x000000002000044c        0x8 subsys/bluetooth/controller/libsubsys__bluetooth__controller.a(ctrl.c.obj)
 .bss.s_link.12389
                0x0000000020000454        0x8 subsys/bluetooth/controller/libsubsys__bluetooth__controller.a(ctrl.c.obj)
 .bss.s_link.12395
                0x000000002000045c       0x10 subsys/bluetooth/controller/libsubsys__bluetooth__controller.a(ctrl.c.obj)
 .bss.s_link.12518
                0x000000002000046c        0x8 subsys/bluetooth/controller/libsubsys__bluetooth__controller.a(ctrl.c.obj)
 .bss.s_link.12545
                0x0000000020000474        0x8 subsys/bluetooth/controller/libsubsys__bluetooth__controller.a(ctrl.c.obj)
 .bss.s_xtal_retained.12388
                0x000000002000047c        0x1 subsys/bluetooth/controller/libsubsys__bluetooth__controller.a(ctrl.c.obj)
 *fill*         0x000000002000047d        0x3 
 .bss._radio    0x0000000020000480      0x224 subsys/bluetooth/controller/libsubsys__bluetooth__controller.a(ll.c.obj)
 .bss._ticker_nodes
                0x00000000200006a4      0x118 subsys/bluetooth/controller/libsubsys__bluetooth__controller.a(ll.c.obj)
 .bss._ticker_user_ops
                0x00000000200007bc      0x270 subsys/bluetooth/controller/libsubsys__bluetooth__controller.a(ll.c.obj)
 .bss._ticker_users
                0x0000000020000a2c       0x20 subsys/bluetooth/controller/libsubsys__bluetooth__controller.a(ll.c.obj)
 .bss.sem_recv  0x0000000020000a4c        0x4 subsys/bluetooth/controller/libsubsys__bluetooth__controller.a(ll.c.obj)
 .bss.ll_adv    0x0000000020000a50        0x8 subsys/bluetooth/controller/libsubsys__bluetooth__controller.a(ll_adv.c.obj)
 .bss.wl_anon   0x0000000020000a58        0x1 subsys/bluetooth/controller/libsubsys__bluetooth__controller.a(ll_filter.c.obj)
                0x0000000020000a58                wl_anon
 .bss.wl_filter
                0x0000000020000a59       0x32 subsys/bluetooth/controller/libsubsys__bluetooth__controller.a(ll_filter.c.obj)
 .bss._refcount
                0x0000000020000a8b        0x1 subsys/bluetooth/controller/libsubsys__bluetooth__controller.a(cntr.c.obj)
 .bss._ccm_scratch
                0x0000000020000a8c      0x10b subsys/bluetooth/controller/libsubsys__bluetooth__controller.a(radio.c.obj)
 *fill*         0x0000000020000b97        0x1 
 .bss._pkt_scratch
                0x0000000020000b98      0x102 subsys/bluetooth/controller/libsubsys__bluetooth__controller.a(radio.c.obj)
 *fill*         0x0000000020000c9a        0x2 
 .bss.isr_cb    0x0000000020000c9c        0x4 subsys/bluetooth/controller/libsubsys__bluetooth__controller.a(radio.c.obj)
 .bss.isr_cb_param
                0x0000000020000ca0        0x4 subsys/bluetooth/controller/libsubsys__bluetooth__controller.a(radio.c.obj)
 .bss.sw_tifs_toggle
                0x0000000020000ca4        0x1 subsys/bluetooth/controller/libsubsys__bluetooth__controller.a(radio.c.obj)
 *fill*         0x0000000020000ca5        0x3 
 .bss.link.10653
                0x0000000020000ca8        0x8 subsys/bluetooth/controller/libsubsys__bluetooth__controller.a(ticker.c.obj)
 .bss.link.10662
                0x0000000020000cb0        0x8 subsys/bluetooth/controller/libsubsys__bluetooth__controller.a(ticker.c.obj)
 .bss.link.10669
                0x0000000020000cb8        0x8 subsys/bluetooth/controller/libsubsys__bluetooth__controller.a(ticker.c.obj)
 .bss.link.10673