Archive member included to satisfy reference by file (symbol)

../app/libapp.a(ic_version.c.obj)
                              (--whole-archive)
../app/libapp.a(leds_pwm.c.obj)
                              (--whole-archive)
../app/libapp.a(leds.c.obj)   (--whole-archive)
../app/libapp.a(main.c.obj)   (--whole-archive)
libzephyr.a(isr_tables.c.obj)
                              (--whole-archive)
libzephyr.a(sw_isr_common.c.obj)
                              (--whole-archive)
libzephyr.a(thread_entry.c.obj)
                              (--whole-archive)
libzephyr.a(work_q.c.obj)     (--whole-archive)
libzephyr.a(fdtable.c.obj)    (--whole-archive)
libzephyr.a(crc32_sw.c.obj)   (--whole-archive)
libzephyr.a(crc16_sw.c.obj)   (--whole-archive)
libzephyr.a(crc8_sw.c.obj)    (--whole-archive)
libzephyr.a(crc7_sw.c.obj)    (--whole-archive)
libzephyr.a(mempool.c.obj)    (--whole-archive)
libzephyr.a(rb.c.obj)         (--whole-archive)
libzephyr.a(printk.c.obj)     (--whole-archive)
libzephyr.a(configs.c.obj)    (--whole-archive)
libzephyr.a(power.c.obj)      (--whole-archive)
libzephyr.a(soc.c.obj)        (--whole-archive)
libzephyr.a(mpu_regions.c.obj)
                              (--whole-archive)
libzephyr.a(system_nrf52.c.obj)
                              (--whole-archive)
libzephyr.a(nrfx_glue.c.obj)  (--whole-archive)
libzephyr.a(sys_log.c.obj)    (--whole-archive)
libzephyr.a(rand32_entropy_device.c.obj)
                              (--whole-archive)
libzephyr.a(uart_console.c.obj)
                              (--whole-archive)
libzephyr.a(nrf5_power_clock.c.obj)
                              (--whole-archive)
libzephyr.a(sys_clock_init.c.obj)
                              (--whole-archive)
libzephyr.a(nrf_rtc_timer.c.obj)
                              (--whole-archive)
arch/arm/core/libarch__arm__core.a(exc_exit.S.obj)
                              (--whole-archive)
arch/arm/core/libarch__arm__core.a(irq_init.c.obj)
                              (--whole-archive)
arch/arm/core/libarch__arm__core.a(swap.c.obj)
                              (--whole-archive)
arch/arm/core/libarch__arm__core.a(swap_helper.S.obj)
                              (--whole-archive)
arch/arm/core/libarch__arm__core.a(fault.c.obj)
                              (--whole-archive)
arch/arm/core/libarch__arm__core.a(irq_manage.c.obj)
                              (--whole-archive)
arch/arm/core/libarch__arm__core.a(thread.c.obj)
                              (--whole-archive)
arch/arm/core/libarch__arm__core.a(cpu_idle.S.obj)
                              (--whole-archive)
arch/arm/core/libarch__arm__core.a(fault_s.S.obj)
                              (--whole-archive)
arch/arm/core/libarch__arm__core.a(fatal.c.obj)
                              (--whole-archive)
arch/arm/core/libarch__arm__core.a(sys_fatal_error_handler.c.obj)
                              (--whole-archive)
arch/arm/core/libarch__arm__core.a(thread_abort.c.obj)
                              (--whole-archive)
arch/arm/core/libarch__arm__core.a(isr_wrapper.S.obj)
                              (--whole-archive)
arch/arm/core/cortex_m/libarch__arm__core__cortex_m.a(vector_table.S.obj)
                              (--whole-archive)
arch/arm/core/cortex_m/libarch__arm__core__cortex_m.a(reset.S.obj)
                              (--whole-archive)
arch/arm/core/cortex_m/libarch__arm__core__cortex_m.a(nmi_on_reset.S.obj)
                              (--whole-archive)
arch/arm/core/cortex_m/libarch__arm__core__cortex_m.a(prep_c.c.obj)
                              (--whole-archive)
arch/arm/core/cortex_m/libarch__arm__core__cortex_m.a(scb.c.obj)
                              (--whole-archive)
arch/arm/core/cortex_m/libarch__arm__core__cortex_m.a(nmi.c.obj)
                              (--whole-archive)
arch/arm/core/cortex_m/libarch__arm__core__cortex_m.a(exc_manage.c.obj)
                              (--whole-archive)
arch/arm/core/cortex_m/mpu/libarch__arm__core__cortex_m__mpu.a(arm_core_mpu.c.obj)
                              (--whole-archive)
arch/arm/core/cortex_m/mpu/libarch__arm__core__cortex_m__mpu.a(arm_mpu.c.obj)
                              (--whole-archive)
lib/libc/minimal/liblib__libc__minimal.a(atoi.c.obj)
                              (--whole-archive)
lib/libc/minimal/liblib__libc__minimal.a(strtol.c.obj)
                              (--whole-archive)
lib/libc/minimal/liblib__libc__minimal.a(strtoul.c.obj)
                              (--whole-archive)
lib/libc/minimal/liblib__libc__minimal.a(malloc.c.obj)
                              (--whole-archive)
lib/libc/minimal/liblib__libc__minimal.a(strncasecmp.c.obj)
                              (--whole-archive)
lib/libc/minimal/liblib__libc__minimal.a(strstr.c.obj)
                              (--whole-archive)
lib/libc/minimal/liblib__libc__minimal.a(string.c.obj)
                              (--whole-archive)
lib/libc/minimal/liblib__libc__minimal.a(prf.c.obj)
[...]
Memory Configuration

Name             Origin             Length             Attributes
FLASH            0x0000000000000000 0x0000000000080000 xr
SRAM             0x0000000020000000 0x0000000000010000 xw
IDT_LIST         0x0000000020010000 0x0000000000000800 xw
*default*        0x0000000000000000 0xffffffffffffffff

Linker script and memory map

LOAD CMakeFiles/kernel_elf.dir/misc/empty_file.c.obj
LOAD CMakeFiles/kernel_elf.dir/isr_tables.c.obj
LOAD ../app/libapp.a
LOAD libzephyr.a
LOAD arch/arm/core/libarch__arm__core.a
LOAD arch/arm/core/cortex_m/libarch__arm__core__cortex_m.a
LOAD arch/arm/core/cortex_m/mpu/libarch__arm__core__cortex_m__mpu.a
LOAD lib/libc/minimal/liblib__libc__minimal.a
LOAD subsys/bluetooth/common/libsubsys__bluetooth__common.a
LOAD subsys/bluetooth/host/libsubsys__bluetooth__host.a
LOAD subsys/bluetooth/controller/libsubsys__bluetooth__controller.a
LOAD subsys/net/libsubsys__net.a
LOAD drivers/gpio/libdrivers__gpio.a
LOAD drivers/pwm/libdrivers__pwm.a
LOAD drivers/serial/libdrivers__serial.a
LOAD drivers/entropy/libdrivers__entropy.a
LOAD kernel/libkernel.a
LOAD CMakeFiles/offsets.dir/arch/arm/core/offsets/offsets.c.obj
LOAD /opt/zephyr-sdk/sysroots/armv5-zephyr-eabi/usr/lib/arm-zephyr-eabi/6.2.0/armv7e-m/libgcc.a
                0x0000000000000020                _region_min_align = 0x20

.rel.plt        0x0000000000000000        0x0
 *(.rel.plt)
                [!provide]                        PROVIDE (__rel_iplt_start, .)
 *(.rel.iplt)
 .rel.iplt      0x0000000000000000        0x0 CMakeFiles/kernel_elf.dir/isr_tables.c.obj
                [!provide]                        PROVIDE (__rel_iplt_end, .)

.rela.plt       0x0000000000000000        0x0
 *(.rela.plt)
                [!provide]                        PROVIDE (__rela_iplt_start, .)
 *(.rela.iplt)
                [!provide]                        PROVIDE (__rela_iplt_end, .)

.rel.dyn
 *(.rel.*)

.rela.dyn
 *(.rela.*)

.plt
 *(.plt)

.iplt           0x0000000000000000        0x0
 *(.iplt)
 .iplt          0x0000000000000000        0x0 CMakeFiles/kernel_elf.dir/isr_tables.c.obj
                0x0000000000000000                _image_rom_start = 0x0

text            0x0000000000000000       0xdc
                0x0000000000000000                . = 0x0
                0x0000000000000000                _vector_start = .
 *(.exc_vector_table)
 *(.exc_vector_table.*)
 .exc_vector_table._vector_table_section
                0x0000000000000000       0x40 arch/arm/core/cortex_m/libarch__arm__core__cortex_m.a(vector_table.S.obj)
                0x0000000000000000                _vector_table
 *(.gnu.linkonce.irq_vector_table)
 .gnu.linkonce.irq_vector_table
                0x0000000000000040       0x9c CMakeFiles/kernel_elf.dir/isr_tables.c.obj
                0x0000000000000040                _irq_vector_table
 *(.vectors)
 *(.openocd_dbg)
 *(.openocd_dbg.*)
 *(.kinetis_flash_config)
 *(.kinetis_flash_config.*)
                0x00000000000000dc                _vector_end = .

_TEXT_SECTION_NAME_2
                0x00000000000000e0     0x8a06
                0x00000000000000e0                _image_text_start = .
 *(.text)
 .text          0x00000000000000e0       0xa0 /opt/zephyr-sdk/sysroots/armv5-zephyr-eabi/usr/lib/arm-zephyr-eabi/6.2.0/armv7e-m/libgcc.a(_aeabi_ldivmod.o)
                0x00000000000000e0                __aeabi_ldivmod
 .text          0x0000000000000180       0x30 /opt/zephyr-sdk/sysroots/armv5-zephyr-eabi/usr/lib/arm-zephyr-eabi/6.2.0/armv7e-m/libgcc.a(_aeabi_uldivmod.o)
                0x0000000000000180                __aeabi_uldivmod
 .text          0x00000000000001b0      0x2dc /opt/zephyr-sdk/sysroots/armv5-zephyr-eabi/usr/lib/arm-zephyr-eabi/6.2.0/armv7e-m/libgcc.a(_udivmoddi4.o)
                0x00000000000001b0                __udivmoddi4
 .text          0x000000000000048c        0x4 /opt/zephyr-sdk/sysroots/armv5-zephyr-eabi/usr/lib/arm-zephyr-eabi/6.2.0/armv7e-m/libgcc.a(_dvmd_tls.o)
                0x000000000000048c                __aeabi_ldiv0
                0x000000000000048c                __aeabi_idiv0
 *(.text.*)
 .text.version_get_major
                0x0000000000000490        0x4 ../app/libapp.a(ic_version.c.obj)
                0x0000000000000490                version_get_major
 .text.version_get_minor
                0x0000000000000494        0x4 ../app/libapp.a(ic_version.c.obj)
                0x0000000000000494                version_get_minor
 .text.version_get_build
                0x0000000000000498        0x4 ../app/libapp.a(ic_version.c.obj)
                0x0000000000000498                version_get_build
 .text.pwm_pin_set_usec
                0x000000000000049c       0x7c ../app/libapp.a(leds_pwm.c.obj)
 .text.leds_pwm_init_device
                0x0000000000000518       0x54 ../app/libapp.a(leds_pwm.c.obj)
                0x0000000000000518                leds_pwm_init_device
 .text.leds_pwm_change_pulse
                0x000000000000056c       0x1c ../app/libapp.a(leds_pwm.c.obj)
                0x000000000000056c                leds_pwm_change_pulse
 .text.leds_pwm_set_pulse
                0x0000000000000588       0x34 ../app/libapp.a(leds_pwm.c.obj)
                0x0000000000000588                leds_pwm_set_pulse
 .text.leds_init_device
                0x00000000000005bc       0x24 ../app/libapp.a(leds.c.obj)
                0x00000000000005bc                leds_init_device
 .text.leds_configure
                0x00000000000005e0       0x2a ../app/libapp.a(leds.c.obj)
                0x00000000000005e0                leds_configure
 .text.leds_turn_on_led
                0x000000000000060a       0x26 ../app/libapp.a(leds.c.obj)
                0x000000000000060a                leds_turn_on_led
 .text.leds_turn_off_led
                0x0000000000000630       0x22 ../app/libapp.a(leds.c.obj)
                0x0000000000000630                leds_turn_off_led
 *fill*         0x0000000000000652        0x2 
 .text.configure_board
                0x0000000000000654       0x68 ../app/libapp.a(main.c.obj)
                0x0000000000000654                configure_board
 .text.main     0x00000000000006bc      0x108 ../app/libapp.a(main.c.obj)
                0x00000000000006bc                main
 .text._thread_entry
                0x00000000000007c4       0x14 libzephyr.a(thread_entry.c.obj)
                0x00000000000007c4                _thread_entry
 .text.z_work_q_main
                0x00000000000007d8       0x3e libzephyr.a(work_q.c.obj)
                0x00000000000007d8                z_work_q_main
 .text.get_bit_ptr
                0x0000000000000816       0x2a libzephyr.a(mempool.c.obj)
 .text.set_free_bit
                0x0000000000000840       0x1c libzephyr.a(mempool.c.obj)
 .text.clear_free_bit
                0x000000000000085c       0x1e libzephyr.a(mempool.c.obj)
 .text._sys_mem_pool_base_init
                0x000000000000087a       0x9a libzephyr.a(mempool.c.obj)
                0x000000000000087a                _sys_mem_pool_base_init
 .text._sys_mem_pool_block_alloc
                0x0000000000000914      0x1b8 libzephyr.a(mempool.c.obj)
                0x0000000000000914                _sys_mem_pool_block_alloc
 .text._sys_mem_pool_block_free
                0x0000000000000acc      0x158 libzephyr.a(mempool.c.obj)
                0x0000000000000acc                _sys_mem_pool_block_free
 .text.z_arch_printk_char_out
                0x0000000000000c24        0x4 libzephyr.a(printk.c.obj)
                0x0000000000000c24                z_arch_printk_char_out
 .text.char_out
                0x0000000000000c28       0x10 libzephyr.a(printk.c.obj)
 .text._printk_dec_ulong
                0x0000000000000c38       0xa0 libzephyr.a(printk.c.obj)
 .text.str_out  0x0000000000000cd8       0x2a libzephyr.a(printk.c.obj)
 *fill*         0x0000000000000d02        0x2 
 .text.__printk_hook_install
                0x0000000000000d04        0xc libzephyr.a(printk.c.obj)
                0x0000000000000d04                __printk_hook_install
 .text._vprintk
                0x0000000000000d10      0x25e libzephyr.a(printk.c.obj)
                0x0000000000000d10                _vprintk
 *fill*         0x0000000000000f6e        0x2 
 .text.vprintk  0x0000000000000f70       0x20 libzephyr.a(printk.c.obj)
                0x0000000000000f70                vprintk
 .text.printk   0x0000000000000f90       0x1a libzephyr.a(printk.c.obj)
                0x0000000000000f90                printk
 *fill*         0x0000000000000faa        0x2 
 .text.snprintk
                0x0000000000000fac       0x38 libzephyr.a(printk.c.obj)
                0x0000000000000fac                snprintk
 .text._ConfigAbsSyms
                0x0000000000000fe4        0x2 libzephyr.a(configs.c.obj)
                0x0000000000000fe4                _ConfigAbsSyms
 *fill*         0x0000000000000fe6        0x2 
 .text.nordicsemi_nrf52_init
                0x0000000000000fe8       0x3c libzephyr.a(soc.c.obj)
 .text.errata_57
                0x0000000000001024       0x34 libzephyr.a(system_nrf52.c.obj)
 .text.errata_136
                0x0000000000001058       0x40 libzephyr.a(system_nrf52.c.obj)
 .text.SystemInit
                0x0000000000001098      0x24c libzephyr.a(system_nrf52.c.obj)
                0x0000000000001098                SystemInit
 .text.sys_rand32_get
                0x00000000000012e4       0x50 libzephyr.a(rand32_entropy_device.c.obj)
                0x00000000000012e4                sys_rand32_get
 .text.console_out
                0x0000000000001334       0x28 libzephyr.a(uart_console.c.obj)
 .text.uart_console_hook_install
                0x000000000000135c        0xc libzephyr.a(uart_console.c.obj)
                0x000000000000135c                uart_console_hook_install
 .text.uart_console_init
                0x0000000000001368       0x1c libzephyr.a(uart_console.c.obj)
 .text._m16src_stop
                0x0000000000001384       0x60 libzephyr.a(nrf5_power_clock.c.obj)
 .text._clock_control_init
                0x00000000000013e4       0x16 libzephyr.a(nrf5_power_clock.c.obj)
 *fill*         0x00000000000013fa        0x2 
 .text._m16src_start
                0x00000000000013fc       0xb4 libzephyr.a(nrf5_power_clock.c.obj)
 .text._power_clock_isr
                0x00000000000014b0       0xe8 libzephyr.a(nrf5_power_clock.c.obj)
 .text._k32src_start
                0x0000000000001598       0xa4 libzephyr.a(nrf5_power_clock.c.obj)
 .text.z_clock_idle_exit
                0x000000000000163c        0x2 libzephyr.a(sys_clock_init.c.obj)
                0x000000000000163c                z_clock_idle_exit
 .text.k_spin_lock.isra.0
                0x000000000000163e        0xe libzephyr.a(nrf_rtc_timer.c.obj)
 .text.rtc1_nrf5_isr
                0x000000000000164c       0x40 libzephyr.a(nrf_rtc_timer.c.obj)
                0x000000000000164c                rtc1_nrf5_isr
 .text.z_clock_driver_init
                0x000000000000168c       0x90 libzephyr.a(nrf_rtc_timer.c.obj)
                0x000000000000168c                z_clock_driver_init
 .text.z_clock_set_timeout
                0x000000000000171c       0x68 libzephyr.a(nrf_rtc_timer.c.obj)
                0x000000000000171c                z_clock_set_timeout
 .text.z_clock_elapsed
                0x0000000000001784       0x30 libzephyr.a(nrf_rtc_timer.c.obj)
                0x0000000000001784                z_clock_elapsed
 .text._timer_cycle_get_32
                0x00000000000017b4       0x28 libzephyr.a(nrf_rtc_timer.c.obj)
                0x00000000000017b4                _timer_cycle_get_32
 .text._HandlerModeExit
                0x00000000000017dc       0x1c arch/arm/core/libarch__arm__core.a(exc_exit.S.obj)
                0x00000000000017dc                _ExcExit
                0x00000000000017dc                _IntExit
 .text._IntLibInit
                0x00000000000017f8       0x18 arch/arm/core/libarch__arm__core.a(irq_init.c.obj)
                0x00000000000017f8                _IntLibInit
 .text.__swap   0x0000000000001810       0x30 arch/arm/core/libarch__arm__core.a(swap.c.obj)
                0x0000000000001810                __swap
 .text.__pendsv
                0x0000000000001840       0x44 arch/arm/core/libarch__arm__core.a(swap_helper.S.obj)
                0x0000000000001840                __pendsv
 .text.__svc    0x0000000000001884       0x24 arch/arm/core/libarch__arm__core.a(swap_helper.S.obj)
                0x0000000000001884                __svc
 .text._MpuFault.isra.2
                0x00000000000018a8       0x88 arch/arm/core/libarch__arm__core.a(fault.c.obj)
 .text._BusFault.isra.3
                0x0000000000001930       0x94 arch/arm/core/libarch__arm__core.a(fault.c.obj)
 .text._UsageFault.isra.5
                0x00000000000019c4       0x88 arch/arm/core/libarch__arm__core.a(fault.c.obj)
 .text._Fault   0x0000000000001a4c       0xcc arch/arm/core/libarch__arm__core.a(fault.c.obj)
                0x0000000000001a4c                _Fault
 .text._FaultInit
                0x0000000000001b18       0x10 arch/arm/core/libarch__arm__core.a(fault.c.obj)
                0x0000000000001b18                _FaultInit
 .text._arch_irq_enable
                0x0000000000001b28       0x20 arch/arm/core/libarch__arm__core.a(irq_manage.c.obj)
                0x0000000000001b28                _arch_irq_enable
 .text._arch_irq_disable
                0x0000000000001b48       0x28 arch/arm/core/libarch__arm__core.a(irq_manage.c.obj)
                0x0000000000001b48                _arch_irq_disable
 .text._arch_irq_is_enabled
                0x0000000000001b70       0x1c arch/arm/core/libarch__arm__core.a(irq_manage.c.obj)
                0x0000000000001b70                _arch_irq_is_enabled
 .text._irq_priority_set
                0x0000000000001b8c       0x30 arch/arm/core/libarch__arm__core.a(irq_manage.c.obj)
                0x0000000000001b8c                _irq_priority_set
 .text._irq_spurious
                0x0000000000001bbc        0x4 arch/arm/core/libarch__arm__core.a(irq_manage.c.obj)
                0x0000000000001bbc                _irq_spurious
 .text._arch_isr_direct_pm
                0x0000000000001bc0       0x1c arch/arm/core/libarch__arm__core.a(irq_manage.c.obj)
                0x0000000000001bc0                _arch_isr_direct_pm
 .text._arch_isr_direct_header
                0x0000000000001bdc        0x2 arch/arm/core/libarch__arm__core.a(irq_manage.c.obj)
                0x0000000000001bdc                _arch_isr_direct_header
 *fill*         0x0000000000001bde        0x2 
 .text._new_thread
                0x0000000000001be0       0x50 arch/arm/core/libarch__arm__core.a(thread.c.obj)
                0x0000000000001be0                _new_thread
 .text._CpuIdleInit
                0x0000000000001c30        0xc arch/arm/core/libarch__arm__core.a(cpu_idle.S.obj)
                0x0000000000001c30                _CpuIdleInit
 .text.k_cpu_idle
                0x0000000000001c3c        0xc arch/arm/core/libarch__arm__core.a(cpu_idle.S.obj)
                0x0000000000001c3c                k_cpu_idle
 .text.__fault  0x0000000000001c48       0x28 arch/arm/core/libarch__arm__core.a(fault_s.S.obj)
                0x0000000000001c48                __usage_fault
                0x0000000000001c48                __reserved
                0x0000000000001c48                __bus_fault
                0x0000000000001c48                __debug_monitor
                0x0000000000001c48                __mpu_fault
                0x0000000000001c48                __hard_fault
 .text._NanoFatalErrorHandler
                0x0000000000001c70       0x64 arch/arm/core/libarch__arm__core.a(fatal.c.obj)
                0x0000000000001c70                _NanoFatalErrorHandler
 .text._do_kernel_oops
                0x0000000000001cd4        0x8 arch/arm/core/libarch__arm__core.a(fatal.c.obj)
                0x0000000000001cd4                _do_kernel_oops
 .text._SysFatalErrorHandler
                0x0000000000001cdc       0x58 arch/arm/core/libarch__arm__core.a(sys_fatal_error_handler.c.obj)
                0x0000000000001cdc                _SysFatalErrorHandler
 .text._impl_k_thread_abort
                0x0000000000001d34       0x48 arch/arm/core/libarch__arm__core.a(thread_abort.c.obj)
                0x0000000000001d34                _impl_k_thread_abort
 .text._isr_wrapper
                0x0000000000001d7c       0x40 arch/arm/core/libarch__arm__core.a(isr_wrapper.S.obj)
                0x0000000000001d7c                _isr_wrapper
 .text._reset_section
                0x0000000000001dbc       0x24 arch/arm/core/cortex_m/libarch__arm__core__cortex_m.a(reset.S.obj)
                0x0000000000001dbc                __reset
                0x0000000000001dbc                __start
 .text._SysNmiOnReset
                0x0000000000001de0        0x8 arch/arm/core/cortex_m/libarch__arm__core__cortex_m.a(nmi_on_reset.S.obj)
                0x0000000000001de0                _SysNmiOnReset
 .text._PrepC   0x0000000000001de8       0x2c arch/arm/core/cortex_m/libarch__arm__core__cortex_m.a(prep_c.c.obj)
                0x0000000000001de8                _PrepC
 .text.__nmi    0x0000000000001e14        0xe arch/arm/core/cortex_m/libarch__arm__core__cortex_m.a(nmi.c.obj)
                0x0000000000001e14                __nmi
 *fill*         0x0000000000001e22        0x2 
 .text.arm_core_mpu_enable
                0x0000000000001e24       0x14 arch/arm/core/cortex_m/mpu/libarch__arm__core__cortex_m__mpu.a(arm_mpu.c.obj)
                0x0000000000001e24                arm_core_mpu_enable
 .text.arm_core_mpu_disable
                0x0000000000001e38       0x10 arch/arm/core/cortex_m/mpu/libarch__arm__core__cortex_m__mpu.a(arm_mpu.c.obj)
                0x0000000000001e38                arm_core_mpu_disable
 .text.arm_mpu_init
                0x0000000000001e48       0x54 arch/arm/core/cortex_m/mpu/libarch__arm__core__cortex_m__mpu.a(arm_mpu.c.obj)
 .text.strcpy   0x0000000000001e9c       0x14 lib/libc/minimal/liblib__libc__minimal.a(string.c.obj)
                0x0000000000001e9c                strcpy
 .text.strcmp   0x0000000000001eb0       0x1a lib/libc/minimal/liblib__libc__minimal.a(string.c.obj)
                0x0000000000001eb0                strcmp
 .text.memcmp   0x0000000000001eca       0x2a lib/libc/minimal/liblib__libc__minimal.a(string.c.obj)
                0x0000000000001eca                memcmp
 .text.memcpy   0x0000000000001ef4       0x58 lib/libc/minimal/liblib__libc__minimal.a(string.c.obj)
                0x0000000000001ef4                memcpy
 .text.memset   0x0000000000001f4c       0x46 lib/libc/minimal/liblib__libc__minimal.a(string.c.obj)
                0x0000000000001f4c                memset
 .text.atomic_or
                0x0000000000001f92       0x22 subsys/bluetooth/host/libsubsys__bluetooth__host.a(hci_core.c.obj)
 .text.hci_cmd_done.isra.7
                0x0000000000001fb4       0x50 subsys/bluetooth/host/libsubsys__bluetooth__host.a(hci_core.c.obj)
 .text.id_find  0x0000000000002004       0x34 subsys/bluetooth/host/libsubsys__bluetooth__host.a(hci_core.c.obj)
 .text.atomic_test_bit.constprop.22
                0x0000000000002038       0x24 subsys/bluetooth/host/libsubsys__bluetooth__host.a(hci_core.c.obj)
 .text.bt_hci_cmd_create
                0x000000000000205c       0x60 subsys/bluetooth/host/libsubsys__bluetooth__host.a(hci_core.c.obj)
                0x000000000000205c                bt_hci_cmd_create
 .text.bt_hci_cmd_send_sync
                0x00000000000020bc       0x7c subsys/bluetooth/host/libsubsys__bluetooth__host.a(hci_core.c.obj)
                0x00000000000020bc                bt_hci_cmd_send_sync
 .text.set_random_address
                0x0000000000002138       0x5c subsys/bluetooth/host/libsubsys__bluetooth__host.a(hci_core.c.obj)
 .text.bt_addr_le_create_static
                0x0000000000002194       0x1c subsys/bluetooth/host/libsubsys__bluetooth__host.a(hci_core.c.obj)
                0x0000000000002194                bt_addr_le_create_static
 .text.id_create.isra.12
                0x00000000000021b0       0x64 subsys/bluetooth/host/libsubsys__bluetooth__host.a(hci_core.c.obj)
 .text.bt_recv  0x0000000000002214       0x4e subsys/bluetooth/host/libsubsys__bluetooth__host.a(hci_core.c.obj)
                0x0000000000002214                bt_recv
 *fill*         0x0000000000002262        0x2 
 .text.bt_recv_prio
                0x0000000000002264       0x8c subsys/bluetooth/host/libsubsys__bluetooth__host.a(hci_core.c.obj)
                0x0000000000002264                bt_recv_prio
 .text.bt_hci_driver_register
                0x00000000000022f0       0x28 subsys/bluetooth/host/libsubsys__bluetooth__host.a(hci_core.c.obj)
                0x00000000000022f0                bt_hci_driver_register
 .text.bt_id_create
                0x0000000000002318       0x80 subsys/bluetooth/host/libsubsys__bluetooth__host.a(hci_core.c.obj)
                0x0000000000002318                bt_id_create
 .text.bt_setup_id_addr
                0x0000000000002398       0x98 subsys/bluetooth/host/libsubsys__bluetooth__host.a(hci_core.c.obj)
                0x0000000000002398                bt_setup_id_addr
 .text.bt_init  0x0000000000002430      0x318 subsys/bluetooth/host/libsubsys__bluetooth__host.a(hci_core.c.obj)
 .text.init_work
                0x0000000000002748       0x18 subsys/bluetooth/host/libsubsys__bluetooth__host.a(hci_core.c.obj)
 .text.bt_buf_get_rx
                0x0000000000002760       0x20 subsys/bluetooth/host/libsubsys__bluetooth__host.a(hci_core.c.obj)
                0x0000000000002760                bt_buf_get_rx
 .text.bt_buf_get_cmd_complete
                0x0000000000002780       0x44 subsys/bluetooth/host/libsubsys__bluetooth__host.a(hci_core.c.obj)
                0x0000000000002780                bt_buf_get_cmd_complete
 .text.mem_init
                0x00000000000027c4       0x4e subsys/bluetooth/controller/libsubsys__bluetooth__controller.a(mem.c.obj)
                0x00000000000027c4                mem_init
 .text.mem_acquire
                0x0000000000002812       0x34 subsys/bluetooth/controller/libsubsys__bluetooth__controller.a(mem.c.obj)
                0x0000000000002812                mem_acquire
 .text.mem_release
                0x0000000000002846       0x2a subsys/bluetooth/controller/libsubsys__bluetooth__controller.a(mem.c.obj)
                0x0000000000002846                mem_release
 .text.mem_get  0x0000000000002870        0x6 subsys/bluetooth/controller/libsubsys__bluetooth__controller.a(mem.c.obj)
                0x0000000000002870                mem_get
 .text.mem_rcopy
                0x0000000000002876       0x1e subsys/bluetooth/controller/libsubsys__bluetooth__controller.a(mem.c.obj)
                0x0000000000002876                mem_rcopy
 .text.memq_init
                0x0000000000002894        0x6 subsys/bluetooth/controller/libsubsys__bluetooth__controller.a(memq.c.obj)
                0x0000000000002894                memq_init
 .text.memq_enqueue
                0x000000000000289a        0xe subsys/bluetooth/controller/libsubsys__bluetooth__controller.a(memq.c.obj)
                0x000000000000289a                memq_enqueue
 .text.memq_peek
                0x00000000000028a8       0x10 subsys/bluetooth/controller/libsubsys__bluetooth__controller.a(memq.c.obj)
                0x00000000000028a8                memq_peek
 .text.memq_dequeue
                0x00000000000028b8       0x1e subsys/bluetooth/controller/libsubsys__bluetooth__controller.a(memq.c.obj)
                0x00000000000028b8                memq_dequeue
 *fill*         0x00000000000028d6        0x2 
 .text.mayfly_init
                0x00000000000028d8       0x54 subsys/bluetooth/controller/libsubsys__bluetooth__controller.a(mayfly.c.obj)
                0x00000000000028d8                mayfly_init
 .text.mayfly_enable
                0x000000000000292c       0x50 subsys/bluetooth/controller/libsubsys__bluetooth__controller.a(mayfly.c.obj)
                0x000000000000292c                mayfly_enable
 .text.mayfly_enqueue
                0x000000000000297c       0xa0 subsys/bluetooth/controller/libsubsys__bluetooth__controller.a(mayfly.c.obj)
                0x000000000000297c                mayfly_enqueue
 .text.mayfly_run
                0x0000000000002a1c      0x158 subsys/bluetooth/controller/libsubsys__bluetooth__controller.a(mayfly.c.obj)
                0x0000000000002a1c                mayfly_run
 .text.util_ones_count_get
                0x0000000000002b74       0x22 subsys/bluetooth/controller/libsubsys__bluetooth__controller.a(util.c.obj)
                0x0000000000002b74                util_ones_count_get
 .text.ticker_dequeue
                0x0000000000002b96       0x58 subsys/bluetooth/controller/libsubsys__bluetooth__controller.a(ticker.c.obj)
 .text.ticks_to_expire_prep
                0x0000000000002bee       0x3c subsys/bluetooth/controller/libsubsys__bluetooth__controller.a(ticker.c.obj)
 .text.ticker_job_op_cb
                0x0000000000002c2a       0x14 subsys/bluetooth/controller/libsubsys__bluetooth__controller.a(ticker.c.obj)
 .text.ticker_worker
                0x0000000000002c3e       0xae subsys/bluetooth/controller/libsubsys__bluetooth__controller.a(ticker.c.obj)
                0x0000000000002c3e                ticker_worker
 .text.ticker_job
                0x0000000000002cec      0x790 subsys/bluetooth/controller/libsubsys__bluetooth__controller.a(ticker.c.obj)
                0x0000000000002cec                ticker_job
 .text.ticker_init
                0x000000000000347c       0x64 subsys/bluetooth/controller/libsubsys__bluetooth__controller.a(ticker.c.obj)
                0x000000000000347c                ticker_init
 .text.ticker_trigger
                0x00000000000034e0       0x24 subsys/bluetooth/controller/libsubsys__bluetooth__controller.a(ticker.c.obj)
                0x00000000000034e0                ticker_trigger
 .text.ticker_start
                0x0000000000003504       0xa0 subsys/bluetooth/controller/libsubsys__bluetooth__controller.a(ticker.c.obj)
                0x0000000000003504                ticker_start
 .text.ticker_update
                0x00000000000035a4       0x98 subsys/bluetooth/controller/libsubsys__bluetooth__controller.a(ticker.c.obj)
                0x00000000000035a4                ticker_update
 .text.ticker_stop
                0x000000000000363c       0x78 subsys/bluetooth/controller/libsubsys__bluetooth__controller.a(ticker.c.obj)
                0x000000000000363c                ticker_stop
 .text.ticker_next_slot_get
                0x00000000000036b4       0x84 subsys/bluetooth/controller/libsubsys__bluetooth__controller.a(ticker.c.obj)
                0x00000000000036b4                ticker_next_slot_get
 .text.ticker_job_idle_get
                0x0000000000003738       0x78 subsys/bluetooth/controller/libsubsys__bluetooth__controller.a(ticker.c.obj)
                0x0000000000003738                ticker_job_idle_get
 .text.ticker_job_sched
                0x00000000000037b0       0x2c subsys/bluetooth/controller/libsubsys__bluetooth__controller.a(ticker.c.obj)
                0x00000000000037b0                ticker_job_sched
 .text.ticker_ticks_now_get
                0x00000000000037dc        0x4 subsys/bluetooth/controller/libsubsys__bluetooth__controller.a(ticker.c.obj)
                0x00000000000037dc                ticker_ticks_now_get
 .text.ticker_ticks_diff_get
                0x00000000000037e0        0x8 subsys/bluetooth/controller/libsubsys__bluetooth__controller.a(ticker.c.obj)
                0x00000000000037e0                ticker_ticks_diff_get
 .text.ll_addr_get
                0x00000000000037e8       0x34 subsys/bluetooth/controller/libsubsys__bluetooth__controller.a(ll_addr.c.obj)
                0x00000000000037e8                ll_addr_get
 .text.ll_addr_set
                0x000000000000381c       0x30 subsys/bluetooth/controller/libsubsys__bluetooth__controller.a(ll_addr.c.obj)
                0x000000000000381c                ll_addr_set
 .text.ll_tx_pwr_lvl_get
                0x000000000000384c        0x6 subsys/bluetooth/controller/libsubsys__bluetooth__controller.a(ll_tx_pwr.c.obj)
                0x000000000000384c                ll_tx_pwr_lvl_get
 .text.ll_tx_pwr_get
                0x0000000000003852        0x8 subsys/bluetooth/controller/libsubsys__bluetooth__controller.a(ll_tx_pwr.c.obj)
                0x0000000000003852                ll_tx_pwr_get
 *fill*         0x000000000000385a        0x2 
 .text._hci_driver_init
                0x000000000000385c       0x10 subsys/bluetooth/controller/libsubsys__bluetooth__controller.a(hci_driver.c.obj)
 .text.hci_driver_send
                0x000000000000386c       0x3c subsys/bluetooth/controller/libsubsys__bluetooth__controller.a(hci_driver.c.obj)
 .text.recv_thread
                0x00000000000038a8       0x78 subsys/bluetooth/controller/libsubsys__bluetooth__controller.a(hci_driver.c.obj)
 .text.prio_recv_thread
                0x0000000000003920       0x3c subsys/bluetooth/controller/libsubsys__bluetooth__controller.a(hci_driver.c.obj)
 .text.hci_driver_open
                0x000000000000395c       0x70 subsys/bluetooth/controller/libsubsys__bluetooth__controller.a(hci_driver.c.obj)
 .text.sys_put_le32
                0x00000000000039cc       0x12 subsys/bluetooth/controller/libsubsys__bluetooth__controller.a(hci.c.obj)
 .text.sys_get_le64
                0x00000000000039de        0x8 subsys/bluetooth/controller/libsubsys__bluetooth__controller.a(hci.c.obj)
 .text.meta_evt
                0x00000000000039e6       0x30 subsys/bluetooth/controller/libsubsys__bluetooth__controller.a(hci.c.obj)
 *fill*         0x0000000000003a16        0x2 
 .text.le_remote_feat_complete
                0x0000000000003a18       0x5c subsys/bluetooth/controller/libsubsys__bluetooth__controller.a(hci.c.obj)
 .text.cmd_complete
                0x0000000000003a74       0x48 subsys/bluetooth/controller/libsubsys__bluetooth__controller.a(hci.c.obj)
 .text.hci_cmd_handle
                0x0000000000003abc      0x5c4 subsys/bluetooth/controller/libsubsys__bluetooth__controller.a(hci.c.obj)
                0x0000000000003abc                hci_cmd_handle
 .text.hci_evt_encode
                0x0000000000004080      0x178 subsys/bluetooth/controller/libsubsys__bluetooth__controller.a(hci.c.obj)
                0x0000000000004080                hci_evt_encode
 .text.hci_get_class
                0x00000000000041f8       0x22 subsys/bluetooth/controller/libsubsys__bluetooth__controller.a(hci.c.obj)
                0x00000000000041f8                hci_get_class
 *fill*         0x000000000000421a        0x2 
 .text.hci_init
                0x000000000000421c       0x24 subsys/bluetooth/controller/libsubsys__bluetooth__controller.a(hci.c.obj)
                0x000000000000421c                hci_init
 .text.bt_rand  0x0000000000004240       0x38 subsys/bluetooth/controller/libsubsys__bluetooth__controller.a(crypto.c.obj)
                0x0000000000004240                bt_rand
 .text.cpu_sleep
                0x0000000000004278        0x8 subsys/bluetooth/controller/libsubsys__bluetooth__controller.a(ctrl.c.obj)
 .text.ticker_if_done
                0x0000000000004280        0x4 subsys/bluetooth/controller/libsubsys__bluetooth__controller.a(ctrl.c.obj)
 .text.mayfly_xtal_start
                0x0000000000004284       0x10 subsys/bluetooth/controller/libsubsys__bluetooth__controller.a(ctrl.c.obj)
 .text.prepare_reduced
                0x0000000000004294        0xc subsys/bluetooth/controller/libsubsys__bluetooth__controller.a(ctrl.c.obj)
 .text.prepare_normal
                0x00000000000042a0        0xc subsys/bluetooth/controller/libsubsys__bluetooth__controller.a(ctrl.c.obj)
 .text.tx_cmplt_get
                0x00000000000042ac       0x94 subsys/bluetooth/controller/libsubsys__bluetooth__controller.a(ctrl.c.obj)
 .text.connection_get
                0x0000000000004340       0x2c subsys/bluetooth/controller/libsubsys__bluetooth__controller.a(ctrl.c.obj)
 .text.role_disable
                0x000000000000436c      0x1fc subsys/bluetooth/controller/libsubsys__bluetooth__controller.a(ctrl.c.obj)
 .text.packet_tx_enqueue
                0x0000000000004568       0xd8 subsys/bluetooth/controller/libsubsys__bluetooth__controller.a(ctrl.c.obj)
 .text.ticker_job_disable
                0x0000000000004640       0x18 subsys/bluetooth/controller/libsubsys__bluetooth__controller.a(ctrl.c.obj)
 .text.hdr_conn_get
                0x0000000000004658       0x3c subsys/bluetooth/controller/libsubsys__bluetooth__controller.a(ctrl.c.obj)
 .text.mayfly_xtal_retain.part.7
                0x0000000000004694       0x38 subsys/bluetooth/controller/libsubsys__bluetooth__controller.a(ctrl.c.obj)
 .text.isr.part.22
                0x00000000000046cc        0xc subsys/bluetooth/controller/libsubsys__bluetooth__controller.a(ctrl.c.obj)
 .text.ticker_stop_adv_stop.part.24
                0x00000000000046d8        0xc subsys/bluetooth/controller/libsubsys__bluetooth__controller.a(ctrl.c.obj)
 .text.chan_set
                0x00000000000046e4       0x3e subsys/bluetooth/controller/libsubsys__bluetooth__controller.a(ctrl.c.obj)
 *fill*         0x0000000000004722        0x2 
 .text.adv_setup
                0x0000000000004724       0xb0 subsys/bluetooth/controller/libsubsys__bluetooth__controller.a(ctrl.c.obj)
 .text.prepare_normal_set
                0x00000000000047d4       0x48 subsys/bluetooth/controller/libsubsys__bluetooth__controller.a(ctrl.c.obj)
 .text.mayfly_radio_stop
                0x000000000000481c       0x34 subsys/bluetooth/controller/libsubsys__bluetooth__controller.a(ctrl.c.obj)
 .text.mayfly_radio_active
                0x0000000000004850       0x30 subsys/bluetooth/controller/libsubsys__bluetooth__controller.a(ctrl.c.obj)
 .text.mayfly_radio_inactive
                0x0000000000004880        0x6 subsys/bluetooth/controller/libsubsys__bluetooth__controller.a(ctrl.c.obj)
 *fill*         0x0000000000004886        0x2 
 .text.event_stop
                0x0000000000004888       0x20 subsys/bluetooth/controller/libsubsys__bluetooth__controller.a(ctrl.c.obj)
 .text.event_xtal
                0x00000000000048a8       0x1c subsys/bluetooth/controller/libsubsys__bluetooth__controller.a(ctrl.c.obj)
 .text.event_active
                0x00000000000048c4       0x1c subsys/bluetooth/controller/libsubsys__bluetooth__controller.a(ctrl.c.obj)
 .text.ticker_success_assert
                0x00000000000048e0        0xa subsys/bluetooth/controller/libsubsys__bluetooth__controller.a(ctrl.c.obj)
 *fill*         0x00000000000048ea        0x2 
 .text.ticker_update_adv_assert
                0x00000000000048ec       0x18 subsys/bluetooth/controller/libsubsys__bluetooth__controller.a(ctrl.c.obj)
 .text.adv_scan_configure.constprop.25
                0x0000000000004904       0x54 subsys/bluetooth/controller/libsubsys__bluetooth__controller.a(ctrl.c.obj)
 .text.event_common_prepare.constprop.26
                0x0000000000004958      0x174 subsys/bluetooth/controller/libsubsys__bluetooth__controller.a(ctrl.c.obj)
 .text.radio_event_adv_prepare
                0x0000000000004acc       0x30 subsys/bluetooth/controller/libsubsys__bluetooth__controller.a(ctrl.c.obj)
                0x0000000000004acc                radio_event_adv_prepare
 .text.packet_rx_allocate.constprop.28
                0x0000000000004afc       0x94 subsys/bluetooth/controller/libsubsys__bluetooth__controller.a(ctrl.c.obj)
 .text.common_init
                0x0000000000004b90       0xd4 subsys/bluetooth/controller/libsubsys__bluetooth__controller.a(ctrl.c.obj)
 .text.isr_rx_scan_report.isra.16
                0x0000000000004c64       0xd4 subsys/bluetooth/controller/libsubsys__bluetooth__controller.a(ctrl.c.obj)
 .text.isr      0x0000000000004d38      0x4c8 subsys/bluetooth/controller/libsubsys__bluetooth__controller.a(ctrl.c.obj)
 .text.mayfly_xtal_stop
                0x0000000000005200       0x10 subsys/bluetooth/controller/libsubsys__bluetooth__controller.a(ctrl.c.obj)
 .text.preempt_calc
                0x0000000000005210       0x44 subsys/bluetooth/controller/libsubsys__bluetooth__controller.a(ctrl.c.obj)
 .text.event_adv
                0x0000000000005254       0xb4 subsys/bluetooth/controller/libsubsys__bluetooth__controller.a(ctrl.c.obj)
 .text.mayfly_xtal_stop_calc
                0x0000000000005308      0x160 subsys/bluetooth/controller/libsubsys__bluetooth__controller.a(ctrl.c.obj)
 .text.radio_init
                0x0000000000005468       0xfc subsys/bluetooth/controller/libsubsys__bluetooth__controller.a(ctrl.c.obj)
                0x0000000000005468                radio_init
 .text.ll_reset
                0x0000000000005564       0xa0 subsys/bluetooth/controller/libsubsys__bluetooth__controller.a(ctrl.c.obj)
                0x0000000000005564                ll_reset
 .text.radio_adv_data_get
                0x0000000000005604        0x8 subsys/bluetooth/controller/libsubsys__bluetooth__controller.a(ctrl.c.obj)
                0x0000000000005604                radio_adv_data_get
 .text.radio_scan_data_get
                0x000000000000560c        0x8 subsys/bluetooth/controller/libsubsys__bluetooth__controller.a(ctrl.c.obj)
                0x000000000000560c                radio_scan_data_get
 .text.ll_adv_is_enabled
                0x0000000000005614       0x10 subsys/bluetooth/controller/libsubsys__bluetooth__controller.a(ctrl.c.obj)
                0x0000000000005614                ll_adv_is_enabled
 .text.radio_adv_filter_pol_get
                0x0000000000005624       0x18 subsys/bluetooth/controller/libsubsys__bluetooth__controller.a(ctrl.c.obj)
                0x0000000000005624                radio_adv_filter_pol_get
 .text.radio_scan_filter_pol_get
                0x000000000000563c       0x1c subsys/bluetooth/controller/libsubsys__bluetooth__controller.a(ctrl.c.obj)
                0x000000000000563c                radio_scan_filter_pol_get
 .text.ll_rx_get
                0x0000000000005658       0x70 subsys/bluetooth/controller/libsubsys__bluetooth__controller.a(ctrl.c.obj)
                0x0000000000005658                ll_rx_get
 .text.ll_rx_dequeue
                0x00000000000056c8       0x5c subsys/bluetooth/controller/libsubsys__bluetooth__controller.a(ctrl.c.obj)
                0x00000000000056c8                ll_rx_dequeue
 .text.ll_rx_mem_release
                0x0000000000005724       0x38 subsys/bluetooth/controller/libsubsys__bluetooth__controller.a(ctrl.c.obj)
                0x0000000000005724                ll_rx_mem_release
 .text.radio_rx_fc_set
                0x000000000000575c       0xa4 subsys/bluetooth/controller/libsubsys__bluetooth__controller.a(ctrl.c.obj)
                0x000000000000575c                radio_rx_fc_set
 .text.ll_adv_scan_state_cb
                0x0000000000005800        0x2 subsys/bluetooth/controller/libsubsys__bluetooth__controller.a(ctrl.c.obj)
                0x0000000000005800                ll_adv_scan_state_cb
 *fill*         0x0000000000005802        0x6 
 .text.radio_adv_enable
                0x0000000000005808      0x27c subsys/bluetooth/controller/libsubsys__bluetooth__controller.a(ctrl.c.obj)
                0x0000000000005808                radio_adv_enable
 .text.radio_adv_disable
                0x0000000000005a84       0x58 subsys/bluetooth/controller/libsubsys__bluetooth__controller.a(ctrl.c.obj)
                0x0000000000005a84                radio_adv_disable
 .text.rtc0_nrf5_isr
                0x0000000000005adc       0x24 subsys/bluetooth/controller/libsubsys__bluetooth__controller.a(ll.c.obj)
 .text.swi5_nrf5_isr
                0x0000000000005b00        0x6 subsys/bluetooth/controller/libsubsys__bluetooth__controller.a(ll.c.obj)
 .text.radio_nrf5_isr
                0x0000000000005b06       0x22 subsys/bluetooth/controller/libsubsys__bluetooth__controller.a(ll.c.obj)
                0x0000000000005b06                radio_nrf5_isr
 .text.radio_active_callback
                0x0000000000005b28        0x2 subsys/bluetooth/controller/libsubsys__bluetooth__controller.a(ll.c.obj)
                0x0000000000005b28                radio_active_callback
 *fill*         0x0000000000005b2a        0x2 
 .text.radio_event_callback
                0x0000000000005b2c        0xc subsys/bluetooth/controller/libsubsys__bluetooth__controller.a(ll.c.obj)
                0x0000000000005b2c                radio_event_callback
 .text.ll_init  0x0000000000005b38      0x110 subsys/bluetooth/controller/libsubsys__bluetooth__controller.a(ll.c.obj)
                0x0000000000005b38                ll_init
 .text.ll_adv_params_set
                0x0000000000005c48      0x288 subsys/bluetooth/controller/libsubsys__bluetooth__controller.a(ll_adv.c.obj)
                0x0000000000005c48                ll_adv_params_set
 .text.ll_adv_data_set
                0x0000000000005ed0       0xb2 subsys/bluetooth/controller/libsubsys__bluetooth__controller.a(ll_adv.c.obj)
                0x0000000000005ed0                ll_adv_data_set
 .text.ll_adv_scan_rsp_set
                0x0000000000005f82       0x8e subsys/bluetooth/controller/libsubsys__bluetooth__controller.a(ll_adv.c.obj)
                0x0000000000005f82                ll_adv_scan_rsp_set
 .text.ll_adv_enable
                0x0000000000006010       0xc4 subsys/bluetooth/controller/libsubsys__bluetooth__controller.a(ll_adv.c.obj)
                0x0000000000006010                ll_adv_enable
 .text.ctrl_filter_get
                0x00000000000060d4       0x18 subsys/bluetooth/controller/libsubsys__bluetooth__controller.a(ll_filter.c.obj)
                0x00000000000060d4                ctrl_filter_get
 .text.ll_wl_size_get
                0x00000000000060ec        0x4 subsys/bluetooth/controller/libsubsys__bluetooth__controller.a(ll_filter.c.obj)
                0x00000000000060ec                ll_wl_size_get
 .text.ll_wl_clear
                0x00000000000060f0       0x2c subsys/bluetooth/controller/libsubsys__bluetooth__controller.a(ll_filter.c.obj)
                0x00000000000060f0                ll_wl_clear
 .text.ll_wl_add
                0x000000000000611c       0x70 subsys/bluetooth/controller/libsubsys__bluetooth__controller.a(ll_filter.c.obj)
                0x000000000000611c                ll_wl_add
 .text.ll_wl_remove
                0x000000000000618c       0x90 subsys/bluetooth/controller/libsubsys__bluetooth__controller.a(ll_filter.c.obj)
                0x000000000000618c                ll_wl_remove
 .text.ll_filter_reset
                0x000000000000621c       0x18 subsys/bluetooth/controller/libsubsys__bluetooth__controller.a(ll_filter.c.obj)
                0x000000000000621c                ll_filter_reset
 .text.cntr_init
                0x0000000000006234       0x1c subsys/bluetooth/controller/libsubsys__bluetooth__controller.a(cntr.c.obj)
                0x0000000000006234                cntr_init
 .text.cntr_start
                0x0000000000006250       0x1c subsys/bluetooth/controller/libsubsys__bluetooth__controller.a(cntr.c.obj)
                0x0000000000006250                cntr_start
 .text.cntr_stop
                0x000000000000626c       0x30 subsys/bluetooth/controller/libsubsys__bluetooth__controller.a(cntr.c.obj)
                0x000000000000626c                cntr_stop
 .text.cntr_cnt_get
                0x000000000000629c        0xc subsys/bluetooth/controller/libsubsys__bluetooth__controller.a(cntr.c.obj)
                0x000000000000629c                cntr_cnt_get
 .text.cntr_cmp_set
                0x00000000000062a8       0x10 subsys/bluetooth/controller/libsubsys__bluetooth__controller.a(cntr.c.obj)
                0x00000000000062a8                cntr_cmp_set
 .text.do_ecb   0x00000000000062b8       0x54 subsys/bluetooth/controller/libsubsys__bluetooth__controller.a(ecb.c.obj)
 .text.ecb_encrypt
                0x000000000000630c       0x42 subsys/bluetooth/controller/libsubsys__bluetooth__controller.a(ecb.c.obj)
                0x000000000000630c                ecb_encrypt
 *fill*         0x000000000000634e        0x2 
 .text.hal_radio_enable_on_tick_ppi_config_and_enable
                0x0000000000006350       0x28 subsys/bluetooth/controller/libsubsys__bluetooth__controller.a(radio.c.obj)
 .text.sw_switch.isra.9
                0x0000000000006378       0xcc subsys/bluetooth/controller/libsubsys__bluetooth__controller.a(radio.c.obj)
 .text.isr_radio
                0x0000000000006444       0x20 subsys/bluetooth/controller/libsubsys__bluetooth__controller.a(radio.c.obj)
                0x0000000000006444                isr_radio
 .text.radio_isr_set
                0x0000000000006464       0x40 subsys/bluetooth/controller/libsubsys__bluetooth__controller.a(radio.c.obj)
                0x0000000000006464                radio_isr_set
 .text.radio_setup
                0x00000000000064a4       0x44 subsys/bluetooth/controller/libsubsys__bluetooth__controller.a(radio.c.obj)
                0x00000000000064a4                radio_setup
 .text.radio_reset
                0x00000000000064e8       0x34 subsys/bluetooth/controller/libsubsys__bluetooth__controller.a(radio.c.obj)
                0x00000000000064e8                radio_reset
 .text.radio_phy_set
                0x000000000000651c       0x20 subsys/bluetooth/controller/libsubsys__bluetooth__controller.a(radio.c.obj)
                0x000000000000651c                radio_phy_set
 .text.radio_tx_power_set
                0x000000000000653c        0xc subsys/bluetooth/controller/libsubsys__bluetooth__controller.a(radio.c.obj)
                0x000000000000653c                radio_tx_power_set
 .text.radio_freq_chan_set
                0x0000000000006548        0xc subsys/bluetooth/controller/libsubsys__bluetooth__controller.a(radio.c.obj)
                0x0000000000006548                radio_freq_chan_set
 .text.radio_whiten_iv_set
                0x0000000000006554       0x24 subsys/bluetooth/controller/libsubsys__bluetooth__controller.a(radio.c.obj)
                0x0000000000006554                radio_whiten_iv_set
 .text.radio_aa_set
                0x0000000000006578       0x30 subsys/bluetooth/controller/libsubsys__bluetooth__controller.a(radio.c.obj)
                0x0000000000006578                radio_aa_set
 .text.radio_pkt_configure
                0x00000000000065a8       0x5c subsys/bluetooth/controller/libsubsys__bluetooth__controller.a(radio.c.obj)
                0x00000000000065a8                radio_pkt_configure
 .text.radio_pkt_rx_set
                0x0000000000006604        0xc subsys/bluetooth/controller/libsubsys__bluetooth__controller.a(radio.c.obj)
                0x0000000000006604                radio_pkt_rx_set
 .text.radio_pkt_tx_set
                0x0000000000006610        0xc subsys/bluetooth/controller/libsubsys__bluetooth__controller.a(radio.c.obj)
                0x0000000000006610                radio_pkt_tx_set
 .text.radio_tx_chain_delay_get
                0x000000000000661c        0x4 subsys/bluetooth/controller/libsubsys__bluetooth__controller.a(radio.c.obj)
                0x000000000000661c                radio_tx_chain_delay_get
 .text.radio_rx_chain_delay_get
                0x0000000000006620        0xa subsys/bluetooth/controller/libsubsys__bluetooth__controller.a(radio.c.obj)
                0x0000000000006620                radio_rx_chain_delay_get
 *fill*         0x000000000000662a        0x2 
 .text.radio_rx_enable
                0x000000000000662c        0xc subsys/bluetooth/controller/libsubsys__bluetooth__controller.a(radio.c.obj)
                0x000000000000662c                radio_rx_enable
 .text.radio_tx_enable
                0x0000000000006638        0xc subsys/bluetooth/controller/libsubsys__bluetooth__controller.a(radio.c.obj)
                0x0000000000006638                radio_tx_enable
 .text.radio_disable
                0x0000000000006644       0x24 subsys/bluetooth/controller/libsubsys__bluetooth__controller.a(radio.c.obj)
                0x0000000000006644                radio_disable
 .text.radio_status_reset
                0x0000000000006668       0x18 subsys/bluetooth/controller/libsubsys__bluetooth__controller.a(radio.c.obj)
                0x0000000000006668                radio_status_reset
 .text.radio_is_ready
                0x0000000000006680       0x14 subsys/bluetooth/controller/libsubsys__bluetooth__controller.a(radio.c.obj)
                0x0000000000006680                radio_is_ready
 .text.radio_is_done
                0x0000000000006694       0x14 subsys/bluetooth/controller/libsubsys__bluetooth__controller.a(radio.c.obj)
                0x0000000000006694                radio_is_done
 .text.radio_is_idle
                0x00000000000066a8       0x14 subsys/bluetooth/controller/libsubsys__bluetooth__controller.a(radio.c.obj)
                0x00000000000066a8                radio_is_idle
 .text.radio_crc_configure
                0x00000000000066bc       0x18 subsys/bluetooth/controller/libsubsys__bluetooth__controller.a(radio.c.obj)
                0x00000000000066bc                radio_crc_configure
 .text.radio_crc_is_valid
                0x00000000000066d4       0x14 subsys/bluetooth/controller/libsubsys__bluetooth__controller.a(radio.c.obj)
                0x00000000000066d4                radio_crc_is_valid
 .text.radio_pkt_scratch_get
                0x00000000000066e8        0x8 subsys/bluetooth/controller/libsubsys__bluetooth__controller.a(radio.c.obj)
                0x00000000000066e8                radio_pkt_scratch_get
 .text.radio_switch_complete_and_rx
                0x00000000000066f0       0x18 subsys/bluetooth/controller/libsubsys__bluetooth__controller.a(radio.c.obj)
                0x00000000000066f0                radio_switch_complete_and_rx
 .text.radio_switch_complete_and_tx
                0x0000000000006708       0x14 subsys/bluetooth/controller/libsubsys__bluetooth__controller.a(radio.c.obj)
                0x0000000000006708                radio_switch_complete_and_tx
 .text.radio_switch_complete_and_disable
                0x000000000000671c       0x1c subsys/bluetooth/controller/libsubsys__bluetooth__controller.a(radio.c.obj)
                0x000000000000671c                radio_switch_complete_and_disable
 .text.radio_rssi_measure
                0x0000000000006738       0x14 subsys/bluetooth/controller/libsubsys__bluetooth__controller.a(radio.c.obj)
                0x0000000000006738                radio_rssi_measure
 .text.radio_rssi_get
                0x000000000000674c        0xc subsys/bluetooth/controller/libsubsys__bluetooth__controller.a(radio.c.obj)
                0x000000000000674c                radio_rssi_get
 .text.radio_rssi_status_reset
                0x0000000000006758       0x10 subsys/bluetooth/controller/libsubsys__bluetooth__controller.a(radio.c.obj)
                0x0000000000006758                radio_rssi_status_reset
 .text.radio_rssi_is_ready
                0x0000000000006768       0x14 subsys/bluetooth/controller/libsubsys__bluetooth__controller.a(radio.c.obj)
                0x0000000000006768                radio_rssi_is_ready
 .text.radio_filter_configure
                0x000000000000677c       0x34 subsys/bluetooth/controller/libsubsys__bluetooth__controller.a(radio.c.obj)
                0x000000000000677c                radio_filter_configure
 .text.radio_filter_disable
                0x00000000000067b0       0x14 subsys/bluetooth/controller/libsubsys__bluetooth__controller.a(radio.c.obj)
                0x00000000000067b0                radio_filter_disable
 .text.radio_filter_status_reset
                0x00000000000067c4       0x10 subsys/bluetooth/controller/libsubsys__bluetooth__controller.a(radio.c.obj)
                0x00000000000067c4                radio_filter_status_reset
 .text.radio_filter_has_match
                0x00000000000067d4       0x14 subsys/bluetooth/controller/libsubsys__bluetooth__controller.a(radio.c.obj)
                0x00000000000067d4                radio_filter_has_match
 .text.radio_filter_match_get
                0x00000000000067e8        0xc subsys/bluetooth/controller/libsubsys__bluetooth__controller.a(radio.c.obj)
                0x00000000000067e8                radio_filter_match_get
 .text.radio_tmr_status_reset
                0x00000000000067f4       0x20 subsys/bluetooth/controller/libsubsys__bluetooth__controller.a(radio.c.obj)
                0x00000000000067f4                radio_tmr_status_reset
 .text.radio_tmr_tifs_set
                0x0000000000006814       0x18 subsys/bluetooth/controller/libsubsys__bluetooth__controller.a(radio.c.obj)
                0x0000000000006814                radio_tmr_tifs_set
 .text.radio_tmr_start
                0x000000000000682c       0xf0 subsys/bluetooth/controller/libsubsys__bluetooth__controller.a(radio.c.obj)
                0x000000000000682c                radio_tmr_start
 .text.radio_tmr_stop
                0x000000000000691c       0x18 subsys/bluetooth/controller/libsubsys__bluetooth__controller.a(radio.c.obj)
                0x000000000000691c                radio_tmr_stop
 .text.radio_tmr_hcto_configure
                0x0000000000006934       0x18 subsys/bluetooth/controller/libsubsys__bluetooth__controller.a(radio.c.obj)
                0x0000000000006934                radio_tmr_hcto_configure
 .text.radio_tmr_end_capture
                0x000000000000694c       0x10 subsys/bluetooth/controller/libsubsys__bluetooth__controller.a(radio.c.obj)
                0x000000000000694c                radio_tmr_end_capture
 .text.radio_tmr_tifs_base_get
                0x000000000000695c        0xc subsys/bluetooth/controller/libsubsys__bluetooth__controller.a(radio.c.obj)
                0x000000000000695c                radio_tmr_tifs_base_get
 .text.radio_ccm_rx_pkt_set
                0x0000000000006968       0x68 subsys/bluetooth/controller/libsubsys__bluetooth__controller.a(radio.c.obj)
                0x0000000000006968                radio_ccm_rx_pkt_set
 .text.radio_ar_match_get
                0x00000000000069d0        0xc subsys/bluetooth/controller/libsubsys__bluetooth__controller.a(radio.c.obj)
                0x00000000000069d0                radio_ar_match_get
 .text.radio_ar_status_reset
                0x00000000000069dc       0x18 subsys/bluetooth/controller/libsubsys__bluetooth__controller.a(radio.c.obj)
                0x00000000000069dc                radio_ar_status_reset
 .text.radio_ar_has_match
                0x00000000000069f4       0x28 subsys/bluetooth/controller/libsubsys__bluetooth__controller.a(radio.c.obj)
                0x00000000000069f4                radio_ar_has_match
 .text.mayfly_enable_cb
                0x0000000000006a1c       0x1c subsys/bluetooth/controller/libsubsys__bluetooth__controller.a(mayfly.c.obj)
                0x0000000000006a1c                mayfly_enable_cb
 .text.mayfly_is_enabled
                0x0000000000006a38       0x1c subsys/bluetooth/controller/libsubsys__bluetooth__controller.a(mayfly.c.obj)
                0x0000000000006a38                mayfly_is_enabled
 .text.mayfly_prio_is_equal
                0x0000000000006a54       0x22 subsys/bluetooth/controller/libsubsys__bluetooth__controller.a(mayfly.c.obj)
                0x0000000000006a54                mayfly_prio_is_equal
 *fill*         0x0000000000006a76        0x2 
 .text.mayfly_pend
                0x0000000000006a78       0x28 subsys/bluetooth/controller/libsubsys__bluetooth__controller.a(mayfly.c.obj)
                0x0000000000006a78                mayfly_pend
 .text.hal_ticker_instance0_caller_id_get
                0x0000000000006aa0       0x20 subsys/bluetooth/controller/libsubsys__bluetooth__controller.a(ticker.c.obj)
                0x0000000000006aa0                hal_ticker_instance0_caller_id_get
 .text.hal_ticker_instance0_sched
                0x0000000000006ac0       0x78 subsys/bluetooth/controller/libsubsys__bluetooth__controller.a(ticker.c.obj)
                0x0000000000006ac0                hal_ticker_instance0_sched
 .text.hal_ticker_instance0_trigger_set
                0x0000000000006b38        0x8 subsys/bluetooth/controller/libsubsys__bluetooth__controller.a(ticker.c.obj)
                0x0000000000006b38                hal_ticker_instance0_trigger_set
 .text.fixed_data_unref
                0x0000000000006b40        0x2 subsys/net/libsubsys__net.a(buf.c.obj)
 *fill*         0x0000000000006b42        0x2 
 .text.net_buf_pool_get
                0x0000000000006b44        0xc subsys/net/libsubsys__net.a(buf.c.obj)
                0x0000000000006b44                net_buf_pool_get
 .text.net_buf_id
                0x0000000000006b50       0x1c subsys/net/libsubsys__net.a(buf.c.obj)
                0x0000000000006b50                net_buf_id
 .text.fixed_data_alloc
                0x0000000000006b6c       0x2c subsys/net/libsubsys__net.a(buf.c.obj)
 .text.net_buf_alloc_len
                0x0000000000006b98       0xd4 subsys/net/libsubsys__net.a(buf.c.obj)
                0x0000000000006b98                net_buf_alloc_len
 .text.net_buf_alloc_fixed
                0x0000000000006c6c        0xc subsys/net/libsubsys__net.a(buf.c.obj)
                0x0000000000006c6c                net_buf_alloc_fixed
 .text.net_buf_simple_reserve
                0x0000000000006c78        0x8 subsys/net/libsubsys__net.a(buf.c.obj)
                0x0000000000006c78                net_buf_simple_reserve
 .text.net_buf_put
                0x0000000000006c80       0x1a subsys/net/libsubsys__net.a(buf.c.obj)
                0x0000000000006c80                net_buf_put
 *fill*         0x0000000000006c9a        0x2 
 .text.net_buf_unref
                0x0000000000006c9c       0x5c subsys/net/libsubsys__net.a(buf.c.obj)
                0x0000000000006c9c                net_buf_unref
 .text.net_buf_ref
                0x0000000000006cf8        0x8 subsys/net/libsubsys__net.a(buf.c.obj)
                0x0000000000006cf8                net_buf_ref
 .text.net_buf_simple_add
                0x0000000000006d00        0xc subsys/net/libsubsys__net.a(buf.c.obj)
                0x0000000000006d00                net_buf_simple_add
 .text.net_buf_simple_add_mem
                0x0000000000006d0c       0x12 subsys/net/libsubsys__net.a(buf.c.obj)
                0x0000000000006d0c                net_buf_simple_add_mem
 .text.net_buf_simple_pull
                0x0000000000006d1e       0x10 subsys/net/libsubsys__net.a(buf.c.obj)
                0x0000000000006d1e                net_buf_simple_pull
 .text.nrf_gpio_cfg_sense_set
                0x0000000000006d2e       0x20 drivers/gpio/libdrivers__gpio.a(gpio_nrfx.c.obj)
 .text.gpio_nrfx_write
                0x0000000000006d4e       0x3e drivers/gpio/libdrivers__gpio.a(gpio_nrfx.c.obj)
 .text.gpio_nrfx_read
                0x0000000000006d8c       0x30 drivers/gpio/libdrivers__gpio.a(gpio_nrfx.c.obj)
 .text.gpio_nrfx_manage_callback
                0x0000000000006dbc       0x42 drivers/gpio/libdrivers__gpio.a(gpio_nrfx.c.obj)
 *fill*         0x0000000000006dfe        0x2 
 .text.gpio_nrfx_init
                0x0000000000006e00       0x30 drivers/gpio/libdrivers__gpio.a(gpio_nrfx.c.obj)
 .text.gpiote_event_handler
                0x0000000000006e30      0x138 drivers/gpio/libdrivers__gpio.a(gpio_nrfx.c.obj)
 .text.gpiote_pin_int_cfg
                0x0000000000006f68      0x148 drivers/gpio/libdrivers__gpio.a(gpio_nrfx.c.obj)
 .text.gpio_nrfx_config
                0x00000000000070b0      0x13e drivers/gpio/libdrivers__gpio.a(gpio_nrfx.c.obj)
 .text.gpio_nrfx_pin_disable_callback
                0x00000000000071ee       0x42 drivers/gpio/libdrivers__gpio.a(gpio_nrfx.c.obj)
 .text.gpio_nrfx_pin_enable_callback
                0x0000000000007230       0x40 drivers/gpio/libdrivers__gpio.a(gpio_nrfx.c.obj)
 .text.pwm_nrf5_sw_pin_set
                0x0000000000007270      0x1a4 drivers/pwm/libdrivers__pwm.a(pwm_nrf5_sw.c.obj)
 .text.pwm_nrf5_sw_get_cycles_per_sec
                0x0000000000007414       0x18 drivers/pwm/libdrivers__pwm.a(pwm_nrf5_sw.c.obj)
 .text.pwm_nrf5_sw_init
                0x000000000000742c       0x1e drivers/pwm/libdrivers__pwm.a(pwm_nrf5_sw.c.obj)
 *fill*         0x000000000000744a        0x2 
 .text.uart_nrfx_err_check
                0x000000000000744c       0x14 drivers/serial/libdrivers__serial.a(uart_nrfx_uart.c.obj)
 .text.uart_nrfx_config_get
                0x0000000000007460       0x10 drivers/serial/libdrivers__serial.a(uart_nrfx_uart.c.obj)
 .text.uart_nrfx_configure
                0x0000000000007470      0x16c drivers/serial/libdrivers__serial.a(uart_nrfx_uart.c.obj)
 .text.uart_nrfx_poll_in
                0x00000000000075dc       0x2c drivers/serial/libdrivers__serial.a(uart_nrfx_uart.c.obj)
 .text.uart_nrfx_poll_out
                0x0000000000007608       0x34 drivers/serial/libdrivers__serial.a(uart_nrfx_uart.c.obj)
 .text.uart_nrfx_init
                0x000000000000763c       0x68 drivers/serial/libdrivers__serial.a(uart_nrfx_uart.c.obj)
 .text.rng_pool_get
                0x00000000000076a4       0x80 drivers/entropy/libdrivers__entropy.a(entropy_nrf5.c.obj)
 .text.entropy_nrf5_get_entropy
                0x0000000000007724       0x50 drivers/entropy/libdrivers__entropy.a(entropy_nrf5.c.obj)
 .text.random_byte_get
                0x0000000000007774       0x3c drivers/entropy/libdrivers__entropy.a(entropy_nrf5.c.obj)
 .text.entropy_nrf5_get_entropy_isr
                0x00000000000077b0       0x94 drivers/entropy/libdrivers__entropy.a(entropy_nrf5.c.obj)
 .text.entropy_nrf5_init
                0x0000000000007844       0x90 drivers/entropy/libdrivers__entropy.a(entropy_nrf5.c.obj)
 .text.isr      0x00000000000078d4       0x74 drivers/entropy/libdrivers__entropy.a(entropy_nrf5.c.obj)
 .text._sys_device_do_config_level
                0x0000000000007948       0x2c kernel/libkernel.a(device.c.obj)
                0x0000000000007948                _sys_device_do_config_level
 .text._impl_device_get_binding
                0x0000000000007974       0x4c kernel/libkernel.a(device.c.obj)
                0x0000000000007974                _impl_device_get_binding
 .text._sys_power_save_idle_exit
                0x00000000000079c0        0x4 kernel/libkernel.a(idle.c.obj)
                0x00000000000079c0                _sys_power_save_idle_exit
 .text.idle     0x00000000000079c4       0x30 kernel/libkernel.a(idle.c.obj)
                0x00000000000079c4                idle
 .text._bss_zero
                0x00000000000079f4       0x14 kernel/libkernel.a(init.c.obj)
                0x00000000000079f4                _bss_zero
 .text._data_copy
                0x0000000000007a08       0x18 kernel/libkernel.a(init.c.obj)
                0x0000000000007a08                _data_copy
 .text.bg_thread_main
                0x0000000000007a20       0x30 kernel/libkernel.a(init.c.obj)
 .text._Cstart  0x0000000000007a50      0x108 kernel/libkernel.a(init.c.obj)
                0x0000000000007a50                _Cstart
 .text.init_static_pools
                0x0000000000007b58       0x28 kernel/libkernel.a(mempool.c.obj)
                0x0000000000007b58                init_static_pools
 .text.k_mem_pool_alloc
                0x0000000000007b80       0xd0 kernel/libkernel.a(mempool.c.obj)
                0x0000000000007b80                k_mem_pool_alloc
 .text.k_mem_pool_free_id
                0x0000000000007c50       0x60 kernel/libkernel.a(mempool.c.obj)
                0x0000000000007c50                k_mem_pool_free_id
 .text.k_mem_pool_malloc
                0x0000000000007cb0       0x2a kernel/libkernel.a(mempool.c.obj)
                0x0000000000007cb0                k_mem_pool_malloc
 .text.k_free   0x0000000000007cda        0xa kernel/libkernel.a(mempool.c.obj)
                0x0000000000007cda                k_free
 .text.z_thread_malloc
                0x0000000000007ce4       0x14 kernel/libkernel.a(mempool.c.obj)
                0x0000000000007ce4                z_thread_malloc
 .text.queue_insert
                0x0000000000007cf8       0x90 kernel/libkernel.a(queue.c.obj)
 .text.z_queue_node_peek
                0x0000000000007d88       0x18 kernel/libkernel.a(queue.c.obj)
                0x0000000000007d88                z_queue_node_peek
 .text._impl_k_queue_init
                0x0000000000007da0       0x10 kernel/libkernel.a(queue.c.obj)
                0x0000000000007da0                _impl_k_queue_init
 .text.k_queue_append
                0x0000000000007db0        0xa kernel/libkernel.a(queue.c.obj)
                0x0000000000007db0                k_queue_append
 .text.k_queue_prepend
                0x0000000000007dba        0xa kernel/libkernel.a(queue.c.obj)
                0x0000000000007dba                k_queue_prepend
 .text.k_queue_append_list
                0x0000000000007dc4       0x34 kernel/libkernel.a(queue.c.obj)
                0x0000000000007dc4                k_queue_append_list
 .text._impl_k_queue_get
                0x0000000000007df8       0xb8 kernel/libkernel.a(queue.c.obj)
                0x0000000000007df8                _impl_k_queue_get
 .text.sys_dlist_remove
                0x0000000000007eb0        0xc kernel/libkernel.a(sched.c.obj)
 .text.reset_time_slice
                0x0000000000007ebc       0x24 kernel/libkernel.a(sched.c.obj)
 .text.k_spin_lock.isra.10
                0x0000000000007ee0        0xe kernel/libkernel.a(sched.c.obj)
 *fill*         0x0000000000007eee        0x2 
 .text.update_cache
                0x0000000000007ef0       0x4c kernel/libkernel.a(sched.c.obj)
 .text._is_t1_higher_prio_than_t2
                0x0000000000007f3c       0x12 kernel/libkernel.a(sched.c.obj)
                0x0000000000007f3c                _is_t1_higher_prio_than_t2
 *fill*         0x0000000000007f4e        0x2 
 .text.k_sched_time_slice_set
                0x0000000000007f50       0x4c kernel/libkernel.a(sched.c.obj)
                0x0000000000007f50                k_sched_time_slice_set
 .text._remove_thread_from_ready_q
                0x0000000000007f9c       0x38 kernel/libkernel.a(sched.c.obj)
                0x0000000000007f9c                _remove_thread_from_ready_q
 .text._find_first_thread_to_unpend
                0x0000000000007fd4       0x18 kernel/libkernel.a(sched.c.obj)
                0x0000000000007fd4                _find_first_thread_to_unpend
 .text._unpend_thread_no_timeout
                0x0000000000007fec       0x22 kernel/libkernel.a(sched.c.obj)
                0x0000000000007fec                _unpend_thread_no_timeout
 .text._unpend_first_thread
                0x000000000000800e       0x1c kernel/libkernel.a(sched.c.obj)
                0x000000000000800e                _unpend_first_thread
 .text._unpend_thread
                0x000000000000802a       0x14 kernel/libkernel.a(sched.c.obj)
                0x000000000000802a                _unpend_thread
 *fill*         0x000000000000803e        0x2 
 .text._reschedule
                0x0000000000008040       0x30 kernel/libkernel.a(sched.c.obj)
                0x0000000000008040                _reschedule
 .text.k_sched_unlock
                0x0000000000008070       0x34 kernel/libkernel.a(sched.c.obj)
                0x0000000000008070                k_sched_unlock
 .text._priq_dumb_add
                0x00000000000080a4       0x40 kernel/libkernel.a(sched.c.obj)
                0x00000000000080a4                _priq_dumb_add
 .text._add_thread_to_ready_q
                0x00000000000080e4       0x2c kernel/libkernel.a(sched.c.obj)
                0x00000000000080e4                _add_thread_to_ready_q
 .text._ready_thread
                0x0000000000008110       0x12 kernel/libkernel.a(sched.c.obj)
 .text.z_thread_timeout
                0x0000000000008122       0x2a kernel/libkernel.a(sched.c.obj)
                0x0000000000008122                z_thread_timeout
 .text._move_thread_to_end_of_prio_q
                0x000000000000814c       0x3c kernel/libkernel.a(sched.c.obj)
                0x000000000000814c                _move_thread_to_end_of_prio_q
 .text.z_time_slice
                0x0000000000008188       0x58 kernel/libkernel.a(sched.c.obj)
                0x0000000000008188                z_time_slice
 .text.pend     0x00000000000081e0       0x54 kernel/libkernel.a(sched.c.obj)
 .text._pend_current_thread
                0x0000000000008234       0x1c kernel/libkernel.a(sched.c.obj)
                0x0000000000008234                _pend_current_thread
 .text._unpend_all
                0x0000000000008250       0x20 kernel/libkernel.a(sched.c.obj)
                0x0000000000008250                _unpend_all
 .text._sched_init
                0x0000000000008270       0x18 kernel/libkernel.a(sched.c.obj)
                0x0000000000008270                _sched_init
 .text._impl_k_yield
                0x0000000000008288       0x54 kernel/libkernel.a(sched.c.obj)
                0x0000000000008288                _impl_k_yield
 .text._impl_k_current_get
                0x00000000000082dc        0xc kernel/libkernel.a(sched.c.obj)
                0x00000000000082dc                _impl_k_current_get
 .text._impl_k_sem_init
                0x00000000000082e8       0x12 kernel/libkernel.a(sem.c.obj)
                0x00000000000082e8                _impl_k_sem_init
 .text._impl_k_sem_give
                0x00000000000082fa       0x4e kernel/libkernel.a(sem.c.obj)
                0x00000000000082fa                _impl_k_sem_give
 .text._impl_k_sem_take
                0x0000000000008348       0x38 kernel/libkernel.a(sem.c.obj)
                0x0000000000008348                _impl_k_sem_take
 .text.k_sys_work_q_init
                0x0000000000008380       0x30 kernel/libkernel.a(system_work_q.c.obj)
 .text.schedule_new_thread.part.8
                0x00000000000083b0       0x44 kernel/libkernel.a(thread.c.obj)
 .text._ready_thread
                0x00000000000083f4       0x12 kernel/libkernel.a(thread.c.obj)
 *fill*         0x0000000000008406        0x2 
 .text.k_is_in_isr
                0x0000000000008408       0x20 kernel/libkernel.a(thread.c.obj)
                0x0000000000008408                k_is_in_isr
 .text._is_thread_essential
                0x0000000000008428       0x10 kernel/libkernel.a(thread.c.obj)
                0x0000000000008428                _is_thread_essential
 .text._impl_k_thread_name_set
                0x0000000000008438        0x2 kernel/libkernel.a(thread.c.obj)
                0x0000000000008438                _impl_k_thread_name_set
 .text._impl_k_thread_start
                0x000000000000843a       0x2e kernel/libkernel.a(thread.c.obj)
                0x000000000000843a                _impl_k_thread_start
 .text._setup_new_thread
                0x0000000000008468       0x34 kernel/libkernel.a(thread.c.obj)
                0x0000000000008468                _setup_new_thread
 .text._impl_k_thread_create
                0x000000000000849c       0x40 kernel/libkernel.a(thread.c.obj)
                0x000000000000849c                _impl_k_thread_create
 .text._k_thread_single_abort
                0x00000000000084dc       0x40 kernel/libkernel.a(thread.c.obj)
                0x00000000000084dc                _k_thread_single_abort
 .text._init_static_threads
                0x000000000000851c       0x98 kernel/libkernel.a(thread.c.obj)
                0x000000000000851c                _init_static_threads
 .text._init_thread_base
                0x00000000000085b4       0x12 kernel/libkernel.a(thread.c.obj)
                0x00000000000085b4                _init_thread_base
 *fill*         0x00000000000085c6        0x2 
 .text.k_work_q_start
                0x00000000000085c8       0x48 kernel/libkernel.a(work_q.c.obj)
                0x00000000000085c8                k_work_q_start
 .text.elapsed  0x0000000000008610       0x14 kernel/libkernel.a(timeout.c.obj)
 .text.k_spin_lock.isra.1
                0x0000000000008624        0xe kernel/libkernel.a(timeout.c.obj)
 *fill*         0x0000000000008632        0x2 
 .text.remove_timeout
                0x0000000000008634       0x38 kernel/libkernel.a(timeout.c.obj)
 .text._abort_timeout
                0x000000000000866c       0x1e kernel/libkernel.a(timeout.c.obj)
                0x000000000000866c                _abort_timeout
 *fill*         0x000000000000868a        0x2 
 .text._get_next_timeout_expiry
                0x000000000000868c       0x5c kernel/libkernel.a(timeout.c.obj)
                0x000000000000868c                _get_next_timeout_expiry
 .text._add_timeout
                0x00000000000086e8       0x78 kernel/libkernel.a(timeout.c.obj)
                0x00000000000086e8                _add_timeout
 .text.z_set_timeout_expiry
                0x0000000000008760       0x2a kernel/libkernel.a(timeout.c.obj)
                0x0000000000008760                z_set_timeout_expiry
 *fill*         0x000000000000878a        0x2 
 .text.z_clock_announce
                0x000000000000878c       0x94 kernel/libkernel.a(timeout.c.obj)
                0x000000000000878c                z_clock_announce
 .text.z_tick_get
                0x0000000000008820       0x2c kernel/libkernel.a(timeout.c.obj)
                0x0000000000008820                z_tick_get
 .text.z_tick_get_32
                0x000000000000884c        0x8 kernel/libkernel.a(timeout.c.obj)
                0x000000000000884c                z_tick_get_32
 .text._impl_k_uptime_get_32
                0x0000000000008854       0x18 kernel/libkernel.a(timeout.c.obj)
                0x0000000000008854                _impl_k_uptime_get_32
 .text._impl_k_uptime_get
                0x000000000000886c       0x20 kernel/libkernel.a(timeout.c.obj)
                0x000000000000886c                _impl_k_uptime_get
 .text.clear_event_registrations
                0x000000000000888c       0x44 kernel/libkernel.a(poll.c.obj)
 .text.signal_poll_event
                0x00000000000088d0       0x5a kernel/libkernel.a(poll.c.obj)
 .text.add_event
                0x000000000000892a       0x5e kernel/libkernel.a(poll.c.obj)
 .text.k_poll_event_init
                0x0000000000008988       0x2a kernel/libkernel.a(poll.c.obj)
                0x0000000000008988                k_poll_event_init
 *fill*         0x00000000000089b2        0x2 
 .text._impl_k_poll
                0x00000000000089b4      0x118 kernel/libkernel.a(poll.c.obj)
                0x00000000000089b4                _impl_k_poll
 .text._handle_obj_poll_events
                0x0000000000008acc       0x18 kernel/libkernel.a(poll.c.obj)
                0x0000000000008acc                _handle_obj_poll_events
 .text._OffsetAbsSyms
                0x0000000000008ae4        0x2 CMakeFiles/offsets.dir/arch/arm/core/offsets/offsets.c.obj
                0x0000000000008ae4                _OffsetAbsSyms
 *(.gnu.linkonce.t.*)
 *(.glue_7t)
 .glue_7t       0x0000000000008ae6        0x0 linker stubs
 *(.glue_7)
 .glue_7        0x0000000000008ae6        0x0 linker stubs
 *(.vfp11_veneer)
 .vfp11_veneer  0x0000000000008ae6        0x0 linker stubs
 *(.v4_bx)
 .v4_bx         0x0000000000008ae6        0x0 linker stubs
                0x0000000000008ae6                _image_text_end = .

.ARM.exidx      0x0000000000008ae8        0x8
                0x0000000000008ae8                __exidx_start = .
 *(.ARM.exidx* gnu.linkonce.armexidx.*)
 .ARM.exidx     0x0000000000008ae8        0x8 /opt/zephyr-sdk/sysroots/armv5-zephyr-eabi/usr/lib/arm-zephyr-eabi/6.2.0/armv7e-m/libgcc.a(_udivmoddi4.o)
                0x0000000000008af0                __exidx_end = .
                0x0000000000008af0                _image_rodata_start = .

sw_isr_table    0x0000000000008af0      0x138
 *(.gnu.linkonce.sw_isr_table)
 .gnu.linkonce.sw_isr_table
                0x0000000000008af0      0x138 CMakeFiles/kernel_elf.dir/isr_tables.c.obj
                0x0000000000008af0                _sw_isr_table

devconfig       0x0000000000008c28       0x9c
                0x0000000000008c28                __devconfig_start = .
 *(.devconfig.*)
 .devconfig.init
                0x0000000000008c28        0xc libzephyr.a(soc.c.obj)
 .devconfig.init
                0x0000000000008c34        0xc libzephyr.a(uart_console.c.obj)
 .devconfig.init
                0x0000000000008c40       0x18 libzephyr.a(nrf5_power_clock.c.obj)
 .devconfig.init
                0x0000000000008c58        0xc libzephyr.a(sys_clock_init.c.obj)
 .devconfig.init
                0x0000000000008c64        0xc arch/arm/core/cortex_m/mpu/libarch__arm__core__cortex_m__mpu.a(arm_mpu.c.obj)
 .devconfig.init
                0x0000000000008c70        0xc subsys/bluetooth/controller/libsubsys__bluetooth__controller.a(hci_driver.c.obj)
 .devconfig.init
                0x0000000000008c7c        0xc drivers/gpio/libdrivers__gpio.a(gpio_nrfx.c.obj)
 .devconfig.init
                0x0000000000008c88        0xc drivers/pwm/libdrivers__pwm.a(pwm_nrf5_sw.c.obj)
 .devconfig.init
                0x0000000000008c94        0xc drivers/serial/libdrivers__serial.a(uart_nrfx_uart.c.obj)
 .devconfig.init
                0x0000000000008ca0        0xc drivers/entropy/libdrivers__entropy.a(entropy_nrf5.c.obj)
 .devconfig.init
                0x0000000000008cac        0xc kernel/libkernel.a(mempool.c.obj)
 .devconfig.init
                0x0000000000008cb8        0xc kernel/libkernel.a(system_work_q.c.obj)
 *(SORT(.devconfig*))
                0x0000000000008cc4                __devconfig_end = .

net_l2          0x0000000000008cc4        0x0
                0x0000000000008cc4                __net_l2_start = .
 *(.net_l2.init)
 *(SORT(.net_l2.init*))
                0x0000000000008cc4                __net_l2_end = .

log_const_sections
                0x0000000000008cc4        0x0
                0x0000000000008cc4                __log_const_start = .
 *(SORT(.log_const_*))
                0x0000000000008cc4                __log_const_end = .

log_backends_sections
                0x0000000000008cc4        0x0
                0x0000000000008cc4                __log_backends_start = .
 *(.log_backends)
                0x0000000000008cc4                __log_backends_end = .

shell_root_cmds_sections
                0x0000000000008cc4        0x0
                0x0000000000008cc4                __shell_root_cmds_start = .
 *(SORT(.shell_root_cmd_*))
                0x0000000000008cc4                __shell_root_cmds_end = .

font_entry_sections
                0x0000000000008cc4        0x0
                0x0000000000008cc4                __font_entry_start = .
 *(SORT(.font_entry.*))
                0x0000000000008cc4                __font_entry_end = .

rodata          0x0000000000008cc4      0x6b8
 *(.rodata)
 .rodata        0x0000000000008cc4        0x6 subsys/bluetooth/host/libsubsys__bluetooth__host.a(hci_core.c.obj)
 *(.rodata.*)
 .rodata.leds_pwm_init_device.str1.1
                0x0000000000008cca       0x11 ../app/libapp.a(leds_pwm.c.obj)
 .rodata.leds_pwm_set_pulse.str1.1
                0x0000000000008cdb       0x13 ../app/libapp.a(leds_pwm.c.obj)
 .rodata.leds_init_device.str1.1
                0x0000000000008cee        0x7 ../app/libapp.a(leds.c.obj)
 .rodata.configure_board.str1.1
                0x0000000000008cf5       0x28 ../app/libapp.a(main.c.obj)
 .rodata.main.str1.1
                0x0000000000008d1d       0x51 ../app/libapp.a(main.c.obj)
 .rodata.str1.1
                0x0000000000008d6e       0x51 libzephyr.a(soc.c.obj)
                                          0x1 (size before relaxing)
 *fill*         0x0000000000008d6e        0x2 
 .rodata.mpu_config
                0x0000000000008d70        0x8 libzephyr.a(mpu_regions.c.obj)
                0x0000000000008d70                mpu_config
 .rodata.mpu_regions
                0x0000000000008d78       0x18 libzephyr.a(mpu_regions.c.obj)
 .rodata.str1.1
                0x0000000000008d90        0xf libzephyr.a(mpu_regions.c.obj)
 .rodata.sys_rand32_get.str1.1
                0x0000000000008d9f        0xa libzephyr.a(rand32_entropy_device.c.obj)
 .rodata.str1.1
                0x0000000000008da9        0x1 libzephyr.a(uart_console.c.obj)
 .rodata.uart_console_init.str1.1
                0x0000000000008da9        0x7 libzephyr.a(uart_console.c.obj)
 .rodata._k32src_clock_control_api
                0x0000000000008db0        0xc libzephyr.a(nrf5_power_clock.c.obj)
 .rodata._m16src_clock_control_api
                0x0000000000008dbc        0xc libzephyr.a(nrf5_power_clock.c.obj)
 .rodata.str1.1
                0x0000000000008dc8       0x16 libzephyr.a(nrf5_power_clock.c.obj)
 .rodata.str1.1
                0x0000000000008dde        0xa libzephyr.a(sys_clock_init.c.obj)
 .rodata.z_clock_driver_init.str1.1
                0x0000000000008de8        0xb libzephyr.a(nrf_rtc_timer.c.obj)
 .rodata._BusFault.isra.3.str1.1
                0x0000000000008de8       0x7c arch/arm/core/libarch__arm__core.a(fault.c.obj)
 .rodata._Fault.str1.1
                0x0000000000008e64       0xd3 arch/arm/core/libarch__arm__core.a(fault.c.obj)
 .rodata._MpuFault.isra.2.str1.1
                0x0000000000008f37       0xbd arch/arm/core/libarch__arm__core.a(fault.c.obj)
 .rodata._UsageFault.isra.5.str1.1
                0x0000000000008ff4       0xd4 arch/arm/core/libarch__arm__core.a(fault.c.obj)
 .rodata._NanoFatalErrorHandler.str1.1
                0x00000000000090c8       0xda arch/arm/core/libarch__arm__core.a(fatal.c.obj)
 .rodata._SysFatalErrorHandler.str1.1
                0x00000000000091a2       0x5a arch/arm/core/libarch__arm__core.a(sys_fatal_error_handler.c.obj)
 .rodata.str1.1
                0x00000000000091fc        0x1 arch/arm/core/cortex_m/mpu/libarch__arm__core__cortex_m__mpu.a(arm_mpu.c.obj)
 .rodata.net_buf_fixed_alloc_hci_cmd_pool
                0x00000000000091fc        0x8 subsys/bluetooth/host/libsubsys__bluetooth__host.a(hci_core.c.obj)
 .rodata.net_buf_fixed_alloc_hci_rx_pool
                0x0000000000009204        0x8 subsys/bluetooth/host/libsubsys__bluetooth__host.a(hci_core.c.obj)
 .rodata.net_buf_fixed_hci_cmd_pool
                0x000000000000920c        0x8 subsys/bluetooth/host/libsubsys__bluetooth__host.a(hci_core.c.obj)
 .rodata.net_buf_fixed_hci_rx_pool
                0x0000000000009214        0x8 subsys/bluetooth/host/libsubsys__bluetooth__host.a(hci_core.c.obj)
 .rodata.drv    0x000000000000921c       0x14 subsys/bluetooth/controller/libsubsys__bluetooth__controller.a(hci_driver.c.obj)
 .rodata.str1.1
                0x0000000000009230        0xb subsys/bluetooth/controller/libsubsys__bluetooth__controller.a(hci_driver.c.obj)
                                          0xc (size before relaxing)
 .rodata.hci_cmd_handle.str1.1
                0x000000000000923b       0x13 subsys/bluetooth/controller/libsubsys__bluetooth__controller.a(hci.c.obj)
 .rodata.hci_evt_encode.str1.1
                0x000000000000924e       0x4c subsys/bluetooth/controller/libsubsys__bluetooth__controller.a(hci.c.obj)
 .rodata.radio_adv_enable.str1.1
                0x000000000000929a        0xb subsys/bluetooth/controller/libsubsys__bluetooth__controller.a(ctrl.c.obj)
 .rodata.ll_init.str1.1
                0x000000000000929a       0x20 subsys/bluetooth/controller/libsubsys__bluetooth__controller.a(ll.c.obj)
 .rodata.caller_id_lut
                0x000000000000929a        0x4 subsys/bluetooth/controller/libsubsys__bluetooth__controller.a(ticker.c.obj)
 *fill*         0x000000000000929e        0x2 
 .rodata.net_buf_fixed_cb
                0x00000000000092a0        0xc subsys/net/libsubsys__net.a(buf.c.obj)
                0x00000000000092a0                net_buf_fixed_cb
 .rodata.gpio_nrfx_drv_api_funcs
                0x00000000000092ac       0x1c drivers/gpio/libdrivers__gpio.a(gpio_nrfx.c.obj)
 .rodata.gpio_nrfx_p0_cfg
                0x00000000000092c8        0x8 drivers/gpio/libdrivers__gpio.a(gpio_nrfx.c.obj)
 .rodata.str1.1
                0x00000000000092d0        0x7 drivers/gpio/libdrivers__gpio.a(gpio_nrfx.c.obj)
 .rodata.pwm_nrf5_sw_0_config
                0x00000000000092d0        0x8 drivers/pwm/libdrivers__pwm.a(pwm_nrf5_sw.c.obj)
 .rodata.pwm_nrf5_sw_drv_api_funcs
                0x00000000000092d8        0x8 drivers/pwm/libdrivers__pwm.a(pwm_nrf5_sw.c.obj)
 .rodata.str1.1
                0x00000000000092e0        0x6 drivers/pwm/libdrivers__pwm.a(pwm_nrf5_sw.c.obj)
 .rodata.str1.1
                0x00000000000092e0        0x7 drivers/serial/libdrivers__serial.a(uart_nrfx_uart.c.obj)
 .rodata.uart_nrfx_uart0_config
                0x00000000000092e0        0x1 drivers/serial/libdrivers__serial.a(uart_nrfx_uart.c.obj)
 *fill*         0x00000000000092e1        0x3 
 .rodata.uart_nrfx_uart_driver_api
                0x00000000000092e4       0x14 drivers/serial/libdrivers__serial.a(uart_nrfx_uart.c.obj)
 .rodata.entropy_nrf5_api_funcs
                0x00000000000092f8        0x8 drivers/entropy/libdrivers__entropy.a(entropy_nrf5.c.obj)
 .rodata.str1.1
                0x0000000000009300        0xa drivers/entropy/libdrivers__entropy.a(entropy_nrf5.c.obj)
 .rodata.config_levels.9132
                0x0000000000009300       0x14 kernel/libkernel.a(device.c.obj)
 .rodata._k_neg_eagain
                0x0000000000009314        0x4 kernel/libkernel.a(errno.c.obj)
                0x0000000000009314                _k_neg_eagain
 .rodata._Cstart.str1.1
                0x0000000000009318        0xa kernel/libkernel.a(init.c.obj)
 *fill*         0x0000000000009322        0x2 
 .rodata._idle_thread
                0x0000000000009324        0x4 kernel/libkernel.a(init.c.obj)
                0x0000000000009324                _idle_thread
 .rodata.bg_thread_main.str1.1
                0x0000000000009328       0x3f kernel/libkernel.a(init.c.obj)
 .rodata.str1.1
                0x0000000000009367        0x1 kernel/libkernel.a(mempool.c.obj)
 .rodata.k_sys_work_q_init.str1.1
                0x0000000000009367        0x9 kernel/libkernel.a(system_work_q.c.obj)
 .rodata.str1.1
                0x0000000000009370        0x1 kernel/libkernel.a(system_work_q.c.obj)
 .rodata.k_work_q_start.str1.1
                0x0000000000009370        0xa kernel/libkernel.a(work_q.c.obj)
 *(.gnu.linkonce.r.*)
                0x000000000000937c                . = ALIGN (0x4)
 *fill*         0x000000000000937a        0x2 
                0x000000000000937c                _image_rodata_end = .
                0x000000000000937c                _image_rom_end = .

.got            0x0000000020000000        0x0
 *(.got.plt)
 *(.igot.plt)
 .igot.plt      0x0000000020000000        0x0 CMakeFiles/kernel_elf.dir/isr_tables.c.obj
 *(.got)
 *(.igot)
                0x0000000020000000                . = 0x20000000
                0x0000000020000000                . = ALIGN (_region_min_align)
                0x0000000020000000                _image_ram_start = .

bss             0x0000000020000000      0xf18
                0x0000000020000000                . = ALIGN (0x4)
                0x0000000020000000                __bss_start = .
                0x0000000020000000                __kernel_ram_start = .
 *(.bss)
 *(.bss.*)
 .bss.leds_device_3
                0x0000000020000000        0xc ../app/libapp.a(main.c.obj)
                0x0000000020000000                leds_device_3
 .bss.leds_device_4
                0x000000002000000c        0xc ../app/libapp.a(main.c.obj)
                0x000000002000000c                leds_device_4
 .bss.pwm_device_1
                0x0000000020000018        0xc ../app/libapp.a(main.c.obj)
                0x0000000020000018                pwm_device_1
 .bss.pwm_device_2
                0x0000000020000024        0xc ../app/libapp.a(main.c.obj)
                0x0000000020000024                pwm_device_2
 .bss.entropy_driver
                0x0000000020000030        0x4 libzephyr.a(rand32_entropy_device.c.obj)
 .bss.uart_console_dev
                0x0000000020000034        0x4 libzephyr.a(uart_console.c.obj)
 .bss.k32src_initialized
                0x0000000020000038        0x1 libzephyr.a(nrf5_power_clock.c.obj)
 .bss.m16src_grd
                0x0000000020000039        0x1 libzephyr.a(nrf5_power_clock.c.obj)
 .bss.m16src_ref
                0x000000002000003a        0x1 libzephyr.a(nrf5_power_clock.c.obj)
 *fill*         0x000000002000003b        0x1 
 .bss.last_count
                0x000000002000003c        0x4 libzephyr.a(nrf_rtc_timer.c.obj)
 .bss.cmd_data  0x0000000020000040       0x10 subsys/bluetooth/host/libsubsys__bluetooth__host.a(hci_core.c.obj)
 .bss.ready_cb  0x0000000020000050        0x4 subsys/bluetooth/host/libsubsys__bluetooth__host.a(hci_core.c.obj)
 .bss.mfl       0x0000000020000054       0x80 subsys/bluetooth/controller/libsubsys__bluetooth__controller.a(mayfly.c.obj)
 .bss.mfp       0x00000000200000d4        0x4 subsys/bluetooth/controller/libsubsys__bluetooth__controller.a(mayfly.c.obj)
 .bss.mft       0x00000000200000d8       0xc0 subsys/bluetooth/controller/libsubsys__bluetooth__controller.a(mayfly.c.obj)
 .bss._instance
                0x0000000020000198       0x2c subsys/bluetooth/controller/libsubsys__bluetooth__controller.a(ticker.c.obj)
 .bss.pub_addr  0x00000000200001c4        0x6 subsys/bluetooth/controller/libsubsys__bluetooth__controller.a(ll_addr.c.obj)
 .bss.rnd_addr  0x00000000200001ca        0x6 subsys/bluetooth/controller/libsubsys__bluetooth__controller.a(ll_addr.c.obj)
 .bss.prio_recv_thread_data
                0x00000000200001d0       0x6c subsys/bluetooth/controller/libsubsys__bluetooth__controller.a(hci_driver.c.obj)
                0x00000000200001d0                prio_recv_thread_data
 .bss.recv_thread_data
                0x000000002000023c       0x6c subsys/bluetooth/controller/libsubsys__bluetooth__controller.a(hci_driver.c.obj)
                0x000000002000023c                recv_thread_data
 .bss._opcode   0x00000000200002a8        0x2 subsys/bluetooth/controller/libsubsys__bluetooth__controller.a(hci.c.obj)
 *fill*         0x00000000200002aa        0x2 
 .bss._radio    0x00000000200002ac      0x184 subsys/bluetooth/controller/libsubsys__bluetooth__controller.a(ctrl.c.obj)
 .bss.done.12377
                0x0000000020000430        0x1 subsys/bluetooth/controller/libsubsys__bluetooth__controller.a(ctrl.c.obj)
 *fill*         0x0000000020000431        0x3 
 .bss.link_inact.12746
                0x0000000020000434        0x8 subsys/bluetooth/controller/libsubsys__bluetooth__controller.a(ctrl.c.obj)
 .bss.link_radio.12765
                0x000000002000043c        0x8 subsys/bluetooth/controller/libsubsys__bluetooth__controller.a(ctrl.c.obj)
 .bss.link_xtal.12752
                0x0000000020000444        0x8 subsys/bluetooth/controller/libsubsys__bluetooth__controller.a(ctrl.c.obj)
 .bss.s_active.12329
                0x000000002000044c        0x1 subsys/bluetooth/controller/libsubsys__bluetooth__controller.a(ctrl.c.obj)
 *fill*         0x000000002000044d        0x3 
 .bss.s_link.12338
                0x0000000020000450        0x8 subsys/bluetooth/controller/libsubsys__bluetooth__controller.a(ctrl.c.obj)
 .bss.s_link.12352
                0x0000000020000458        0x8 subsys/bluetooth/controller/libsubsys__bluetooth__controller.a(ctrl.c.obj)
 .bss.s_link.12366
                0x0000000020000460        0x8 subsys/bluetooth/controller/libsubsys__bluetooth__controller.a(ctrl.c.obj)
 .bss.s_link.12389
                0x0000000020000468        0x8 subsys/bluetooth/controller/libsubsys__bluetooth__controller.a(ctrl.c.obj)
 .bss.s_link.12395
                0x0000000020000470       0x10 subsys/bluetooth/controller/libsubsys__bluetooth__controller.a(ctrl.c.obj)
 .bss.s_link.12518
                0x0000000020000480        0x8 subsys/bluetooth/controller/libsubsys__bluetooth__controller.a(ctrl.c.obj)
 .bss.s_link.12545
                0x0000000020000488        0x8 subsys/bluetooth/controller/libsubsys__bluetooth__controller.a(ctrl.c.obj)
 .bss.s_xtal_retained.12388
                0x0000000020000490        0x1 subsys/bluetooth/controller/libsubsys__bluetooth__controller.a(ctrl.c.obj)
 *fill*         0x0000000020000491        0x3 
 .bss._radio    0x0000000020000494      0x224 subsys/bluetooth/controller/libsubsys__bluetooth__controller.a(ll.c.obj)
 .bss._ticker_nodes
                0x00000000200006b8      0x118 subsys/bluetooth/controller/libsubsys__bluetooth__controller.a(ll.c.obj)
 .bss._ticker_user_ops
                0x00000000200007d0      0x270 subsys/bluetooth/controller/libsubsys__bluetooth__controller.a(ll.c.obj)
 .bss._ticker_users
                0x0000000020000a40       0x20 subsys/bluetooth/controller/libsubsys__bluetooth__controller.a(ll.c.obj)
 .bss.sem_recv  0x0000000020000a60        0x4 subsys/bluetooth/controller/libsubsys__bluetooth__controller.a(ll.c.obj)
 .bss.ll_adv    0x0000000020000a64        0x8 subsys/bluetooth/controller/libsubsys__bluetooth__controller.a(ll_adv.c.obj)
 .bss.wl_anon   0x0000000020000a6c        0x1 subsys/bluetooth/controller/libsubsys__bluetooth__controller.a(ll_filter.c.obj)
                0x0000000020000a6c                wl_anon
 .bss.wl_filter
                0x0000000020000a6d       0x32 subsys/bluetooth/controller/libsubsys__bluetooth__controller.a(ll_filter.c.obj)
 .bss._refcount
                0x0000000020000a9f        0x1 subsys/bluetooth/controller/libsubsys__bluetooth__controller.a(cntr.c.obj)
 .bss._ccm_scratch
                0x0000000020000aa0      0x10b subsys/bluetooth/controller/libsubsys__bluetooth__controller.a(radio.c.obj)
 *fill*         0x0000000020000bab        0x1 
 .bss._pkt_scratch
                0x0000000020000bac      0x102 subsys/bluetooth/controller/libsubsys__bluetooth__controller.a(radio.c.obj)
 *fill*         0x0000000020000cae        0x2 
 .bss.isr_cb    0x0000000020000cb0        0x4 subsys/bluetooth/controller/libsubsys__bluetooth__controller.a(radio.c.obj)
 .bss.isr_cb_param
                0x0000000020000cb4        0x4 subsys/bluetooth/controller/libsubsys__bluetooth__controller.a(radio.c.obj)
 .bss.sw_tifs_toggle
                0x0000000020000cb8        0x1 subsys/bluetooth/controller/libsubsys__bluetooth__controller.a(radio.c.obj)
 *fill*         0x0000000020000cb9        0x3 
 .bss.link.10653
                0x0000000020000cbc        0x8 subsys/bluetooth/controller/libsubsys__bluetooth__controller.a(ticker.c.obj)
 .bss.link.10662
                0x0000000020000cc4        0x8 subsys/bluetooth/controller/libsubsys__bluetooth__controller.a(ticker.c.obj)
 .bss.link.10669
                0x0000000020000ccc        0x8 subsys/bluetooth/controller/libsubsys__bluetooth__controller.a(ticker.c.obj)
 .bss.link.10673